Archive member included to satisfy reference by file (symbol)

c:/st/stm32cubeide_1.7.0/stm32cubeide/plugins/com.st.stm32cube.ide.mcu.externaltools.gnu-tools-for-stm32.9-2020-q2-update.win32_2.0.0.202105311346/tools/bin/../lib/gcc/arm-none-eabi/9.3.1/../../../../arm-none-eabi/lib/thumb/v7e-m+fp/hard\libc_nano.a(lib_a-errno.o)
                              ./Core/Src/syscalls.o (__errno)
c:/st/stm32cubeide_1.7.0/stm32cubeide/plugins/com.st.stm32cube.ide.mcu.externaltools.gnu-tools-for-stm32.9-2020-q2-update.win32_2.0.0.202105311346/tools/bin/../lib/gcc/arm-none-eabi/9.3.1/../../../../arm-none-eabi/lib/thumb/v7e-m+fp/hard\libc_nano.a(lib_a-exit.o)
                              c:/st/stm32cubeide_1.7.0/stm32cubeide/plugins/com.st.stm32cube.ide.mcu.externaltools.gnu-tools-for-stm32.9-2020-q2-update.win32_2.0.0.202105311346/tools/bin/../lib/gcc/arm-none-eabi/9.3.1/../../../../arm-none-eabi/lib/thumb/v7e-m+fp/hard/crt0.o (exit)
c:/st/stm32cubeide_1.7.0/stm32cubeide/plugins/com.st.stm32cube.ide.mcu.externaltools.gnu-tools-for-stm32.9-2020-q2-update.win32_2.0.0.202105311346/tools/bin/../lib/gcc/arm-none-eabi/9.3.1/../../../../arm-none-eabi/lib/thumb/v7e-m+fp/hard\libc_nano.a(lib_a-impure.o)
                              c:/st/stm32cubeide_1.7.0/stm32cubeide/plugins/com.st.stm32cube.ide.mcu.externaltools.gnu-tools-for-stm32.9-2020-q2-update.win32_2.0.0.202105311346/tools/bin/../lib/gcc/arm-none-eabi/9.3.1/../../../../arm-none-eabi/lib/thumb/v7e-m+fp/hard\libc_nano.a(lib_a-exit.o) (_global_impure_ptr)
c:/st/stm32cubeide_1.7.0/stm32cubeide/plugins/com.st.stm32cube.ide.mcu.externaltools.gnu-tools-for-stm32.9-2020-q2-update.win32_2.0.0.202105311346/tools/bin/../lib/gcc/arm-none-eabi/9.3.1/../../../../arm-none-eabi/lib/thumb/v7e-m+fp/hard\libc_nano.a(lib_a-init.o)
                              c:/st/stm32cubeide_1.7.0/stm32cubeide/plugins/com.st.stm32cube.ide.mcu.externaltools.gnu-tools-for-stm32.9-2020-q2-update.win32_2.0.0.202105311346/tools/bin/../lib/gcc/arm-none-eabi/9.3.1/../../../../arm-none-eabi/lib/thumb/v7e-m+fp/hard/crt0.o (__libc_init_array)
c:/st/stm32cubeide_1.7.0/stm32cubeide/plugins/com.st.stm32cube.ide.mcu.externaltools.gnu-tools-for-stm32.9-2020-q2-update.win32_2.0.0.202105311346/tools/bin/../lib/gcc/arm-none-eabi/9.3.1/../../../../arm-none-eabi/lib/thumb/v7e-m+fp/hard\libc_nano.a(lib_a-memcpy-stub.o)
                              ./Middlewares/ST/BlueNRG-MS/hci/controller/bluenrg_gap_aci.o (memcpy)
c:/st/stm32cubeide_1.7.0/stm32cubeide/plugins/com.st.stm32cube.ide.mcu.externaltools.gnu-tools-for-stm32.9-2020-q2-update.win32_2.0.0.202105311346/tools/bin/../lib/gcc/arm-none-eabi/9.3.1/../../../../arm-none-eabi/lib/thumb/v7e-m+fp/hard\libc_nano.a(lib_a-memset.o)
                              c:/st/stm32cubeide_1.7.0/stm32cubeide/plugins/com.st.stm32cube.ide.mcu.externaltools.gnu-tools-for-stm32.9-2020-q2-update.win32_2.0.0.202105311346/tools/bin/../lib/gcc/arm-none-eabi/9.3.1/../../../../arm-none-eabi/lib/thumb/v7e-m+fp/hard/crt0.o (memset)
c:/st/stm32cubeide_1.7.0/stm32cubeide/plugins/com.st.stm32cube.ide.mcu.externaltools.gnu-tools-for-stm32.9-2020-q2-update.win32_2.0.0.202105311346/tools/bin/../lib/gcc/arm-none-eabi/9.3.1/../../../../arm-none-eabi/lib/thumb/v7e-m+fp/hard\libc_nano.a(lib_a-rand.o)
                              ./BlueNRG_MS/App/app_bluenrg_ms.o (srand)
c:/st/stm32cubeide_1.7.0/stm32cubeide/plugins/com.st.stm32cube.ide.mcu.externaltools.gnu-tools-for-stm32.9-2020-q2-update.win32_2.0.0.202105311346/tools/bin/../lib/gcc/arm-none-eabi/9.3.1/../../../../arm-none-eabi/lib/thumb/v7e-m+fp/hard\libc_nano.a(lib_a-strlen.o)
                              ./BlueNRG_MS/App/app_bluenrg_ms.o (strlen)
c:/st/stm32cubeide_1.7.0/stm32cubeide/plugins/com.st.stm32cube.ide.mcu.externaltools.gnu-tools-for-stm32.9-2020-q2-update.win32_2.0.0.202105311346/tools/bin/../lib/gcc/arm-none-eabi/9.3.1/../../../../arm-none-eabi/lib/thumb/v7e-m+fp/hard\libc_nano.a(lib_a-assert.o)
                              c:/st/stm32cubeide_1.7.0/stm32cubeide/plugins/com.st.stm32cube.ide.mcu.externaltools.gnu-tools-for-stm32.9-2020-q2-update.win32_2.0.0.202105311346/tools/bin/../lib/gcc/arm-none-eabi/9.3.1/../../../../arm-none-eabi/lib/thumb/v7e-m+fp/hard\libc_nano.a(lib_a-rand.o) (__assert_func)
c:/st/stm32cubeide_1.7.0/stm32cubeide/plugins/com.st.stm32cube.ide.mcu.externaltools.gnu-tools-for-stm32.9-2020-q2-update.win32_2.0.0.202105311346/tools/bin/../lib/gcc/arm-none-eabi/9.3.1/../../../../arm-none-eabi/lib/thumb/v7e-m+fp/hard\libc_nano.a(lib_a-fprintf.o)
                              c:/st/stm32cubeide_1.7.0/stm32cubeide/plugins/com.st.stm32cube.ide.mcu.externaltools.gnu-tools-for-stm32.9-2020-q2-update.win32_2.0.0.202105311346/tools/bin/../lib/gcc/arm-none-eabi/9.3.1/../../../../arm-none-eabi/lib/thumb/v7e-m+fp/hard\libc_nano.a(lib_a-assert.o) (fiprintf)
[...]
Memory Configuration

Name             Origin             Length             Attributes
RAM              0x0000000020000000 0x0000000000018000 xrw
RAM2             0x0000000010000000 0x0000000000008000 xrw
FLASH            0x0000000008000000 0x0000000000100000 xr
*default*        0x0000000000000000 0xffffffffffffffff

Linker script and memory map

LOAD c:/st/stm32cubeide_1.7.0/stm32cubeide/plugins/com.st.stm32cube.ide.mcu.externaltools.gnu-tools-for-stm32.9-2020-q2-update.win32_2.0.0.202105311346/tools/bin/../lib/gcc/arm-none-eabi/9.3.1/thumb/v7e-m+fp/hard/crti.o
LOAD c:/st/stm32cubeide_1.7.0/stm32cubeide/plugins/com.st.stm32cube.ide.mcu.externaltools.gnu-tools-for-stm32.9-2020-q2-update.win32_2.0.0.202105311346/tools/bin/../lib/gcc/arm-none-eabi/9.3.1/thumb/v7e-m+fp/hard/crtbegin.o
LOAD c:/st/stm32cubeide_1.7.0/stm32cubeide/plugins/com.st.stm32cube.ide.mcu.externaltools.gnu-tools-for-stm32.9-2020-q2-update.win32_2.0.0.202105311346/tools/bin/../lib/gcc/arm-none-eabi/9.3.1/../../../../arm-none-eabi/lib/thumb/v7e-m+fp/hard/crt0.o
LOAD ./BlueNRG_MS/App/app_bluenrg_ms.o
LOAD ./BlueNRG_MS/App/gatt_db.o
LOAD ./BlueNRG_MS/App/sensor.o
LOAD ./BlueNRG_MS/Target/hci_tl_interface.o
LOAD ./Core/Src/main.o
LOAD ./Core/Src/stm32l4xx_hal_msp.o
LOAD ./Core/Src/stm32l4xx_it.o
LOAD ./Core/Src/syscalls.o
LOAD ./Core/Src/sysmem.o
LOAD ./Core/Src/system_stm32l4xx.o
LOAD ./Core/Startup/startup_stm32l475vgtx.o
LOAD ./Drivers/BSP/B-L475E-IOT01/stm32l475e_iot01.o
LOAD ./Drivers/BSP/B-L475E-IOT01/stm32l475e_iot01_hsensor.o
LOAD ./Drivers/BSP/B-L475E-IOT01/stm32l475e_iot01_psensor.o
LOAD ./Drivers/BSP/B-L475E-IOT01/stm32l475e_iot01_tsensor.o
LOAD ./Drivers/BSP/B-L475E-IOT01A1/b_l475e_iot01a1.o
LOAD ./Drivers/BSP/B-L475E-IOT01A1/b_l475e_iot01a1_bus.o
LOAD ./Drivers/BSP/Components/hts221/hts221.o
LOAD ./Drivers/BSP/Components/lps22hb/lps22hb.o
LOAD ./Drivers/STM32L4xx_HAL_Driver/Src/stm32l4xx_hal.o
LOAD ./Drivers/STM32L4xx_HAL_Driver/Src/stm32l4xx_hal_cortex.o
LOAD ./Drivers/STM32L4xx_HAL_Driver/Src/stm32l4xx_hal_dma.o
LOAD ./Drivers/STM32L4xx_HAL_Driver/Src/stm32l4xx_hal_dma_ex.o
LOAD ./Drivers/STM32L4xx_HAL_Driver/Src/stm32l4xx_hal_exti.o
LOAD ./Drivers/STM32L4xx_HAL_Driver/Src/stm32l4xx_hal_flash.o
LOAD ./Drivers/STM32L4xx_HAL_Driver/Src/stm32l4xx_hal_flash_ex.o
LOAD ./Drivers/STM32L4xx_HAL_Driver/Src/stm32l4xx_hal_flash_ramfunc.o
LOAD ./Drivers/STM32L4xx_HAL_Driver/Src/stm32l4xx_hal_gpio.o
LOAD ./Drivers/STM32L4xx_HAL_Driver/Src/stm32l4xx_hal_i2c.o
LOAD ./Drivers/STM32L4xx_HAL_Driver/Src/stm32l4xx_hal_i2c_ex.o
LOAD ./Drivers/STM32L4xx_HAL_Driver/Src/stm32l4xx_hal_pwr.o
LOAD ./Drivers/STM32L4xx_HAL_Driver/Src/stm32l4xx_hal_pwr_ex.o
LOAD ./Drivers/STM32L4xx_HAL_Driver/Src/stm32l4xx_hal_rcc.o
LOAD ./Drivers/STM32L4xx_HAL_Driver/Src/stm32l4xx_hal_rcc_ex.o
LOAD ./Drivers/STM32L4xx_HAL_Driver/Src/stm32l4xx_hal_spi.o
LOAD ./Drivers/STM32L4xx_HAL_Driver/Src/stm32l4xx_hal_spi_ex.o
LOAD ./Drivers/STM32L4xx_HAL_Driver/Src/stm32l4xx_hal_tim.o
LOAD ./Drivers/STM32L4xx_HAL_Driver/Src/stm32l4xx_hal_tim_ex.o
LOAD ./Drivers/STM32L4xx_HAL_Driver/Src/stm32l4xx_hal_uart.o
LOAD ./Drivers/STM32L4xx_HAL_Driver/Src/stm32l4xx_hal_uart_ex.o
LOAD ./Middlewares/ST/BlueNRG-MS/hci/controller/bluenrg_gap_aci.o
LOAD ./Middlewares/ST/BlueNRG-MS/hci/controller/bluenrg_gatt_aci.o
LOAD ./Middlewares/ST/BlueNRG-MS/hci/controller/bluenrg_hal_aci.o
LOAD ./Middlewares/ST/BlueNRG-MS/hci/controller/bluenrg_l2cap_aci.o
LOAD ./Middlewares/ST/BlueNRG-MS/hci/controller/bluenrg_updater_aci.o
LOAD ./Middlewares/ST/BlueNRG-MS/hci/controller/bluenrg_utils_small.o
LOAD ./Middlewares/ST/BlueNRG-MS/hci/hci_le.o
LOAD ./Middlewares/ST/BlueNRG-MS/hci/hci_tl_patterns/Basic/hci_tl.o
LOAD ./Middlewares/ST/BlueNRG-MS/utils/ble_list.o
START GROUP
LOAD c:/st/stm32cubeide_1.7.0/stm32cubeide/plugins/com.st.stm32cube.ide.mcu.externaltools.gnu-tools-for-stm32.9-2020-q2-update.win32_2.0.0.202105311346/tools/bin/../lib/gcc/arm-none-eabi/9.3.1/../../../../arm-none-eabi/lib/thumb/v7e-m+fp/hard\libc_nano.a
LOAD c:/st/stm32cubeide_1.7.0/stm32cubeide/plugins/com.st.stm32cube.ide.mcu.externaltools.gnu-tools-for-stm32.9-2020-q2-update.win32_2.0.0.202105311346/tools/bin/../lib/gcc/arm-none-eabi/9.3.1/../../../../arm-none-eabi/lib/thumb/v7e-m+fp/hard\libm.a
END GROUP
START GROUP
LOAD c:/st/stm32cubeide_1.7.0/stm32cubeide/plugins/com.st.stm32cube.ide.mcu.externaltools.gnu-tools-for-stm32.9-2020-q2-update.win32_2.0.0.202105311346/tools/bin/../lib/gcc/arm-none-eabi/9.3.1/thumb/v7e-m+fp/hard\libgcc.a
LOAD c:/st/stm32cubeide_1.7.0/stm32cubeide/plugins/com.st.stm32cube.ide.mcu.externaltools.gnu-tools-for-stm32.9-2020-q2-update.win32_2.0.0.202105311346/tools/bin/../lib/gcc/arm-none-eabi/9.3.1/../../../../arm-none-eabi/lib/thumb/v7e-m+fp/hard\libc_nano.a
END GROUP
START GROUP
LOAD c:/st/stm32cubeide_1.7.0/stm32cubeide/plugins/com.st.stm32cube.ide.mcu.externaltools.gnu-tools-for-stm32.9-2020-q2-update.win32_2.0.0.202105311346/tools/bin/../lib/gcc/arm-none-eabi/9.3.1/thumb/v7e-m+fp/hard\libgcc.a
LOAD c:/st/stm32cubeide_1.7.0/stm32cubeide/plugins/com.st.stm32cube.ide.mcu.externaltools.gnu-tools-for-stm32.9-2020-q2-update.win32_2.0.0.202105311346/tools/bin/../lib/gcc/arm-none-eabi/9.3.1/../../../../arm-none-eabi/lib/thumb/v7e-m+fp/hard\libc_nano.a
LOAD c:/st/stm32cubeide_1.7.0/stm32cubeide/plugins/com.st.stm32cube.ide.mcu.externaltools.gnu-tools-for-stm32.9-2020-q2-update.win32_2.0.0.202105311346/tools/bin/../lib/gcc/arm-none-eabi/9.3.1/../../../../arm-none-eabi/lib/thumb/v7e-m+fp/hard\libnosys.a
END GROUP
START GROUP
LOAD c:/st/stm32cubeide_1.7.0/stm32cubeide/plugins/com.st.stm32cube.ide.mcu.externaltools.gnu-tools-for-stm32.9-2020-q2-update.win32_2.0.0.202105311346/tools/bin/../lib/gcc/arm-none-eabi/9.3.1/thumb/v7e-m+fp/hard\libgcc.a
LOAD c:/st/stm32cubeide_1.7.0/stm32cubeide/plugins/com.st.stm32cube.ide.mcu.externaltools.gnu-tools-for-stm32.9-2020-q2-update.win32_2.0.0.202105311346/tools/bin/../lib/gcc/arm-none-eabi/9.3.1/../../../../arm-none-eabi/lib/thumb/v7e-m+fp/hard\libc_nano.a
LOAD c:/st/stm32cubeide_1.7.0/stm32cubeide/plugins/com.st.stm32cube.ide.mcu.externaltools.gnu-tools-for-stm32.9-2020-q2-update.win32_2.0.0.202105311346/tools/bin/../lib/gcc/arm-none-eabi/9.3.1/../../../../arm-none-eabi/lib/thumb/v7e-m+fp/hard\libnosys.a
END GROUP
LOAD c:/st/stm32cubeide_1.7.0/stm32cubeide/plugins/com.st.stm32cube.ide.mcu.externaltools.gnu-tools-for-stm32.9-2020-q2-update.win32_2.0.0.202105311346/tools/bin/../lib/gcc/arm-none-eabi/9.3.1/thumb/v7e-m+fp/hard/crtend.o
LOAD c:/st/stm32cubeide_1.7.0/stm32cubeide/plugins/com.st.stm32cube.ide.mcu.externaltools.gnu-tools-for-stm32.9-2020-q2-update.win32_2.0.0.202105311346/tools/bin/../lib/gcc/arm-none-eabi/9.3.1/thumb/v7e-m+fp/hard/crtn.o
                0x0000000020018000                _estack = (ORIGIN (RAM) + LENGTH (RAM))
                0x0000000000000200                _Min_Heap_Size = 0x200
                0x0000000000000400                _Min_Stack_Size = 0x400

.isr_vector     0x0000000008000000      0x188
                0x0000000008000000                . = ALIGN (0x4)
 *(.isr_vector)
 .isr_vector    0x0000000008000000      0x188 ./Core/Startup/startup_stm32l475vgtx.o
                0x0000000008000000                g_pfnVectors
                0x0000000008000188                . = ALIGN (0x4)

.text           0x0000000008000190     0x8714
                0x0000000008000190                . = ALIGN (0x4)
 *(.text)
 .text          0x0000000008000190       0x40 c:/st/stm32cubeide_1.7.0/stm32cubeide/plugins/com.st.stm32cube.ide.mcu.externaltools.gnu-tools-for-stm32.9-2020-q2-update.win32_2.0.0.202105311346/tools/bin/../lib/gcc/arm-none-eabi/9.3.1/thumb/v7e-m+fp/hard/crtbegin.o
 .text          0x00000000080001d0       0x10 c:/st/stm32cubeide_1.7.0/stm32cubeide/plugins/com.st.stm32cube.ide.mcu.externaltools.gnu-tools-for-stm32.9-2020-q2-update.win32_2.0.0.202105311346/tools/bin/../lib/gcc/arm-none-eabi/9.3.1/../../../../arm-none-eabi/lib/thumb/v7e-m+fp/hard\libc_nano.a(lib_a-strlen.o)
                0x00000000080001d0                strlen
 .text          0x00000000080001e0       0xa0 c:/st/stm32cubeide_1.7.0/stm32cubeide/plugins/com.st.stm32cube.ide.mcu.externaltools.gnu-tools-for-stm32.9-2020-q2-update.win32_2.0.0.202105311346/tools/bin/../lib/gcc/arm-none-eabi/9.3.1/../../../../arm-none-eabi/lib/thumb/v7e-m+fp/hard\libc_nano.a(lib_a-memchr.o)
                0x00000000080001e0                memchr
 .text          0x0000000008000280      0x378 c:/st/stm32cubeide_1.7.0/stm32cubeide/plugins/com.st.stm32cube.ide.mcu.externaltools.gnu-tools-for-stm32.9-2020-q2-update.win32_2.0.0.202105311346/tools/bin/../lib/gcc/arm-none-eabi/9.3.1/thumb/v7e-m+fp/hard\libgcc.a(_arm_addsubdf3.o)
                0x0000000008000280                __aeabi_drsub
                0x0000000008000288                __aeabi_dsub
                0x0000000008000288                __subdf3
                0x000000000800028c                __aeabi_dadd
                0x000000000800028c                __adddf3
                0x0000000008000504                __floatunsidf
                0x0000000008000504                __aeabi_ui2d
                0x0000000008000524                __floatsidf
                0x0000000008000524                __aeabi_i2d
                0x0000000008000548                __aeabi_f2d
                0x0000000008000548                __extendsfdf2
                0x000000000800058c                __floatundidf
                0x000000000800058c                __aeabi_ul2d
                0x000000000800059c                __floatdidf
                0x000000000800059c                __aeabi_l2d
 .text          0x00000000080005f8       0x50 c:/st/stm32cubeide_1.7.0/stm32cubeide/plugins/com.st.stm32cube.ide.mcu.externaltools.gnu-tools-for-stm32.9-2020-q2-update.win32_2.0.0.202105311346/tools/bin/../lib/gcc/arm-none-eabi/9.3.1/thumb/v7e-m+fp/hard\libgcc.a(_arm_fixdfsi.o)
                0x00000000080005f8                __aeabi_d2iz
                0x00000000080005f8                __fixdfsi
 .text          0x0000000008000648       0xa0 c:/st/stm32cubeide_1.7.0/stm32cubeide/plugins/com.st.stm32cube.ide.mcu.externaltools.gnu-tools-for-stm32.9-2020-q2-update.win32_2.0.0.202105311346/tools/bin/../lib/gcc/arm-none-eabi/9.3.1/thumb/v7e-m+fp/hard\libgcc.a(_arm_truncdfsf2.o)
                0x0000000008000648                __truncdfsf2
                0x0000000008000648                __aeabi_d2f
 .text          0x00000000080006e8       0x30 c:/st/stm32cubeide_1.7.0/stm32cubeide/plugins/com.st.stm32cube.ide.mcu.externaltools.gnu-tools-for-stm32.9-2020-q2-update.win32_2.0.0.202105311346/tools/bin/../lib/gcc/arm-none-eabi/9.3.1/thumb/v7e-m+fp/hard\libgcc.a(_aeabi_uldivmod.o)
                0x00000000080006e8                __aeabi_uldivmod
 .text          0x0000000008000718      0x2c4 c:/st/stm32cubeide_1.7.0/stm32cubeide/plugins/com.st.stm32cube.ide.mcu.externaltools.gnu-tools-for-stm32.9-2020-q2-update.win32_2.0.0.202105311346/tools/bin/../lib/gcc/arm-none-eabi/9.3.1/thumb/v7e-m+fp/hard\libgcc.a(_udivmoddi4.o)
                0x0000000008000718                __udivmoddi4
 .text          0x00000000080009dc        0x4 c:/st/stm32cubeide_1.7.0/stm32cubeide/plugins/com.st.stm32cube.ide.mcu.externaltools.gnu-tools-for-stm32.9-2020-q2-update.win32_2.0.0.202105311346/tools/bin/../lib/gcc/arm-none-eabi/9.3.1/thumb/v7e-m+fp/hard\libgcc.a(_dvmd_tls.o)
                0x00000000080009dc                __aeabi_idiv0
                0x00000000080009dc                __aeabi_ldiv0
 *(.text*)
 .text.MX_BlueNRG_MS_Init
                0x00000000080009e0      0x138 ./BlueNRG_MS/App/app_bluenrg_ms.o
                0x00000000080009e0                MX_BlueNRG_MS_Init
 .text.MX_BlueNRG_MS_Process
                0x0000000008000b18       0x10 ./BlueNRG_MS/App/app_bluenrg_ms.o
                0x0000000008000b18                MX_BlueNRG_MS_Process
 .text.User_Process
                0x0000000008000b28       0xd0 ./BlueNRG_MS/App/app_bluenrg_ms.o
 .text.Set_Random_Environmental_Values
                0x0000000008000bf8      0x114 ./BlueNRG_MS/App/app_bluenrg_ms.o
 .text.Set_Random_Motion_Values
                0x0000000008000d0c      0xc38 ./BlueNRG_MS/App/app_bluenrg_ms.o
 .text.Reset_Motion_Values
                0x0000000008001944      0x1d4 ./BlueNRG_MS/App/app_bluenrg_ms.o
 .text.Add_HWServW2ST_Service
                0x0000000008001b18      0x1b0 ./BlueNRG_MS/App/gatt_db.o
                0x0000000008001b18                Add_HWServW2ST_Service
 .text.Add_SWServW2ST_Service
                0x0000000008001cc8      0x128 ./BlueNRG_MS/App/gatt_db.o
                0x0000000008001cc8                Add_SWServW2ST_Service
 .text.Acc_Update
                0x0000000008001df0      0x114 ./BlueNRG_MS/App/gatt_db.o
                0x0000000008001df0                Acc_Update
 .text.Quat_Update
                0x0000000008001f04       0x8c ./BlueNRG_MS/App/gatt_db.o
                0x0000000008001f04                Quat_Update
 .text.Read_Request_CB
                0x0000000008001f90      0x180 ./BlueNRG_MS/App/gatt_db.o
                0x0000000008001f90                Read_Request_CB
 .text.BlueMS_Environmental_Update
                0x0000000008002110       0x8c ./BlueNRG_MS/App/gatt_db.o
                0x0000000008002110                BlueMS_Environmental_Update
 .text.Set_DeviceConnectable
                0x000000000800219c       0xe8 ./BlueNRG_MS/App/sensor.o
                0x000000000800219c                Set_DeviceConnectable
 .text.user_notify
                0x0000000008002284       0x9e ./BlueNRG_MS/App/sensor.o
                0x0000000008002284                user_notify
 *fill*         0x0000000008002322        0x2 
 .text.GAP_DisconnectionComplete_CB
                0x0000000008002324       0x2c ./BlueNRG_MS/App/sensor.o
                0x0000000008002324                GAP_DisconnectionComplete_CB
 .text.GAP_ConnectionComplete_CB
                0x0000000008002350       0x40 ./BlueNRG_MS/App/sensor.o
                0x0000000008002350                GAP_ConnectionComplete_CB
 .text.HCI_TL_SPI_Init
                0x0000000008002390       0x94 ./BlueNRG_MS/Target/hci_tl_interface.o
                0x0000000008002390                HCI_TL_SPI_Init
 .text.HCI_TL_SPI_DeInit
                0x0000000008002424       0x30 ./BlueNRG_MS/Target/hci_tl_interface.o
                0x0000000008002424                HCI_TL_SPI_DeInit
 .text.HCI_TL_SPI_Reset
                0x0000000008002454       0x44 ./BlueNRG_MS/Target/hci_tl_interface.o
                0x0000000008002454                HCI_TL_SPI_Reset
 .text.HCI_TL_SPI_Receive
                0x0000000008002498       0xb8 ./BlueNRG_MS/Target/hci_tl_interface.o
                0x0000000008002498                HCI_TL_SPI_Receive
 .text.HCI_TL_SPI_Send
                0x0000000008002550       0xac ./BlueNRG_MS/Target/hci_tl_interface.o
                0x0000000008002550                HCI_TL_SPI_Send
 .text.IsDataAvailable
                0x00000000080025fc       0x20 ./BlueNRG_MS/Target/hci_tl_interface.o
 .text.hci_tl_lowlevel_init
                0x000000000800261c       0x74 ./BlueNRG_MS/Target/hci_tl_interface.o
                0x000000000800261c                hci_tl_lowlevel_init
 .text.hci_tl_lowlevel_isr
                0x0000000008002690       0x22 ./BlueNRG_MS/Target/hci_tl_interface.o
                0x0000000008002690                hci_tl_lowlevel_isr
 .text.main     0x00000000080026b2       0x1a ./Core/Src/main.o
                0x00000000080026b2                main
 .text.SystemClock_Config
                0x00000000080026cc       0xa4 ./Core/Src/main.o
                0x00000000080026cc                SystemClock_Config
 .text.MX_GPIO_Init
                0x0000000008002770      0x414 ./Core/Src/main.o
 .text.Error_Handler
                0x0000000008002b84        0xa ./Core/Src/main.o
                0x0000000008002b84                Error_Handler
 *fill*         0x0000000008002b8e        0x2 
 .text.HAL_MspInit
                0x0000000008002b90       0x48 ./Core/Src/stm32l4xx_hal_msp.o
                0x0000000008002b90                HAL_MspInit
 .text.NMI_Handler
                0x0000000008002bd8        0x6 ./Core/Src/stm32l4xx_it.o
                0x0000000008002bd8                NMI_Handler
 .text.HardFault_Handler
                0x0000000008002bde        0x6 ./Core/Src/stm32l4xx_it.o
                0x0000000008002bde                HardFault_Handler
 .text.MemManage_Handler
                0x0000000008002be4        0x6 ./Core/Src/stm32l4xx_it.o
                0x0000000008002be4                MemManage_Handler
 .text.BusFault_Handler
                0x0000000008002bea        0x6 ./Core/Src/stm32l4xx_it.o
                0x0000000008002bea                BusFault_Handler
 .text.UsageFault_Handler
                0x0000000008002bf0        0x6 ./Core/Src/stm32l4xx_it.o
                0x0000000008002bf0                UsageFault_Handler
 .text.SVC_Handler
                0x0000000008002bf6        0xe ./Core/Src/stm32l4xx_it.o
                0x0000000008002bf6                SVC_Handler
 .text.DebugMon_Handler
                0x0000000008002c04        0xe ./Core/Src/stm32l4xx_it.o
                0x0000000008002c04                DebugMon_Handler
 .text.PendSV_Handler
                0x0000000008002c12        0xe ./Core/Src/stm32l4xx_it.o
                0x0000000008002c12                PendSV_Handler
 .text.SysTick_Handler
                0x0000000008002c20        0xc ./Core/Src/stm32l4xx_it.o
                0x0000000008002c20                SysTick_Handler
 .text.EXTI9_5_IRQHandler
                0x0000000008002c2c       0x28 ./Core/Src/stm32l4xx_it.o
                0x0000000008002c2c                EXTI9_5_IRQHandler
 .text.EXTI15_10_IRQHandler
                0x0000000008002c54       0x34 ./Core/Src/stm32l4xx_it.o
                0x0000000008002c54                EXTI15_10_IRQHandler
 .text._getpid  0x0000000008002c88       0x10 ./Core/Src/syscalls.o
                0x0000000008002c88                _getpid
 .text._kill    0x0000000008002c98       0x20 ./Core/Src/syscalls.o
                0x0000000008002c98                _kill
 .text._exit    0x0000000008002cb8       0x14 ./Core/Src/syscalls.o
                0x0000000008002cb8                _exit
 .text._read    0x0000000008002ccc       0x3a ./Core/Src/syscalls.o
                0x0000000008002ccc                _read
 .text._write   0x0000000008002d06       0x38 ./Core/Src/syscalls.o
                0x0000000008002d06                _write
 .text._close   0x0000000008002d3e       0x18 ./Core/Src/syscalls.o
                0x0000000008002d3e                _close
 .text._fstat   0x0000000008002d56       0x20 ./Core/Src/syscalls.o
                0x0000000008002d56                _fstat
 .text._isatty  0x0000000008002d76       0x16 ./Core/Src/syscalls.o
                0x0000000008002d76                _isatty
 .text._lseek   0x0000000008002d8c       0x1a ./Core/Src/syscalls.o
                0x0000000008002d8c                _lseek
 *fill*         0x0000000008002da6        0x2 
 .text._sbrk    0x0000000008002da8       0x6c ./Core/Src/sysmem.o
                0x0000000008002da8                _sbrk
 .text.SystemInit
                0x0000000008002e14       0x24 ./Core/Src/system_stm32l4xx.o
                0x0000000008002e14                SystemInit
 .text.Reset_Handler
                0x0000000008002e38       0x50 ./Core/Startup/startup_stm32l475vgtx.o
                0x0000000008002e38                Reset_Handler
 .text.Default_Handler
                0x0000000008002e88        0x2 ./Core/Startup/startup_stm32l475vgtx.o
                0x0000000008002e88                RTC_Alarm_IRQHandler
                0x0000000008002e88                EXTI2_IRQHandler
                0x0000000008002e88                TIM8_TRG_COM_IRQHandler
                0x0000000008002e88                TIM8_CC_IRQHandler
                0x0000000008002e88                TIM1_CC_IRQHandler
                0x0000000008002e88                TSC_IRQHandler
                0x0000000008002e88                TAMP_STAMP_IRQHandler
                0x0000000008002e88                EXTI3_IRQHandler
                0x0000000008002e88                LPTIM2_IRQHandler
                0x0000000008002e88                DFSDM1_FLT1_IRQHandler
                0x0000000008002e88                I2C3_ER_IRQHandler
                0x0000000008002e88                DFSDM1_FLT2_IRQHandler
                0x0000000008002e88                EXTI0_IRQHandler
                0x0000000008002e88                I2C2_EV_IRQHandler
                0x0000000008002e88                CAN1_RX0_IRQHandler
                0x0000000008002e88                FPU_IRQHandler
                0x0000000008002e88                TIM1_UP_TIM16_IRQHandler
                0x0000000008002e88                ADC1_2_IRQHandler
                0x0000000008002e88                SPI1_IRQHandler
                0x0000000008002e88                TIM6_DAC_IRQHandler
                0x0000000008002e88                TIM8_UP_IRQHandler
                0x0000000008002e88                DMA2_Channel2_IRQHandler
                0x0000000008002e88                DMA1_Channel4_IRQHandler
                0x0000000008002e88                SAI2_IRQHandler
                0x0000000008002e88                DFSDM1_FLT3_IRQHandler
                0x0000000008002e88                USART3_IRQHandler
                0x0000000008002e88                DMA1_Channel7_IRQHandler
                0x0000000008002e88                CAN1_RX1_IRQHandler
                0x0000000008002e88                UART5_IRQHandler
                0x0000000008002e88                ADC3_IRQHandler
                0x0000000008002e88                TIM4_IRQHandler
                0x0000000008002e88                DMA2_Channel1_IRQHandler
                0x0000000008002e88                QUADSPI_IRQHandler
                0x0000000008002e88                I2C1_EV_IRQHandler
                0x0000000008002e88                DMA1_Channel6_IRQHandler
                0x0000000008002e88                UART4_IRQHandler
                0x0000000008002e88                DMA2_Channel4_IRQHandler
                0x0000000008002e88                TIM3_IRQHandler
                0x0000000008002e88                RCC_IRQHandler
                0x0000000008002e88                DMA1_Channel1_IRQHandler
                0x0000000008002e88                Default_Handler
                0x0000000008002e88                DMA2_Channel7_IRQHandler
                0x0000000008002e88                TIM7_IRQHandler
                0x0000000008002e88                SDMMC1_IRQHandler
                0x0000000008002e88                TIM5_IRQHandler
                0x0000000008002e88                I2C3_EV_IRQHandler
                0x0000000008002e88                RTC_WKUP_IRQHandler
                0x0000000008002e88                PVD_PVM_IRQHandler
                0x0000000008002e88                SPI2_IRQHandler
                0x0000000008002e88                CAN1_TX_IRQHandler
                0x0000000008002e88                DMA2_Channel5_IRQHandler
                0x0000000008002e88                DMA1_Channel5_IRQHandler
                0x0000000008002e88                EXTI4_IRQHandler
                0x0000000008002e88                RNG_IRQHandler
                0x0000000008002e88                TIM1_TRG_COM_TIM17_IRQHandler
                0x0000000008002e88                DMA1_Channel3_IRQHandler
                0x0000000008002e88                COMP_IRQHandler
                0x0000000008002e88                WWDG_IRQHandler
                0x0000000008002e88                LPUART1_IRQHandler
                0x0000000008002e88                DMA2_Channel6_IRQHandler
                0x0000000008002e88                TIM2_IRQHandler
                0x0000000008002e88                EXTI1_IRQHandler
                0x0000000008002e88                USART2_IRQHandler
                0x0000000008002e88                DFSDM1_FLT0_IRQHandler
                0x0000000008002e88                I2C2_ER_IRQHandler
                0x0000000008002e88                DMA1_Channel2_IRQHandler
                0x0000000008002e88                TIM8_BRK_IRQHandler
                0x0000000008002e88                CAN1_SCE_IRQHandler
                0x0000000008002e88                FLASH_IRQHandler
                0x0000000008002e88                USART1_IRQHandler
                0x0000000008002e88                OTG_FS_IRQHandler
                0x0000000008002e88                SPI3_IRQHandler
                0x0000000008002e88                I2C1_ER_IRQHandler
                0x0000000008002e88                FMC_IRQHandler
                0x0000000008002e88                SWPMI1_IRQHandler
                0x0000000008002e88                LPTIM1_IRQHandler
                0x0000000008002e88                SAI1_IRQHandler
                0x0000000008002e88                DMA2_Channel3_IRQHandler
                0x0000000008002e88                TIM1_BRK_TIM15_IRQHandler
 *fill*         0x0000000008002e8a        0x2 
 .text.I2Cx_MspInit
                0x0000000008002e8c       0xb0 ./Drivers/BSP/B-L475E-IOT01/stm32l475e_iot01.o
 .text.I2Cx_Init
                0x0000000008002f3c       0x5c ./Drivers/BSP/B-L475E-IOT01/stm32l475e_iot01.o
 .text.I2Cx_ReadMultiple
                0x0000000008002f98       0x5a ./Drivers/BSP/B-L475E-IOT01/stm32l475e_iot01.o
 .text.I2Cx_WriteMultiple
                0x0000000008002ff2       0x5a ./Drivers/BSP/B-L475E-IOT01/stm32l475e_iot01.o
 .text.I2Cx_Error
                0x000000000800304c       0x20 ./Drivers/BSP/B-L475E-IOT01/stm32l475e_iot01.o
 .text.SENSOR_IO_Init
                0x000000000800306c       0x14 ./Drivers/BSP/B-L475E-IOT01/stm32l475e_iot01.o
                0x000000000800306c                SENSOR_IO_Init
 .text.SENSOR_IO_Write
                0x0000000008003080       0x34 ./Drivers/BSP/B-L475E-IOT01/stm32l475e_iot01.o
                0x0000000008003080                SENSOR_IO_Write
 .text.SENSOR_IO_Read
                0x00000000080030b4       0x3c ./Drivers/BSP/B-L475E-IOT01/stm32l475e_iot01.o
                0x00000000080030b4                SENSOR_IO_Read
 .text.SENSOR_IO_ReadMultiple
                0x00000000080030f0       0x3c ./Drivers/BSP/B-L475E-IOT01/stm32l475e_iot01.o
                0x00000000080030f0                SENSOR_IO_ReadMultiple
 .text.BSP_PSENSOR_Init
                0x000000000800312c       0x40 ./Drivers/BSP/B-L475E-IOT01/stm32l475e_iot01_psensor.o
                0x000000000800312c                BSP_PSENSOR_Init
 .text.BSP_PSENSOR_ReadPressure
                0x000000000800316c       0x1c ./Drivers/BSP/B-L475E-IOT01/stm32l475e_iot01_psensor.o
                0x000000000800316c                BSP_PSENSOR_ReadPressure
 .text.BSP_TSENSOR_Init
                0x0000000008003188       0x38 ./Drivers/BSP/B-L475E-IOT01/stm32l475e_iot01_tsensor.o
                0x0000000008003188                BSP_TSENSOR_Init
 .text.BSP_TSENSOR_ReadTemp
                0x00000000080031c0       0x1c ./Drivers/BSP/B-L475E-IOT01/stm32l475e_iot01_tsensor.o
                0x00000000080031c0                BSP_TSENSOR_ReadTemp
 .text.__io_putchar
                0x00000000080031dc       0x38 ./Drivers/BSP/B-L475E-IOT01A1/b_l475e_iot01a1.o
                0x00000000080031dc                __io_putchar
 .text.BSP_SPI3_Init
                0x0000000008003214       0x60 ./Drivers/BSP/B-L475E-IOT01A1/b_l475e_iot01a1_bus.o
                0x0000000008003214                BSP_SPI3_Init
 .text.BSP_SPI3_SendRecv
                0x0000000008003274       0x40 ./Drivers/BSP/B-L475E-IOT01A1/b_l475e_iot01a1_bus.o
                0x0000000008003274                BSP_SPI3_SendRecv
 .text.BSP_GetTick
                0x00000000080032b4        0xe ./Drivers/BSP/B-L475E-IOT01A1/b_l475e_iot01a1_bus.o
                0x00000000080032b4                BSP_GetTick
 *fill*         0x00000000080032c2        0x2 
 .text.MX_SPI3_Init
                0x00000000080032c4       0x84 ./Drivers/BSP/B-L475E-IOT01A1/b_l475e_iot01a1_bus.o
                0x00000000080032c4                MX_SPI3_Init
 .text.SPI3_MspInit
                0x0000000008003348       0xb0 ./Drivers/BSP/B-L475E-IOT01A1/b_l475e_iot01a1_bus.o
 .text.HTS221_T_Init
                0x00000000080033f8       0x5a ./Drivers/BSP/Components/hts221/hts221.o
                0x00000000080033f8                HTS221_T_Init
 .text.HTS221_T_ReadTemp
                0x0000000008003452      0x10e ./Drivers/BSP/Components/hts221/hts221.o
                0x0000000008003452                HTS221_T_ReadTemp
 .text.LPS22HB_P_Init
                0x0000000008003560       0x1a ./Drivers/BSP/Components/lps22hb/lps22hb.o
                0x0000000008003560                LPS22HB_P_Init
 .text.LPS22HB_P_ReadID
                0x000000000800357a       0x2c ./Drivers/BSP/Components/lps22hb/lps22hb.o
                0x000000000800357a                LPS22HB_P_ReadID
 *fill*         0x00000000080035a6        0x2 
 .text.LPS22HB_P_ReadPressure
                0x00000000080035a8       0xc0 ./Drivers/BSP/Components/lps22hb/lps22hb.o
                0x00000000080035a8                LPS22HB_P_ReadPressure
 .text.LPS22HB_Init
                0x0000000008003668       0x7e ./Drivers/BSP/Components/lps22hb/lps22hb.o
 .text.HAL_Init
                0x00000000080036e6       0x30 ./Drivers/STM32L4xx_HAL_Driver/Src/stm32l4xx_hal.o
                0x00000000080036e6                HAL_Init
 *fill*         0x0000000008003716        0x2 
 .text.HAL_InitTick
                0x0000000008003718       0x78 ./Drivers/STM32L4xx_HAL_Driver/Src/stm32l4xx_hal.o
                0x0000000008003718                HAL_InitTick
 .text.HAL_IncTick
                0x0000000008003790       0x28 ./Drivers/STM32L4xx_HAL_Driver/Src/stm32l4xx_hal.o
                0x0000000008003790                HAL_IncTick
 .text.HAL_GetTick
                0x00000000080037b8       0x18 ./Drivers/STM32L4xx_HAL_Driver/Src/stm32l4xx_hal.o
                0x00000000080037b8                HAL_GetTick
 .text.HAL_Delay
                0x00000000080037d0       0x48 ./Drivers/STM32L4xx_HAL_Driver/Src/stm32l4xx_hal.o
                0x00000000080037d0                HAL_Delay
 .text.__NVIC_SetPriorityGrouping
                0x0000000008003818       0x48 ./Drivers/STM32L4xx_HAL_Driver/Src/stm32l4xx_hal_cortex.o
 .text.__NVIC_GetPriorityGrouping
                0x0000000008003860       0x1c ./Drivers/STM32L4xx_HAL_Driver/Src/stm32l4xx_hal_cortex.o
 .text.__NVIC_EnableIRQ
                0x000000000800387c       0x3c ./Drivers/STM32L4xx_HAL_Driver/Src/stm32l4xx_hal_cortex.o
 .text.__NVIC_SetPriority
                0x00000000080038b8       0x54 ./Drivers/STM32L4xx_HAL_Driver/Src/stm32l4xx_hal_cortex.o
 .text.NVIC_EncodePriority
                0x000000000800390c       0x66 ./Drivers/STM32L4xx_HAL_Driver/Src/stm32l4xx_hal_cortex.o
 *fill*         0x0000000008003972        0x2 
 .text.SysTick_Config
                0x0000000008003974       0x44 ./Drivers/STM32L4xx_HAL_Driver/Src/stm32l4xx_hal_cortex.o
 .text.HAL_NVIC_SetPriorityGrouping
                0x00000000080039b8       0x16 ./Drivers/STM32L4xx_HAL_Driver/Src/stm32l4xx_hal_cortex.o
                0x00000000080039b8                HAL_NVIC_SetPriorityGrouping
 .text.HAL_NVIC_SetPriority
                0x00000000080039ce       0x38 ./Drivers/STM32L4xx_HAL_Driver/Src/stm32l4xx_hal_cortex.o
                0x00000000080039ce                HAL_NVIC_SetPriority
 .text.HAL_NVIC_EnableIRQ
                0x0000000008003a06       0x1c ./Drivers/STM32L4xx_HAL_Driver/Src/stm32l4xx_hal_cortex.o
                0x0000000008003a06                HAL_NVIC_EnableIRQ
 .text.HAL_SYSTICK_Config
                0x0000000008003a22       0x18 ./Drivers/STM32L4xx_HAL_Driver/Src/stm32l4xx_hal_cortex.o
                0x0000000008003a22                HAL_SYSTICK_Config
 .text.HAL_EXTI_RegisterCallback
                0x0000000008003a3a       0x34 ./Drivers/STM32L4xx_HAL_Driver/Src/stm32l4xx_hal_exti.o
                0x0000000008003a3a                HAL_EXTI_RegisterCallback
 .text.HAL_EXTI_GetHandle
                0x0000000008003a6e       0x28 ./Drivers/STM32L4xx_HAL_Driver/Src/stm32l4xx_hal_exti.o
                0x0000000008003a6e                HAL_EXTI_GetHandle
 *fill*         0x0000000008003a96        0x2 
 .text.HAL_EXTI_IRQHandler
                0x0000000008003a98       0x60 ./Drivers/STM32L4xx_HAL_Driver/Src/stm32l4xx_hal_exti.o
                0x0000000008003a98                HAL_EXTI_IRQHandler
 .text.HAL_GPIO_Init
                0x0000000008003af8      0x354 ./Drivers/STM32L4xx_HAL_Driver/Src/stm32l4xx_hal_gpio.o
                0x0000000008003af8                HAL_GPIO_Init
 .text.HAL_GPIO_DeInit
                0x0000000008003e4c      0x1e8 ./Drivers/STM32L4xx_HAL_Driver/Src/stm32l4xx_hal_gpio.o
                0x0000000008003e4c                HAL_GPIO_DeInit
 .text.HAL_GPIO_ReadPin
                0x0000000008004034       0x30 ./Drivers/STM32L4xx_HAL_Driver/Src/stm32l4xx_hal_gpio.o
                0x0000000008004034                HAL_GPIO_ReadPin
 .text.HAL_GPIO_WritePin
                0x0000000008004064       0x30 ./Drivers/STM32L4xx_HAL_Driver/Src/stm32l4xx_hal_gpio.o
                0x0000000008004064                HAL_GPIO_WritePin
 .text.HAL_GPIO_EXTI_IRQHandler
                0x0000000008004094       0x30 ./Drivers/STM32L4xx_HAL_Driver/Src/stm32l4xx_hal_gpio.o
                0x0000000008004094                HAL_GPIO_EXTI_IRQHandler
 .text.HAL_GPIO_EXTI_Callback
                0x00000000080040c4       0x16 ./Drivers/STM32L4xx_HAL_Driver/Src/stm32l4xx_hal_gpio.o
                0x00000000080040c4                HAL_GPIO_EXTI_Callback
 .text.HAL_I2C_Init
                0x00000000080040da      0x11e ./Drivers/STM32L4xx_HAL_Driver/Src/stm32l4xx_hal_i2c.o
                0x00000000080040da                HAL_I2C_Init
 .text.HAL_I2C_DeInit
                0x00000000080041f8       0x5e ./Drivers/STM32L4xx_HAL_Driver/Src/stm32l4xx_hal_i2c.o
                0x00000000080041f8                HAL_I2C_DeInit
 .text.HAL_I2C_MspInit
                0x0000000008004256       0x14 ./Drivers/STM32L4xx_HAL_Driver/Src/stm32l4xx_hal_i2c.o
                0x0000000008004256                HAL_I2C_MspInit
 .text.HAL_I2C_MspDeInit
                0x000000000800426a       0x14 ./Drivers/STM32L4xx_HAL_Driver/Src/stm32l4xx_hal_i2c.o
                0x000000000800426a                HAL_I2C_MspDeInit
 *fill*         0x000000000800427e        0x2 
 .text.HAL_I2C_Mem_Write
                0x0000000008004280      0x228 ./Drivers/STM32L4xx_HAL_Driver/Src/stm32l4xx_hal_i2c.o
                0x0000000008004280                HAL_I2C_Mem_Write
 .text.HAL_I2C_Mem_Read
                0x00000000080044a8      0x234 ./Drivers/STM32L4xx_HAL_Driver/Src/stm32l4xx_hal_i2c.o
                0x00000000080044a8                HAL_I2C_Mem_Read
 .text.I2C_RequestMemoryWrite
                0x00000000080046dc       0xa8 ./Drivers/STM32L4xx_HAL_Driver/Src/stm32l4xx_hal_i2c.o
 .text.I2C_RequestMemoryRead
                0x0000000008004784       0xa8 ./Drivers/STM32L4xx_HAL_Driver/Src/stm32l4xx_hal_i2c.o
 .text.I2C_Flush_TXDR
                0x000000000800482c       0x48 ./Drivers/STM32L4xx_HAL_Driver/Src/stm32l4xx_hal_i2c.o
 .text.I2C_WaitOnFlagUntilTimeout
                0x0000000008004874       0x80 ./Drivers/STM32L4xx_HAL_Driver/Src/stm32l4xx_hal_i2c.o
 .text.I2C_WaitOnTXISFlagUntilTimeout
                0x00000000080048f4       0x80 ./Drivers/STM32L4xx_HAL_Driver/Src/stm32l4xx_hal_i2c.o
 .text.I2C_WaitOnSTOPFlagUntilTimeout
                0x0000000008004974       0x78 ./Drivers/STM32L4xx_HAL_Driver/Src/stm32l4xx_hal_i2c.o
 .text.I2C_IsErrorOccurred
                0x00000000080049ec      0x1d8 ./Drivers/STM32L4xx_HAL_Driver/Src/stm32l4xx_hal_i2c.o
 .text.I2C_TransferConfig
                0x0000000008004bc4       0x64 ./Drivers/STM32L4xx_HAL_Driver/Src/stm32l4xx_hal_i2c.o
 .text.HAL_I2CEx_ConfigAnalogFilter
                0x0000000008004c28       0x96 ./Drivers/STM32L4xx_HAL_Driver/Src/stm32l4xx_hal_i2c_ex.o
                0x0000000008004c28                HAL_I2CEx_ConfigAnalogFilter
 *fill*         0x0000000008004cbe        0x2 
 .text.HAL_PWREx_GetVoltageRange
                0x0000000008004cc0       0x1c ./Drivers/STM32L4xx_HAL_Driver/Src/stm32l4xx_hal_pwr_ex.o
                0x0000000008004cc0                HAL_PWREx_GetVoltageRange
 .text.HAL_PWREx_ControlVoltageScaling
                0x0000000008004cdc       0xac ./Drivers/STM32L4xx_HAL_Driver/Src/stm32l4xx_hal_pwr_ex.o
                0x0000000008004cdc                HAL_PWREx_ControlVoltageScaling
 .text.HAL_RCC_OscConfig
                0x0000000008004d88      0x7b4 ./Drivers/STM32L4xx_HAL_Driver/Src/stm32l4xx_hal_rcc.o
                0x0000000008004d88                HAL_RCC_OscConfig
 .text.HAL_RCC_ClockConfig
                0x000000000800553c      0x200 ./Drivers/STM32L4xx_HAL_Driver/Src/stm32l4xx_hal_rcc.o
                0x000000000800553c                HAL_RCC_ClockConfig
 .text.HAL_RCC_GetSysClockFreq
                0x000000000800573c      0x118 ./Drivers/STM32L4xx_HAL_Driver/Src/stm32l4xx_hal_rcc.o
                0x000000000800573c                HAL_RCC_GetSysClockFreq
 .text.RCC_SetFlashLatencyFromMSIRange
                0x0000000008005854       0xc0 ./Drivers/STM32L4xx_HAL_Driver/Src/stm32l4xx_hal_rcc.o
 .text.HAL_SPI_Init
                0x0000000008005914      0x146 ./Drivers/STM32L4xx_HAL_Driver/Src/stm32l4xx_hal_spi.o
                0x0000000008005914                HAL_SPI_Init
 .text.HAL_SPI_MspInit
                0x0000000008005a5a       0x14 ./Drivers/STM32L4xx_HAL_Driver/Src/stm32l4xx_hal_spi.o
                0x0000000008005a5a                HAL_SPI_MspInit
 .text.HAL_SPI_TransmitReceive
                0x0000000008005a6e      0x426 ./Drivers/STM32L4xx_HAL_Driver/Src/stm32l4xx_hal_spi.o
                0x0000000008005a6e                HAL_SPI_TransmitReceive
 .text.HAL_SPI_GetState
                0x0000000008005e94       0x1c ./Drivers/STM32L4xx_HAL_Driver/Src/stm32l4xx_hal_spi.o
                0x0000000008005e94                HAL_SPI_GetState
 .text.SPI_WaitFlagStateUntilTimeout
                0x0000000008005eb0      0x110 ./Drivers/STM32L4xx_HAL_Driver/Src/stm32l4xx_hal_spi.o
 .text.SPI_WaitFifoStateUntilTimeout
                0x0000000008005fc0      0x12c ./Drivers/STM32L4xx_HAL_Driver/Src/stm32l4xx_hal_spi.o
 .text.SPI_EndRxTxTransaction
                0x00000000080060ec       0x8c ./Drivers/STM32L4xx_HAL_Driver/Src/stm32l4xx_hal_spi.o
 .text.HAL_UART_Transmit
                0x0000000008006178      0x128 ./Drivers/STM32L4xx_HAL_Driver/Src/stm32l4xx_hal_uart.o
                0x0000000008006178                HAL_UART_Transmit
 .text.UART_WaitOnFlagUntilTimeout
                0x00000000080062a0      0x188 ./Drivers/STM32L4xx_HAL_Driver/Src/stm32l4xx_hal_uart.o
                0x00000000080062a0                UART_WaitOnFlagUntilTimeout
 .text.aci_gap_init_IDB05A1
                0x0000000008006428       0xa0 ./Middlewares/ST/BlueNRG-MS/hci/controller/bluenrg_gap_aci.o
                0x0000000008006428                aci_gap_init_IDB05A1
 .text.aci_gap_init_IDB04A1
                0x00000000080064c8       0x94 ./Middlewares/ST/BlueNRG-MS/hci/controller/bluenrg_gap_aci.o
                0x00000000080064c8                aci_gap_init_IDB04A1
 .text.aci_gap_set_discoverable
                0x000000000800655c      0x1de ./Middlewares/ST/BlueNRG-MS/hci/controller/bluenrg_gap_aci.o
                0x000000000800655c                aci_gap_set_discoverable
 .text.aci_gap_set_auth_requirement
                0x000000000800673a       0xae ./Middlewares/ST/BlueNRG-MS/hci/controller/bluenrg_gap_aci.o
                0x000000000800673a                aci_gap_set_auth_requirement
 .text.aci_gap_update_adv_data
                0x00000000080067e8       0xa4 ./Middlewares/ST/BlueNRG-MS/hci/controller/bluenrg_gap_aci.o
                0x00000000080067e8                aci_gap_update_adv_data
 .text.aci_gatt_init
                0x000000000800688c       0x46 ./Middlewares/ST/BlueNRG-MS/hci/controller/bluenrg_gatt_aci.o
                0x000000000800688c                aci_gatt_init
 .text.aci_gatt_add_serv
                0x00000000080068d2      0x118 ./Middlewares/ST/BlueNRG-MS/hci/controller/bluenrg_gatt_aci.o
                0x00000000080068d2                aci_gatt_add_serv
 .text.aci_gatt_add_char
                0x00000000080069ea      0x1a4 ./Middlewares/ST/BlueNRG-MS/hci/controller/bluenrg_gatt_aci.o
                0x00000000080069ea                aci_gatt_add_char
 .text.aci_gatt_update_char_value
                0x0000000008006b8e      0x124 ./Middlewares/ST/BlueNRG-MS/hci/controller/bluenrg_gatt_aci.o
                0x0000000008006b8e                aci_gatt_update_char_value
 .text.aci_gatt_allow_read
                0x0000000008006cb2       0x5a ./Middlewares/ST/BlueNRG-MS/hci/controller/bluenrg_gatt_aci.o
                0x0000000008006cb2                aci_gatt_allow_read
 .text.aci_hal_read_config_data
                0x0000000008006d0c       0xaa ./Middlewares/ST/BlueNRG-MS/hci/controller/bluenrg_hal_aci.o
                0x0000000008006d0c                aci_hal_read_config_data
 .text.aci_hal_set_tx_power_level
                0x0000000008006db6       0x62 ./Middlewares/ST/BlueNRG-MS/hci/controller/bluenrg_hal_aci.o
                0x0000000008006db6                aci_hal_set_tx_power_level
 .text.getBlueNRGVersion
                0x0000000008006e18       0x88 ./Middlewares/ST/BlueNRG-MS/hci/controller/bluenrg_utils_small.o
                0x0000000008006e18                getBlueNRGVersion
 .text.hci_reset
                0x0000000008006ea0       0x44 ./Middlewares/ST/BlueNRG-MS/hci/hci_le.o
                0x0000000008006ea0                hci_reset
 .text.hci_le_read_local_version
                0x0000000008006ee4       0x94 ./Middlewares/ST/BlueNRG-MS/hci/hci_le.o
                0x0000000008006ee4                hci_le_read_local_version
 .text.hci_le_set_scan_resp_data
                0x0000000008006f78       0x82 ./Middlewares/ST/BlueNRG-MS/hci/hci_le.o
                0x0000000008006f78                hci_le_set_scan_resp_data
 .text.verify_packet
                0x0000000008006ffa       0x40 ./Middlewares/ST/BlueNRG-MS/hci/hci_tl_patterns/Basic/hci_tl.o
 *fill*         0x000000000800703a        0x2 
 .text.send_cmd
                0x000000000800703c       0x80 ./Middlewares/ST/BlueNRG-MS/hci/hci_tl_patterns/Basic/hci_tl.o
 .text.move_list
                0x00000000080070bc       0x38 ./Middlewares/ST/BlueNRG-MS/hci/hci_tl_patterns/Basic/hci_tl.o
 .text.free_event_list
                0x00000000080070f4       0x3c ./Middlewares/ST/BlueNRG-MS/hci/hci_tl_patterns/Basic/hci_tl.o
 .text.hci_init
                0x0000000008007130       0x84 ./Middlewares/ST/BlueNRG-MS/hci/hci_tl_patterns/Basic/hci_tl.o
                0x0000000008007130                hci_init
 .text.hci_register_io_bus
                0x00000000080071b4       0x40 ./Middlewares/ST/BlueNRG-MS/hci/hci_tl_patterns/Basic/hci_tl.o
                0x00000000080071b4                hci_register_io_bus
 .text.hci_send_req
                0x00000000080071f4      0x234 ./Middlewares/ST/BlueNRG-MS/hci/hci_tl_patterns/Basic/hci_tl.o
                0x00000000080071f4                hci_send_req
 .text.hci_user_evt_proc
                0x0000000008007428       0x58 ./Middlewares/ST/BlueNRG-MS/hci/hci_tl_patterns/Basic/hci_tl.o
                0x0000000008007428                hci_user_evt_proc
 .text.hci_notify_asynch_evt
                0x0000000008007480       0x9c ./Middlewares/ST/BlueNRG-MS/hci/hci_tl_patterns/Basic/hci_tl.o
                0x0000000008007480                hci_notify_asynch_evt
 .text.list_init_head
                0x000000000800751c       0x20 ./Middlewares/ST/BlueNRG-MS/utils/ble_list.o
                0x000000000800751c                list_init_head
 .text.list_is_empty
                0x000000000800753c       0x44 ./Middlewares/ST/BlueNRG-MS/utils/ble_list.o
                0x000000000800753c                list_is_empty
 .text.list_insert_head
                0x0000000008007580       0x4c ./Middlewares/ST/BlueNRG-MS/utils/ble_list.o
                0x0000000008007580                list_insert_head
 .text.list_insert_tail
                0x00000000080075cc       0x4c ./Middlewares/ST/BlueNRG-MS/utils/ble_list.o
                0x00000000080075cc                list_insert_tail
 .text.list_remove_node
                0x0000000008007618       0x42 ./Middlewares/ST/BlueNRG-MS/utils/ble_list.o
                0x0000000008007618                list_remove_node
 .text.list_remove_head
                0x000000000800765a       0x4e ./Middlewares/ST/BlueNRG-MS/utils/ble_list.o
                0x000000000800765a                list_remove_head
 .text.list_remove_tail
                0x00000000080076a8       0x4e ./Middlewares/ST/BlueNRG-MS/utils/ble_list.o
                0x00000000080076a8                list_remove_tail
 .text.list_get_size
                0x00000000080076f6       0x50 ./Middlewares/ST/BlueNRG-MS/utils/ble_list.o
                0x00000000080076f6                list_get_size
 *fill*         0x0000000008007746        0x2 
 .text.__errno  0x0000000008007748        0xc c:/st/stm32cubeide_1.7.0/stm32cubeide/plugins/com.st.stm32cube.ide.mcu.externaltools.gnu-tools-for-stm32.9-2020-q2-update.win32_2.0.0.202105311346/tools/bin/../lib/gcc/arm-none-eabi/9.3.1/../../../../arm-none-eabi/lib/thumb/v7e-m+fp/hard\libc_nano.a(lib_a-errno.o)
                0x0000000008007748                __errno
 .text.__libc_init_array
                0x0000000008007754       0x48 c:/st/stm32cubeide_1.7.0/stm32cubeide/plugins/com.st.stm32cube.ide.mcu.externaltools.gnu-tools-for-stm32.9-2020-q2-update.win32_2.0.0.202105311346/tools/bin/../lib/gcc/arm-none-eabi/9.3.1/../../../../arm-none-eabi/lib/thumb/v7e-m+fp/hard\libc_nano.a(lib_a-init.o)
                0x0000000008007754                __libc_init_array
 .text.memcpy   0x000000000800779c       0x1c c:/st/stm32cubeide_1.7.0/stm32cubeide/plugins/com.st.stm32cube.ide.mcu.externaltools.gnu-tools-for-stm32.9-2020-q2-update.win32_2.0.0.202105311346/tools/bin/../lib/gcc/arm-none-eabi/9.3.1/../../../../arm-none-eabi/lib/thumb/v7e-m+fp/hard\libc_nano.a(lib_a-memcpy-stub.o)
                0x000000000800779c                memcpy
 .text.memset   0x00000000080077b8       0x10 c:/st/stm32cubeide_1.7.0/stm32cubeide/plugins/com.st.stm32cube.ide.mcu.externaltools.gnu-tools-for-stm32.9-2020-q2-update.win32_2.0.0.202105311346/tools/bin/../lib/gcc/arm-none-eabi/9.3.1/../../../../arm-none-eabi/lib/thumb/v7e-m+fp/hard\libc_nano.a(lib_a-memset.o)
                0x00000000080077b8                memset
 .text.srand    0x00000000080077c8       0x5c c:/st/stm32cubeide_1.7.0/stm32cubeide/plugins/com.st.stm32cube.ide.mcu.externaltools.gnu-tools-for-stm32.9-2020-q2-update.win32_2.0.0.202105311346/tools/bin/../lib/gcc/arm-none-eabi/9.3.1/../../../../arm-none-eabi/lib/thumb/v7e-m+fp/hard\libc_nano.a(lib_a-rand.o)
                0x00000000080077c8                srand
 .text.rand     0x0000000008007824       0x80 c:/st/stm32cubeide_1.7.0/stm32cubeide/plugins/com.st.stm32cube.ide.mcu.externaltools.gnu-tools-for-stm32.9-2020-q2-update.win32_2.0.0.202105311346/tools/bin/../lib/gcc/arm-none-eabi/9.3.1/../../../../arm-none-eabi/lib/thumb/v7e-m+fp/hard\libc_nano.a(lib_a-rand.o)
                0x0000000008007824                rand
 .text.__assert_func
                0x00000000080078a4       0x3c c:/st/stm32cubeide_1.7.0/stm32cubeide/plugins/com.st.stm32cube.ide.mcu.externaltools.gnu-tools-for-stm32.9-2020-q2-update.win32_2.0.0.202105311346/tools/bin/../lib/gcc/arm-none-eabi/9.3.1/../../../../arm-none-eabi/lib/thumb/v7e-m+fp/hard\libc_nano.a(lib_a-assert.o)
                0x00000000080078a4                __assert_func
 .text.fprintf  0x00000000080078e0       0x24 c:/st/stm32cubeide_1.7.0/stm32cubeide/plugins/com.st.stm32cube.ide.mcu.externaltools.gnu-tools-for-stm32.9-2020-q2-update.win32_2.0.0.202105311346/tools/bin/../lib/gcc/arm-none-eabi/9.3.1/../../../../arm-none-eabi/lib/thumb/v7e-m+fp/hard\libc_nano.a(lib_a-fprintf.o)
                0x00000000080078e0                fiprintf
                0x00000000080078e0                fprintf
 .text.malloc   0x0000000008007904       0x10 c:/st/stm32cubeide_1.7.0/stm32cubeide/plugins/com.st.stm32cube.ide.mcu.externaltools.gnu-tools-for-stm32.9-2020-q2-update.win32_2.0.0.202105311346/tools/bin/../lib/gcc/arm-none-eabi/9.3.1/../../../../arm-none-eabi/lib/thumb/v7e-m+fp/hard\libc_nano.a(lib_a-malloc.o)
                0x0000000008007904                malloc
 .text._free_r  0x0000000008007914       0xa0 c:/st/stm32cubeide_1.7.0/stm32cubeide/plugins/com.st.stm32cube.ide.mcu.externaltools.gnu-tools-for-stm32.9-2020-q2-update.win32_2.0.0.202105311346/tools/bin/../lib/gcc/arm-none-eabi/9.3.1/../../../../arm-none-eabi/lib/thumb/v7e-m+fp/hard\libc_nano.a(lib_a-nano-freer.o)
                0x0000000008007914                _free_r
 .text._malloc_r
                0x00000000080079b4       0xb4 c:/st/stm32cubeide_1.7.0/stm32cubeide/plugins/com.st.stm32cube.ide.mcu.externaltools.gnu-tools-for-stm32.9-2020-q2-update.win32_2.0.0.202105311346/tools/bin/../lib/gcc/arm-none-eabi/9.3.1/../../../../arm-none-eabi/lib/thumb/v7e-m+fp/hard\libc_nano.a(lib_a-nano-mallocr.o)
                0x00000000080079b4                _malloc_r
 .text.__sfputc_r
                0x0000000008007a68       0x2e c:/st/stm32cubeide_1.7.0/stm32cubeide/plugins/com.st.stm32cube.ide.mcu.externaltools.gnu-tools-for-stm32.9-2020-q2-update.win32_2.0.0.202105311346/tools/bin/../lib/gcc/arm-none-eabi/9.3.1/../../../../arm-none-eabi/lib/thumb/v7e-m+fp/hard\libc_nano.a(lib_a-nano-vfprintf.o)
 .text.__sfputs_r
                0x0000000008007a96       0x24 c:/st/stm32cubeide_1.7.0/stm32cubeide/plugins/com.st.stm32cube.ide.mcu.externaltools.gnu-tools-for-stm32.9-2020-q2-update.win32_2.0.0.202105311346/tools/bin/../lib/gcc/arm-none-eabi/9.3.1/../../../../arm-none-eabi/lib/thumb/v7e-m+fp/hard\libc_nano.a(lib_a-nano-vfprintf.o)
                0x0000000008007a96                __sfputs_r
 *fill*         0x0000000008007aba        0x2 
 .text._vfprintf_r
                0x0000000008007abc      0x260 c:/st/stm32cubeide_1.7.0/stm32cubeide/plugins/com.st.stm32cube.ide.mcu.externaltools.gnu-tools-for-stm32.9-2020-q2-update.win32_2.0.0.202105311346/tools/bin/../lib/gcc/arm-none-eabi/9.3.1/../../../../arm-none-eabi/lib/thumb/v7e-m+fp/hard\libc_nano.a(lib_a-nano-vfprintf.o)
                0x0000000008007abc                _vfprintf_r
                0x0000000008007abc                _vfiprintf_r
 .text._printf_common
                0x0000000008007d1c       0xda c:/st/stm32cubeide_1.7.0/stm32cubeide/plugins/com.st.stm32cube.ide.mcu.externaltools.gnu-tools-for-stm32.9-2020-q2-update.win32_2.0.0.202105311346/tools/bin/../lib/gcc/arm-none-eabi/9.3.1/../../../../arm-none-eabi/lib/thumb/v7e-m+fp/hard\libc_nano.a(lib_a-nano-vfprintf_i.o)
                0x0000000008007d1c                _printf_common
 *fill*         0x0000000008007df6        0x2 
 .text._printf_i
                0x0000000008007df8      0x24c c:/st/stm32cubeide_1.7.0/stm32cubeide/plugins/com.st.stm32cube.ide.mcu.externaltools.gnu-tools-for-stm32.9-2020-q2-update.win32_2.0.0.202105311346/tools/bin/../lib/gcc/arm-none-eabi/9.3.1/../../../../arm-none-eabi/lib/thumb/v7e-m+fp/hard\libc_nano.a(lib_a-nano-vfprintf_i.o)
                0x0000000008007df8                _printf_i
 .text._sbrk_r  0x0000000008008044       0x20 c:/st/stm32cubeide_1.7.0/stm32cubeide/plugins/com.st.stm32cube.ide.mcu.externaltools.gnu-tools-for-stm32.9-2020-q2-update.win32_2.0.0.202105311346/tools/bin/../lib/gcc/arm-none-eabi/9.3.1/../../../../arm-none-eabi/lib/thumb/v7e-m+fp/hard\libc_nano.a(lib_a-sbrkr.o)
                0x0000000008008044                _sbrk_r
 .text.__swbuf_r
                0x0000000008008064       0xa4 c:/st/stm32cubeide_1.7.0/stm32cubeide/plugins/com.st.stm32cube.ide.mcu.externaltools.gnu-tools-for-stm32.9-2020-q2-update.win32_2.0.0.202105311346/tools/bin/../lib/gcc/arm-none-eabi/9.3.1/../../../../arm-none-eabi/lib/thumb/v7e-m+fp/hard\libc_nano.a(lib_a-wbuf.o)
                0x0000000008008064                __swbuf_r
 .text.__swsetup_r
                0x0000000008008108       0xdc c:/st/stm32cubeide_1.7.0/stm32cubeide/plugins/com.st.stm32cube.ide.mcu.externaltools.gnu-tools-for-stm32.9-2020-q2-update.win32_2.0.0.202105311346/tools/bin/../lib/gcc/arm-none-eabi/9.3.1/../../../../arm-none-eabi/lib/thumb/v7e-m+fp/hard\libc_nano.a(lib_a-wsetup.o)
                0x0000000008008108                __swsetup_r
 .text.abort    0x00000000080081e4        0xe c:/st/stm32cubeide_1.7.0/stm32cubeide/plugins/com.st.stm32cube.ide.mcu.externaltools.gnu-tools-for-stm32.9-2020-q2-update.win32_2.0.0.202105311346/tools/bin/../lib/gcc/arm-none-eabi/9.3.1/../../../../arm-none-eabi/lib/thumb/v7e-m+fp/hard\libc_nano.a(lib_a-abort.o)
                0x00000000080081e4                abort
 *fill*         0x00000000080081f2        0x2 
 .text.__sflush_r
                0x00000000080081f4      0x10c c:/st/stm32cubeide_1.7.0/stm32cubeide/plugins/com.st.stm32cube.ide.mcu.externaltools.gnu-tools-for-stm32.9-2020-q2-update.win32_2.0.0.202105311346/tools/bin/../lib/gcc/arm-none-eabi/9.3.1/../../../../arm-none-eabi/lib/thumb/v7e-m+fp/hard\libc_nano.a(lib_a-fflush.o)
                0x00000000080081f4                __sflush_r
 .text._fflush_r
                0x0000000008008300       0x78 c:/st/stm32cubeide_1.7.0/stm32cubeide/plugins/com.st.stm32cube.ide.mcu.externaltools.gnu-tools-for-stm32.9-2020-q2-update.win32_2.0.0.202105311346/tools/bin/../lib/gcc/arm-none-eabi/9.3.1/../../../../arm-none-eabi/lib/thumb/v7e-m+fp/hard\libc_nano.a(lib_a-fflush.o)
                0x0000000008008300                _fflush_r
 .text.std      0x0000000008008378       0x48 c:/st/stm32cubeide_1.7.0/stm32cubeide/plugins/com.st.stm32cube.ide.mcu.externaltools.gnu-tools-for-stm32.9-2020-q2-update.win32_2.0.0.202105311346/tools/bin/../lib/gcc/arm-none-eabi/9.3.1/../../../../arm-none-eabi/lib/thumb/v7e-m+fp/hard\libc_nano.a(lib_a-findfp.o)
 .text._cleanup_r
                0x00000000080083c0        0xc c:/st/stm32cubeide_1.7.0/stm32cubeide/plugins/com.st.stm32cube.ide.mcu.externaltools.gnu-tools-for-stm32.9-2020-q2-update.win32_2.0.0.202105311346/tools/bin/../lib/gcc/arm-none-eabi/9.3.1/../../../../arm-none-eabi/lib/thumb/v7e-m+fp/hard\libc_nano.a(lib_a-findfp.o)
                0x00000000080083c0                _cleanup_r
 .text.__sfmoreglue
                0x00000000080083cc       0x2c c:/st/stm32cubeide_1.7.0/stm32cubeide/plugins/com.st.stm32cube.ide.mcu.externaltools.gnu-tools-for-stm32.9-2020-q2-update.win32_2.0.0.202105311346/tools/bin/../lib/gcc/arm-none-eabi/9.3.1/../../../../arm-none-eabi/lib/thumb/v7e-m+fp/hard\libc_nano.a(lib_a-findfp.o)
                0x00000000080083cc                __sfmoreglue
 .text.__sfp_lock_acquire
                0x00000000080083f8        0xc c:/st/stm32cubeide_1.7.0/stm32cubeide/plugins/com.st.stm32cube.ide.mcu.externaltools.gnu-tools-for-stm32.9-2020-q2-update.win32_2.0.0.202105311346/tools/bin/../lib/gcc/arm-none-eabi/9.3.1/../../../../arm-none-eabi/lib/thumb/v7e-m+fp/hard\libc_nano.a(lib_a-findfp.o)
                0x00000000080083f8                __sfp_lock_acquire
 .text.__sfp_lock_release
                0x0000000008008404        0xc c:/st/stm32cubeide_1.7.0/stm32cubeide/plugins/com.st.stm32cube.ide.mcu.externaltools.gnu-tools-for-stm32.9-2020-q2-update.win32_2.0.0.202105311346/tools/bin/../lib/gcc/arm-none-eabi/9.3.1/../../../../arm-none-eabi/lib/thumb/v7e-m+fp/hard\libc_nano.a(lib_a-findfp.o)
                0x0000000008008404                __sfp_lock_release
 .text.__sinit_lock_acquire
                0x0000000008008410        0xc c:/st/stm32cubeide_1.7.0/stm32cubeide/plugins/com.st.stm32cube.ide.mcu.externaltools.gnu-tools-for-stm32.9-2020-q2-update.win32_2.0.0.202105311346/tools/bin/../lib/gcc/arm-none-eabi/9.3.1/../../../../arm-none-eabi/lib/thumb/v7e-m+fp/hard\libc_nano.a(lib_a-findfp.o)
                0x0000000008008410                __sinit_lock_acquire
 .text.__sinit_lock_release
                0x000000000800841c        0xc c:/st/stm32cubeide_1.7.0/stm32cubeide/plugins/com.st.stm32cube.ide.mcu.externaltools.gnu-tools-for-stm32.9-2020-q2-update.win32_2.0.0.202105311346/tools/bin/../lib/gcc/arm-none-eabi/9.3.1/../../../../arm-none-eabi/lib/thumb/v7e-m+fp/hard\libc_nano.a(lib_a-findfp.o)
                0x000000000800841c                __sinit_lock_release
 .text.__sinit  0x0000000008008428       0x70 c:/st/stm32cubeide_1.7.0/stm32cubeide/plugins/com.st.stm32cube.ide.mcu.externaltools.gnu-tools-for-stm32.9-2020-q2-update.win32_2.0.0.202105311346/tools/bin/../lib/gcc/arm-none-eabi/9.3.1/../../../../arm-none-eabi/lib/thumb/v7e-m+fp/hard\libc_nano.a(lib_a-findfp.o)
                0x0000000008008428                __sinit
 .text.__sfp    0x0000000008008498       0x8c c:/st/stm32cubeide_1.7.0/stm32cubeide/plugins/com.st.stm32cube.ide.mcu.externaltools.gnu-tools-for-stm32.9-2020-q2-update.win32_2.0.0.202105311346/tools/bin/../lib/gcc/arm-none-eabi/9.3.1/../../../../arm-none-eabi/lib/thumb/v7e-m+fp/hard\libc_nano.a(lib_a-findfp.o)
                0x0000000008008498                __sfp
 .text._fwalk_reent
                0x0000000008008524       0x3e c:/st/stm32cubeide_1.7.0/stm32cubeide/plugins/com.st.stm32cube.ide.mcu.externaltools.gnu-tools-for-stm32.9-2020-q2-update.win32_2.0.0.202105311346/tools/bin/../lib/gcc/arm-none-eabi/9.3.1/../../../../arm-none-eabi/lib/thumb/v7e-m+fp/hard\libc_nano.a(lib_a-fwalk.o)
                0x0000000008008524                _fwalk_reent
 .text.__retarget_lock_init_recursive
                0x0000000008008562        0x2 c:/st/stm32cubeide_1.7.0/stm32cubeide/plugins/com.st.stm32cube.ide.mcu.externaltools.gnu-tools-for-stm32.9-2020-q2-update.win32_2.0.0.202105311346/tools/bin/../lib/gcc/arm-none-eabi/9.3.1/../../../../arm-none-eabi/lib/thumb/v7e-m+fp/hard\libc_nano.a(lib_a-lock.o)
                0x0000000008008562                __retarget_lock_init_recursive
 .text.__retarget_lock_acquire_recursive
                0x0000000008008564        0x2 c:/st/stm32cubeide_1.7.0/stm32cubeide/plugins/com.st.stm32cube.ide.mcu.externaltools.gnu-tools-for-stm32.9-2020-q2-update.win32_2.0.0.202105311346/tools/bin/../lib/gcc/arm-none-eabi/9.3.1/../../../../arm-none-eabi/lib/thumb/v7e-m+fp/hard\libc_nano.a(lib_a-lock.o)
                0x0000000008008564                __retarget_lock_acquire_recursive
 .text.__retarget_lock_release_recursive
                0x0000000008008566        0x2 c:/st/stm32cubeide_1.7.0/stm32cubeide/plugins/com.st.stm32cube.ide.mcu.externaltools.gnu-tools-for-stm32.9-2020-q2-update.win32_2.0.0.202105311346/tools/bin/../lib/gcc/arm-none-eabi/9.3.1/../../../../arm-none-eabi/lib/thumb/v7e-m+fp/hard\libc_nano.a(lib_a-lock.o)
                0x0000000008008566                __retarget_lock_release_recursive
 .text.__swhatbuf_r
                0x0000000008008568       0x48 c:/st/stm32cubeide_1.7.0/stm32cubeide/plugins/com.st.stm32cube.ide.mcu.externaltools.gnu-tools-for-stm32.9-2020-q2-update.win32_2.0.0.202105311346/tools/bin/../lib/gcc/arm-none-eabi/9.3.1/../../../../arm-none-eabi/lib/thumb/v7e-m+fp/hard\libc_nano.a(lib_a-makebuf.o)
                0x0000000008008568                __swhatbuf_r
 .text.__smakebuf_r
                0x00000000080085b0       0x80 c:/st/stm32cubeide_1.7.0/stm32cubeide/plugins/com.st.stm32cube.ide.mcu.externaltools.gnu-tools-for-stm32.9-2020-q2-update.win32_2.0.0.202105311346/tools/bin/../lib/gcc/arm-none-eabi/9.3.1/../../../../arm-none-eabi/lib/thumb/v7e-m+fp/hard\libc_nano.a(lib_a-makebuf.o)
                0x00000000080085b0                __smakebuf_r
 .text.__malloc_lock
                0x0000000008008630        0xc c:/st/stm32cubeide_1.7.0/stm32cubeide/plugins/com.st.stm32cube.ide.mcu.externaltools.gnu-tools-for-stm32.9-2020-q2-update.win32_2.0.0.202105311346/tools/bin/../lib/gcc/arm-none-eabi/9.3.1/../../../../arm-none-eabi/lib/thumb/v7e-m+fp/hard\libc_nano.a(lib_a-mlock.o)
                0x0000000008008630                __malloc_lock
 .text.__malloc_unlock
                0x000000000800863c        0xc c:/st/stm32cubeide_1.7.0/stm32cubeide/plugins/com.st.stm32cube.ide.mcu.externaltools.gnu-tools-for-stm32.9-2020-q2-update.win32_2.0.0.202105311346/tools/bin/../lib/gcc/arm-none-eabi/9.3.1/../../../../arm-none-eabi/lib/thumb/v7e-m+fp/hard\libc_nano.a(lib_a-mlock.o)
                0x000000000800863c                __malloc_unlock
 .text._raise_r
                0x0000000008008648       0x50 c:/st/stm32cubeide_1.7.0/stm32cubeide/plugins/com.st.stm32cube.ide.mcu.externaltools.gnu-tools-for-stm32.9-2020-q2-update.win32_2.0.0.202105311346/tools/bin/../lib/gcc/arm-none-eabi/9.3.1/../../../../arm-none-eabi/lib/thumb/v7e-m+fp/hard\libc_nano.a(lib_a-signal.o)
                0x0000000008008648                _raise_r
 .text.raise    0x0000000008008698       0x10 c:/st/stm32cubeide_1.7.0/stm32cubeide/plugins/com.st.stm32cube.ide.mcu.externaltools.gnu-tools-for-stm32.9-2020-q2-update.win32_2.0.0.202105311346/tools/bin/../lib/gcc/arm-none-eabi/9.3.1/../../../../arm-none-eabi/lib/thumb/v7e-m+fp/hard\libc_nano.a(lib_a-signal.o)
                0x0000000008008698                raise
 .text._kill_r  0x00000000080086a8       0x24 c:/st/stm32cubeide_1.7.0/stm32cubeide/plugins/com.st.stm32cube.ide.mcu.externaltools.gnu-tools-for-stm32.9-2020-q2-update.win32_2.0.0.202105311346/tools/bin/../lib/gcc/arm-none-eabi/9.3.1/../../../../arm-none-eabi/lib/thumb/v7e-m+fp/hard\libc_nano.a(lib_a-signalr.o)
                0x00000000080086a8                _kill_r
 .text._getpid_r
                0x00000000080086cc        0x4 c:/st/stm32cubeide_1.7.0/stm32cubeide/plugins/com.st.stm32cube.ide.mcu.externaltools.gnu-tools-for-stm32.9-2020-q2-update.win32_2.0.0.202105311346/tools/bin/../lib/gcc/arm-none-eabi/9.3.1/../../../../arm-none-eabi/lib/thumb/v7e-m+fp/hard\libc_nano.a(lib_a-signalr.o)
                0x00000000080086cc                _getpid_r
 .text.__sread  0x00000000080086d0       0x22 c:/st/stm32cubeide_1.7.0/stm32cubeide/plugins/com.st.stm32cube.ide.mcu.externaltools.gnu-tools-for-stm32.9-2020-q2-update.win32_2.0.0.202105311346/tools/bin/../lib/gcc/arm-none-eabi/9.3.1/../../../../arm-none-eabi/lib/thumb/v7e-m+fp/hard\libc_nano.a(lib_a-stdio.o)
                0x00000000080086d0                __sread
 .text.__swrite
                0x00000000080086f2       0x38 c:/st/stm32cubeide_1.7.0/stm32cubeide/plugins/com.st.stm32cube.ide.mcu.externaltools.gnu-tools-for-stm32.9-2020-q2-update.win32_2.0.0.202105311346/tools/bin/../lib/gcc/arm-none-eabi/9.3.1/../../../../arm-none-eabi/lib/thumb/v7e-m+fp/hard\libc_nano.a(lib_a-stdio.o)
                0x00000000080086f2                __swrite
 .text.__sseek  0x000000000800872a       0x24 c:/st/stm32cubeide_1.7.0/stm32cubeide/plugins/com.st.stm32cube.ide.mcu.externaltools.gnu-tools-for-stm32.9-2020-q2-update.win32_2.0.0.202105311346/tools/bin/../lib/gcc/arm-none-eabi/9.3.1/../../../../arm-none-eabi/lib/thumb/v7e-m+fp/hard\libc_nano.a(lib_a-stdio.o)
                0x000000000800872a                __sseek
 .text.__sclose
                0x000000000800874e        0x8 c:/st/stm32cubeide_1.7.0/stm32cubeide/plugins/com.st.stm32cube.ide.mcu.externaltools.gnu-tools-for-stm32.9-2020-q2-update.win32_2.0.0.202105311346/tools/bin/../lib/gcc/arm-none-eabi/9.3.1/../../../../arm-none-eabi/lib/thumb/v7e-m+fp/hard\libc_nano.a(lib_a-stdio.o)
                0x000000000800874e                __sclose
 *fill*         0x0000000008008756        0x2 
 .text._write_r
                0x0000000008008758       0x24 c:/st/stm32cubeide_1.7.0/stm32cubeide/plugins/com.st.stm32cube.ide.mcu.externaltools.gnu-tools-for-stm32.9-2020-q2-update.win32_2.0.0.202105311346/tools/bin/../lib/gcc/arm-none-eabi/9.3.1/../../../../arm-none-eabi/lib/thumb/v7e-m+fp/hard\libc_nano.a(lib_a-writer.o)
                0x0000000008008758                _write_r
 .text._close_r
                0x000000000800877c       0x20 c:/st/stm32cubeide_1.7.0/stm32cubeide/plugins/com.st.stm32cube.ide.mcu.externaltools.gnu-tools-for-stm32.9-2020-q2-update.win32_2.0.0.202105311346/tools/bin/../lib/gcc/arm-none-eabi/9.3.1/../../../../arm-none-eabi/lib/thumb/v7e-m+fp/hard\libc_nano.a(lib_a-closer.o)
                0x000000000800877c                _close_r
 .text._fstat_r
                0x000000000800879c       0x24 c:/st/stm32cubeide_1.7.0/stm32cubeide/plugins/com.st.stm32cube.ide.mcu.externaltools.gnu-tools-for-stm32.9-2020-q2-update.win32_2.0.0.202105311346/tools/bin/../lib/gcc/arm-none-eabi/9.3.1/../../../../arm-none-eabi/lib/thumb/v7e-m+fp/hard\libc_nano.a(lib_a-fstatr.o)
                0x000000000800879c                _fstat_r
 .text._isatty_r
                0x00000000080087c0       0x20 c:/st/stm32cubeide_1.7.0/stm32cubeide/plugins/com.st.stm32cube.ide.mcu.externaltools.gnu-tools-for-stm32.9-2020-q2-update.win32_2.0.0.202105311346/tools/bin/../lib/gcc/arm-none-eabi/9.3.1/../../../../arm-none-eabi/lib/thumb/v7e-m+fp/hard\libc_nano.a(lib_a-isattyr.o)
                0x00000000080087c0                _isatty_r
 .text._lseek_r
                0x00000000080087e0       0x24 c:/st/stm32cubeide_1.7.0/stm32cubeide/plugins/com.st.stm32cube.ide.mcu.externaltools.gnu-tools-for-stm32.9-2020-q2-update.win32_2.0.0.202105311346/tools/bin/../lib/gcc/arm-none-eabi/9.3.1/../../../../arm-none-eabi/lib/thumb/v7e-m+fp/hard\libc_nano.a(lib_a-lseekr.o)
                0x00000000080087e0                _lseek_r
 .text._read_r  0x0000000008008804       0x24 c:/st/stm32cubeide_1.7.0/stm32cubeide/plugins/com.st.stm32cube.ide.mcu.externaltools.gnu-tools-for-stm32.9-2020-q2-update.win32_2.0.0.202105311346/tools/bin/../lib/gcc/arm-none-eabi/9.3.1/../../../../arm-none-eabi/lib/thumb/v7e-m+fp/hard\libc_nano.a(lib_a-readr.o)
                0x0000000008008804                _read_r
 .text.trunc    0x0000000008008828       0x64 c:/st/stm32cubeide_1.7.0/stm32cubeide/plugins/com.st.stm32cube.ide.mcu.externaltools.gnu-tools-for-stm32.9-2020-q2-update.win32_2.0.0.202105311346/tools/bin/../lib/gcc/arm-none-eabi/9.3.1/../../../../arm-none-eabi/lib/thumb/v7e-m+fp/hard\libm.a(lib_a-s_trunc.o)
                0x0000000008008828                trunc
 *(.glue_7)
 .glue_7        0x000000000800888c        0x0 linker stubs
 *(.glue_7t)
 .glue_7t       0x000000000800888c        0x0 linker stubs
 *(.eh_frame)
 .eh_frame      0x000000000800888c        0x0 c:/st/stm32cubeide_1.7.0/stm32cubeide/plugins/com.st.stm32cube.ide.mcu.externaltools.gnu-tools-for-stm32.9-2020-q2-update.win32_2.0.0.202105311346/tools/bin/../lib/gcc/arm-none-eabi/9.3.1/thumb/v7e-m+fp/hard/crtbegin.o
 *(.init)
 .init          0x000000000800888c        0x4 c:/st/stm32cubeide_1.7.0/stm32cubeide/plugins/com.st.stm32cube.ide.mcu.externaltools.gnu-tools-for-stm32.9-2020-q2-update.win32_2.0.0.202105311346/tools/bin/../lib/gcc/arm-none-eabi/9.3.1/thumb/v7e-m+fp/hard/crti.o
                0x000000000800888c                _init
 .init          0x0000000008008890        0x8 c:/st/stm32cubeide_1.7.0/stm32cubeide/plugins/com.st.stm32cube.ide.mcu.externaltools.gnu-tools-for-stm32.9-2020-q2-update.win32_2.0.0.202105311346/tools/bin/../lib/gcc/arm-none-eabi/9.3.1/thumb/v7e-m+fp/hard/crtn.o
 *(.fini)
 .fini          0x0000000008008898        0x4 c:/st/stm32cubeide_1.7.0/stm32cubeide/plugins/com.st.stm32cube.ide.mcu.externaltools.gnu-tools-for-stm32.9-2020-q2-update.win32_2.0.0.202105311346/tools/bin/../lib/gcc/arm-none-eabi/9.3.1/thumb/v7e-m+fp/hard/crti.o
                0x0000000008008898                _fini
 .fini          0x000000000800889c        0x8 c:/st/stm32cubeide_1.7.0/stm32cubeide/plugins/com.st.stm32cube.ide.mcu.externaltools.gnu-tools-for-stm32.9-2020-q2-update.win32_2.0.0.202105311346/tools/bin/../lib/gcc/arm-none-eabi/9.3.1/thumb/v7e-m+fp/hard/crtn.o
                0x00000000080088a4                . = ALIGN (0x4)
                0x00000000080088a4                _etext = .

.vfp11_veneer   0x00000000080088a4        0x0
 .vfp11_veneer  0x00000000080088a4        0x0 linker stubs

.v4_bx          0x00000000080088a4        0x0
 .v4_bx         0x00000000080088a4        0x0 linker stubs

.iplt           0x00000000080088a4        0x0
 .iplt          0x00000000080088a4        0x0 c:/st/stm32cubeide_1.7.0/stm32cubeide/plugins/com.st.stm32cube.ide.mcu.externaltools.gnu-tools-for-stm32.9-2020-q2-update.win32_2.0.0.202105311346/tools/bin/../lib/gcc/arm-none-eabi/9.3.1/thumb/v7e-m+fp/hard/crtbegin.o

.rodata         0x00000000080088a4      0x1ac
                0x00000000080088a4                . = ALIGN (0x4)
 *(.rodata)
 .rodata        0x00000000080088a4        0x8 ./BlueNRG_MS/App/app_bluenrg_ms.o
 .rodata        0x00000000080088ac        0x8 ./BlueNRG_MS/App/sensor.o
 .rodata        0x00000000080088b4        0xd ./BlueNRG_MS/Target/hci_tl_interface.o
 *(.rodata*)
 *fill*         0x00000000080088c1        0x3 
 .rodata.AHBPrescTable
                0x00000000080088c4       0x10 ./Core/Src/system_stm32l4xx.o
                0x00000000080088c4                AHBPrescTable
 .rodata.MSIRangeTable
                0x00000000080088d4       0x30 ./Core/Src/system_stm32l4xx.o
                0x00000000080088d4                MSIRangeTable
 .rodata._global_impure_ptr
                0x0000000008008904        0x4 c:/st/stm32cubeide_1.7.0/stm32cubeide/plugins/com.st.stm32cube.ide.mcu.externaltools.gnu-tools-for-stm32.9-2020-q2-update.win32_2.0.0.202105311346/tools/bin/../lib/gcc/arm-none-eabi/9.3.1/../../../../arm-none-eabi/lib/thumb/v7e-m+fp/hard\libc_nano.a(lib_a-impure.o)
                0x0000000008008904                _global_impure_ptr
 .rodata.srand.str1.1
                0x0000000008008908       0x76 c:/st/stm32cubeide_1.7.0/stm32cubeide/plugins/com.st.stm32cube.ide.mcu.externaltools.gnu-tools-for-stm32.9-2020-q2-update.win32_2.0.0.202105311346/tools/bin/../lib/gcc/arm-none-eabi/9.3.1/../../../../arm-none-eabi/lib/thumb/v7e-m+fp/hard\libc_nano.a(lib_a-rand.o)
 .rodata.__assert_func.str1.1
                0x000000000800897e       0x3c c:/st/stm32cubeide_1.7.0/stm32cubeide/plugins/com.st.stm32cube.ide.mcu.externaltools.gnu-tools-for-stm32.9-2020-q2-update.win32_2.0.0.202105311346/tools/bin/../lib/gcc/arm-none-eabi/9.3.1/../../../../arm-none-eabi/lib/thumb/v7e-m+fp/hard\libc_nano.a(lib_a-assert.o)
                                         0x3d (size before relaxing)
 .rodata._vfprintf_r.str1.1
                0x00000000080089ba       0x11 c:/st/stm32cubeide_1.7.0/stm32cubeide/plugins/com.st.stm32cube.ide.mcu.externaltools.gnu-tools-for-stm32.9-2020-q2-update.win32_2.0.0.202105311346/tools/bin/../lib/gcc/arm-none-eabi/9.3.1/../../../../arm-none-eabi/lib/thumb/v7e-m+fp/hard\libc_nano.a(lib_a-nano-vfprintf.o)
 .rodata._printf_i.str1.1
                0x00000000080089cb       0x22 c:/st/stm32cubeide_1.7.0/stm32cubeide/plugins/com.st.stm32cube.ide.mcu.externaltools.gnu-tools-for-stm32.9-2020-q2-update.win32_2.0.0.202105311346/tools/bin/../lib/gcc/arm-none-eabi/9.3.1/../../../../arm-none-eabi/lib/thumb/v7e-m+fp/hard\libc_nano.a(lib_a-nano-vfprintf_i.o)
 *fill*         0x00000000080089ed        0x3 
 .rodata.__sf_fake_stderr
                0x00000000080089f0       0x20 c:/st/stm32cubeide_1.7.0/stm32cubeide/plugins/com.st.stm32cube.ide.mcu.externaltools.gnu-tools-for-stm32.9-2020-q2-update.win32_2.0.0.202105311346/tools/bin/../lib/gcc/arm-none-eabi/9.3.1/../../../../arm-none-eabi/lib/thumb/v7e-m+fp/hard\libc_nano.a(lib_a-findfp.o)
                0x00000000080089f0                __sf_fake_stderr
 .rodata.__sf_fake_stdin
                0x0000000008008a10       0x20 c:/st/stm32cubeide_1.7.0/stm32cubeide/plugins/com.st.stm32cube.ide.mcu.externaltools.gnu-tools-for-stm32.9-2020-q2-update.win32_2.0.0.202105311346/tools/bin/../lib/gcc/arm-none-eabi/9.3.1/../../../../arm-none-eabi/lib/thumb/v7e-m+fp/hard\libc_nano.a(lib_a-findfp.o)
                0x0000000008008a10                __sf_fake_stdin
 .rodata.__sf_fake_stdout
                0x0000000008008a30       0x20 c:/st/stm32cubeide_1.7.0/stm32cubeide/plugins/com.st.stm32cube.ide.mcu.externaltools.gnu-tools-for-stm32.9-2020-q2-update.win32_2.0.0.202105311346/tools/bin/../lib/gcc/arm-none-eabi/9.3.1/../../../../arm-none-eabi/lib/thumb/v7e-m+fp/hard\libc_nano.a(lib_a-findfp.o)
                0x0000000008008a30                __sf_fake_stdout
                0x0000000008008a50                . = ALIGN (0x4)

.ARM.extab      0x0000000008008a50        0x0
                0x0000000008008a50                . = ALIGN (0x4)
 *(.ARM.extab* .gnu.linkonce.armextab.*)
                0x0000000008008a50                . = ALIGN (0x4)

.ARM            0x0000000008008a50        0x8
                0x0000000008008a50                . = ALIGN (0x4)
                0x0000000008008a50                __exidx_start = .
 *(.ARM.exidx*)
 .ARM.exidx     0x0000000008008a50        0x8 c:/st/stm32cubeide_1.7.0/stm32cubeide/plugins/com.st.stm32cube.ide.mcu.externaltools.gnu-tools-for-stm32.9-2020-q2-update.win32_2.0.0.202105311346/tools/bin/../lib/gcc/arm-none-eabi/9.3.1/thumb/v7e-m+fp/hard\libgcc.a(_udivmoddi4.o)
                0x0000000008008a58                __exidx_end = .
                0x0000000008008a58                . = ALIGN (0x4)

.rel.dyn        0x0000000008008a58        0x0
 .rel.iplt      0x0000000008008a58        0x0 c:/st/stm32cubeide_1.7.0/stm32cubeide/plugins/com.st.stm32cube.ide.mcu.externaltools.gnu-tools-for-stm32.9-2020-q2-update.win32_2.0.0.202105311346/tools/bin/../lib/gcc/arm-none-eabi/9.3.1/thumb/v7e-m+fp/hard/crtbegin.o

.preinit_array  0x0000000008008a58        0x0
                0x0000000008008a58                . = ALIGN (0x4)
                0x0000000008008a58                PROVIDE (__preinit_array_start = .)
 *(.preinit_array*)
                0x0000000008008a58                PROVIDE (__preinit_array_end = .)
                0x0000000008008a58                . = ALIGN (0x4)

.init_array     0x0000000008008a58        0x4
                0x0000000008008a58                . = ALIGN (0x4)
                0x0000000008008a58                PROVIDE (__init_array_start = .)
 *(SORT_BY_NAME(.init_array.*))
 *(.init_array*)
 .init_array    0x0000000008008a58        0x4 c:/st/stm32cubeide_1.7.0/stm32cubeide/plugins/com.st.stm32cube.ide.mcu.externaltools.gnu-tools-for-stm32.9-2020-q2-update.win32_2.0.0.202105311346/tools/bin/../lib/gcc/arm-none-eabi/9.3.1/thumb/v7e-m+fp/hard/crtbegin.o
                0x0000000008008a5c                PROVIDE (__init_array_end = .)
                0x0000000008008a5c                . = ALIGN (0x4)

.fini_array     0x0000000008008a5c        0x4
                0x0000000008008a5c                . = ALIGN (0x4)
                [!provide]                        PROVIDE (__fini_array_start = .)
 *(SORT_BY_NAME(.fini_array.*))
 *(.fini_array*)
 .fini_array    0x0000000008008a5c        0x4 c:/st/stm32cubeide_1.7.0/stm32cubeide/plugins/com.st.stm32cube.ide.mcu.externaltools.gnu-tools-for-stm32.9-2020-q2-update.win32_2.0.0.202105311346/tools/bin/../lib/gcc/arm-none-eabi/9.3.1/thumb/v7e-m+fp/hard/crtbegin.o
                [!provide]                        PROVIDE (__fini_array_end = .)
                0x0000000008008a60                . = ALIGN (0x4)
                0x0000000008008a60                _sidata = LOADADDR (.data)

.data           0x0000000020000000       0x98 load address 0x0000000008008a60
                0x0000000020000000                . = ALIGN (0x4)
                0x0000000020000000                _sdata = .
 *(.data)
 *(.data*)
 .data.set_connectable
                0x0000000020000000        0x1 ./BlueNRG_MS/App/sensor.o
                0x0000000020000000                set_connectable
 *fill*         0x0000000020000001        0x3 
 .data.SystemCoreClock
                0x0000000020000004        0x4 ./Core/Src/system_stm32l4xx.o
                0x0000000020000004                SystemCoreClock
 .data.hpb_exti
                0x0000000020000008        0x8 ./Drivers/BSP/B-L475E-IOT01A1/b_l475e_iot01a1.o
                0x0000000020000008                hpb_exti
 .data.HTS221_T_Drv
                0x0000000020000010       0x10 ./Drivers/BSP/Components/hts221/hts221.o
                0x0000000020000010                HTS221_T_Drv
 .data.LPS22HB_P_Drv
                0x0000000020000020        0xc ./Drivers/BSP/Components/lps22hb/lps22hb.o
                0x0000000020000020                LPS22HB_P_Drv
 .data.uwTickPrio
                0x000000002000002c        0x4 ./Drivers/STM32L4xx_HAL_Driver/Src/stm32l4xx_hal.o
                0x000000002000002c                uwTickPrio
 .data.uwTickFreq
                0x0000000020000030        0x1 ./Drivers/STM32L4xx_HAL_Driver/Src/stm32l4xx_hal.o
                0x0000000020000030                uwTickFreq
 *fill*         0x0000000020000031        0x3 
 .data._impure_ptr
                0x0000000020000034        0x4 c:/st/stm32cubeide_1.7.0/stm32cubeide/plugins/com.st.stm32cube.ide.mcu.externaltools.gnu-tools-for-stm32.9-2020-q2-update.win32_2.0.0.202105311346/tools/bin/../lib/gcc/arm-none-eabi/9.3.1/../../../../arm-none-eabi/lib/thumb/v7e-m+fp/hard\libc_nano.a(lib_a-impure.o)
                0x0000000020000034                _impure_ptr
 .data.impure_data
                0x0000000020000038       0x60 c:/st/stm32cubeide_1.7.0/stm32cubeide/plugins/com.st.stm32cube.ide.mcu.externaltools.gnu-tools-for-stm32.9-2020-q2-update.win32_2.0.0.202105311346/tools/bin/../lib/gcc/arm-none-eabi/9.3.1/../../../../arm-none-eabi/lib/thumb/v7e-m+fp/hard\libc_nano.a(lib_a-impure.o)
 *(.RamFunc)
 *(.RamFunc*)
                0x0000000020000098                . = ALIGN (0x4)
                0x0000000020000098                _edata = .

.igot.plt       0x0000000020000098        0x0 load address 0x0000000008008af8
 .igot.plt      0x0000000020000098        0x0 c:/st/stm32cubeide_1.7.0/stm32cubeide/plugins/com.st.stm32cube.ide.mcu.externaltools.gnu-tools-for-stm32.9-2020-q2-update.win32_2.0.0.202105311346/tools/bin/../lib/gcc/arm-none-eabi/9.3.1/thumb/v7e-m+fp/hard/crtbegin.o
                0x0000000020000098                . = ALIGN (0x4)

.bss            0x0000000020000098      0x67c load address 0x0000000008008af8
                0x0000000020000098                _sbss = .
                0x0000000020000098                __bss_start__ = _sbss
 *(.bss)
 .bss           0x0000000020000098       0x1c c:/st/stm32cubeide_1.7.0/stm32cubeide/plugins/com.st.stm32cube.ide.mcu.externaltools.gnu-tools-for-stm32.9-2020-q2-update.win32_2.0.0.202105311346/tools/bin/../lib/gcc/arm-none-eabi/9.3.1/thumb/v7e-m+fp/hard/crtbegin.o
 *(.bss*)
 .bss.bnrg_expansion_board
                0x00000000200000b4        0x1 ./BlueNRG_MS/App/app_bluenrg_ms.o
                0x00000000200000b4                bnrg_expansion_board
 *fill*         0x00000000200000b5        0x3 
 .bss.pressure_value
                0x00000000200000b8        0x4 ./BlueNRG_MS/App/app_bluenrg_ms.o
                0x00000000200000b8                pressure_value
 .bss.temperature_value
                0x00000000200000bc        0x4 ./BlueNRG_MS/App/app_bluenrg_ms.o
                0x00000000200000bc                temperature_value
 .bss.counter.12372
                0x00000000200000c0        0x4 ./BlueNRG_MS/App/app_bluenrg_ms.o
 .bss.connection_handle
                0x00000000200000c4        0x2 ./BlueNRG_MS/App/sensor.o
                0x00000000200000c4                connection_handle
 .bss.notification_enabled
                0x00000000200000c6        0x1 ./BlueNRG_MS/App/sensor.o
                0x00000000200000c6                notification_enabled
 *fill*         0x00000000200000c7        0x1 
 .bss.connected
                0x00000000200000c8        0x4 ./BlueNRG_MS/App/sensor.o
                0x00000000200000c8                connected
 .bss.x_axes    0x00000000200000cc        0xc ./BlueNRG_MS/App/sensor.o
                0x00000000200000cc                x_axes
 .bss.g_axes    0x00000000200000d8        0xc ./BlueNRG_MS/App/sensor.o
                0x00000000200000d8                g_axes
 .bss.m_axes    0x00000000200000e4        0xc ./BlueNRG_MS/App/sensor.o
                0x00000000200000e4                m_axes
 .bss.q_axes    0x00000000200000f0        0xc ./BlueNRG_MS/App/sensor.o
                0x00000000200000f0                q_axes
 .bss.read_char_buf.9011
                0x00000000200000fc       0xff ./BlueNRG_MS/Target/hci_tl_interface.o
 *fill*         0x00000000200001fb        0x1 
 .bss.__sbrk_heap_end
                0x00000000200001fc        0x4 ./Core/Src/sysmem.o
 .bss.Psensor_drv
                0x0000000020000200        0x4 ./Drivers/BSP/B-L475E-IOT01/stm32l475e_iot01_psensor.o
 .bss.tsensor_drv
                0x0000000020000204        0x4 ./Drivers/BSP/B-L475E-IOT01/stm32l475e_iot01_tsensor.o
 .bss.COM_ActiveLogPort
                0x0000000020000208        0x1 ./Drivers/BSP/B-L475E-IOT01A1/b_l475e_iot01a1.o
 *fill*         0x0000000020000209        0x3 
 .bss.SPI3InitCounter
                0x000000002000020c        0x4 ./Drivers/BSP/B-L475E-IOT01A1/b_l475e_iot01a1_bus.o
 .bss.hciReadPacketBuffer
                0x0000000020000210      0x2bc ./Middlewares/ST/BlueNRG-MS/hci/hci_tl_patterns/Basic/hci_tl.o
 .bss.hciContext
                0x00000000200004cc       0x20 ./Middlewares/ST/BlueNRG-MS/hci/hci_tl_patterns/Basic/hci_tl.o
 .bss.__malloc_free_list
                0x00000000200004ec        0x4 c:/st/stm32cubeide_1.7.0/stm32cubeide/plugins/com.st.stm32cube.ide.mcu.externaltools.gnu-tools-for-stm32.9-2020-q2-update.win32_2.0.0.202105311346/tools/bin/../lib/gcc/arm-none-eabi/9.3.1/../../../../arm-none-eabi/lib/thumb/v7e-m+fp/hard\libc_nano.a(lib_a-nano-mallocr.o)
                0x00000000200004ec                __malloc_free_list
 .bss.__malloc_sbrk_start
                0x00000000200004f0        0x4 c:/st/stm32cubeide_1.7.0/stm32cubeide/plugins/com.st.stm32cube.ide.mcu.externaltools.gnu-tools-for-stm32.9-2020-q2-update.win32_2.0.0.202105311346/tools/bin/../lib/gcc/arm-none-eabi/9.3.1/../../../../arm-none-eabi/lib/thumb/v7e-m+fp/hard\libc_nano.a(lib_a-nano-mallocr.o)
                0x00000000200004f0                __malloc_sbrk_start
 *(COMMON)
 COMMON         0x00000000200004f4        0x6 ./BlueNRG_MS/App/app_bluenrg_ms.o
                0x00000000200004f4                bdaddr
 *fill*         0x00000000200004fa        0x2 
 COMMON         0x00000000200004fc       0x2c ./BlueNRG_MS/App/gatt_db.o
                0x00000000200004fc                EnvironmentalCharHandle
                0x00000000200004fe                QuaternionsCharHandle
                0x0000000020000500                char_uuid
                0x0000000020000510                SWServW2STHandle
                0x0000000020000512                HWServW2STHandle
                0x0000000020000514                AccGyroMagCharHandle
                0x0000000020000518                service_uuid
 COMMON         0x0000000020000528        0x8 ./BlueNRG_MS/Target/hci_tl_interface.o
                0x0000000020000528                hexti6
 COMMON         0x0000000020000530       0xd8 ./Drivers/BSP/B-L475E-IOT01/stm32l475e_iot01.o
                0x0000000020000530                hDiscoUart
                0x00000000200005b4                hI2cHandler
 COMMON         0x0000000020000608       0x84 ./Drivers/BSP/B-L475E-IOT01A1/b_l475e_iot01a1.o
                0x0000000020000608                hcom_uart
 COMMON         0x000000002000068c       0x64 ./Drivers/BSP/B-L475E-IOT01A1/b_l475e_iot01a1_bus.o
                0x000000002000068c                hspi3
 COMMON         0x00000000200006f0        0x4 ./Drivers/STM32L4xx_HAL_Driver/Src/stm32l4xx_hal.o
                0x00000000200006f0                uwTick
 COMMON         0x00000000200006f4       0x10 ./Middlewares/ST/BlueNRG-MS/hci/hci_tl_patterns/Basic/hci_tl.o
                0x00000000200006f4                hciReadPktPool
                0x00000000200006fc                hciReadPktRxQueue
 COMMON         0x0000000020000704        0x9 c:/st/stm32cubeide_1.7.0/stm32cubeide/plugins/com.st.stm32cube.ide.mcu.externaltools.gnu-tools-for-stm32.9-2020-q2-update.win32_2.0.0.202105311346/tools/bin/../lib/gcc/arm-none-eabi/9.3.1/../../../../arm-none-eabi/lib/thumb/v7e-m+fp/hard\libc_nano.a(lib_a-lock.o)
                0x0000000020000704                __lock___atexit_recursive_mutex
                0x0000000020000705                __lock___arc4random_mutex
                0x0000000020000706                __lock___env_recursive_mutex
                0x0000000020000707                __lock___sinit_recursive_mutex
                0x0000000020000708                __lock___malloc_recursive_mutex
                0x0000000020000709                __lock___at_quick_exit_mutex
                0x000000002000070a                __lock___dd_hash_mutex
                0x000000002000070b                __lock___tz_mutex
                0x000000002000070c                __lock___sfp_recursive_mutex
 *fill*         0x000000002000070d        0x3 
 COMMON         0x0000000020000710        0x4 c:/st/stm32cubeide_1.7.0/stm32cubeide/plugins/com.st.stm32cube.ide.mcu.externaltools.gnu-tools-for-stm32.9-2020-q2-update.win32_2.0.0.202105311346/tools/bin/../lib/gcc/arm-none-eabi/9.3.1/../../../../arm-none-eabi/lib/thumb/v7e-m+fp/hard\libc_nano.a(lib_a-reent.o)
                0x0000000020000710                errno
                0x0000000020000714                . = ALIGN (0x4)
                0x0000000020000714                _ebss = .
                0x0000000020000714                __bss_end__ = _ebss

._user_heap_stack
                0x0000000020000714      0x604 load address 0x0000000008008af8
                0x0000000020000718                . = ALIGN (0x8)
 *fill*         0x0000000020000714        0x4 
                [!provide]                        PROVIDE (end = .)
                0x0000000020000718                PROVIDE (_end = .)
                0x0000000020000918                . = (. + _Min_Heap_Size)
 *fill*         0x0000000020000718      0x200 
                0x0000000020000d18                . = (. + _Min_Stack_Size)
 *fill*         0x0000000020000918      0x400 
                0x0000000020000d18                . = ALIGN (0x8)

/DISCARD/
 libc.a(*)
 libm.a(*)
 libgcc.a(*)

.ARM.attributes
                0x0000000000000000       0x30
 *(.ARM.attributes)
 .ARM.attributes
                0x0000000000000000       0x1e c:/st/stm32cubeide_1.7.0/stm32cubeide/plugins/com.st.stm32cube.ide.mcu.externaltools.gnu-tools-for-stm32.9-2020-q2-update.win32_2.0.0.202105311346/tools/bin/../lib/gcc/arm-none-eabi/9.3.1/thumb/v7e-m+fp/hard/crti.o
 .ARM.attributes
                0x000000000000001e       0x34 c:/st/stm32cubeide_1.7.0/stm32cubeide/plugins/com.st.stm32cube.ide.mcu.externaltools.gnu-tools-for-stm32.9-2020-q2-update.win32_2.0.0.202105311346/tools/bin/../lib/gcc/arm-none-eabi/9.3.1/thumb/v7e-m+fp/hard/crtbegin.o
 .ARM.attributes
                0x0000000000000052       0x34 ./BlueNRG_MS/App/app_bluenrg_ms.o
 .ARM.attributes
                0x0000000000000086       0x34 ./BlueNRG_MS/App/gatt_db.o
 .ARM.attributes
                0x00000000000000ba       0x34 ./BlueNRG_MS/App/sensor.o
 .ARM.attributes
                0x00000000000000ee       0x34 ./BlueNRG_MS/Target/hci_tl_interface.o
 .ARM.attributes
                0x0000000000000122       0x34 ./Core/Src/main.o
 .ARM.attributes
                0x0000000000000156       0x34 ./Core/Src/stm32l4xx_hal_msp.o
 .ARM.attributes
                0x000000000000018a       0x34 ./Core/Src/stm32l4xx_it.o
 .ARM.attributes
                0x00000000000001be       0x34 ./Core/Src/syscalls.o
 .ARM.attributes
                0x00000000000001f2       0x34 ./Core/Src/sysmem.o
 .ARM.attributes
                0x0000000000000226       0x34 ./Core/Src/system_stm32l4xx.o
 .ARM.attributes
                0x000000000000025a       0x21 ./Core/Startup/startup_stm32l475vgtx.o
 .ARM.attributes
                0x000000000000027b       0x34 ./Drivers/BSP/B-L475E-IOT01/stm32l475e_iot01.o
 .ARM.attributes
                0x00000000000002af       0x34 ./Drivers/BSP/B-L475E-IOT01/stm32l475e_iot01_psensor.o
 .ARM.attributes
                0x00000000000002e3       0x34 ./Drivers/BSP/B-L475E-IOT01/stm32l475e_iot01_tsensor.o
 .ARM.attributes
                0x0000000000000317       0x34 ./Drivers/BSP/B-L475E-IOT01A1/b_l475e_iot01a1.o
 .ARM.attributes
                0x000000000000034b       0x34 ./Drivers/BSP/B-L475E-IOT01A1/b_l475e_iot01a1_bus.o
 .ARM.attributes
                0x000000000000037f       0x34 ./Drivers/BSP/Components/hts221/hts221.o
 .ARM.attributes
                0x00000000000003b3       0x34 ./Drivers/BSP/Components/lps22hb/lps22hb.o
 .ARM.attributes
                0x00000000000003e7       0x34 ./Drivers/STM32L4xx_HAL_Driver/Src/stm32l4xx_hal.o
 .ARM.attributes
                0x000000000000041b       0x34 ./Drivers/STM32L4xx_HAL_Driver/Src/stm32l4xx_hal_cortex.o
 .ARM.attributes
                0x000000000000044f       0x34 ./Drivers/STM32L4xx_HAL_Driver/Src/stm32l4xx_hal_exti.o
 .ARM.attributes
                0x0000000000000483       0x34 ./Drivers/STM32L4xx_HAL_Driver/Src/stm32l4xx_hal_gpio.o
 .ARM.attributes
                0x00000000000004b7       0x34 ./Drivers/STM32L4xx_HAL_Driver/Src/stm32l4xx_hal_i2c.o
 .ARM.attributes
                0x00000000000004eb       0x34 ./Drivers/STM32L4xx_HAL_Driver/Src/stm32l4xx_hal_i2c_ex.o
 .ARM.attributes
                0x000000000000051f       0x34 ./Drivers/STM32L4xx_HAL_Driver/Src/stm32l4xx_hal_pwr_ex.o
 .ARM.attributes
                0x0000000000000553       0x34 ./Drivers/STM32L4xx_HAL_Driver/Src/stm32l4xx_hal_rcc.o
 .ARM.attributes
                0x0000000000000587       0x34 ./Drivers/STM32L4xx_HAL_Driver/Src/stm32l4xx_hal_spi.o
 .ARM.attributes
                0x00000000000005bb       0x34 ./Drivers/STM32L4xx_HAL_Driver/Src/stm32l4xx_hal_uart.o
 .ARM.attributes
                0x00000000000005ef       0x34 ./Middlewares/ST/BlueNRG-MS/hci/controller/bluenrg_gap_aci.o
 .ARM.attributes
                0x0000000000000623       0x34 ./Middlewares/ST/BlueNRG-MS/hci/controller/bluenrg_gatt_aci.o
 .ARM.attributes
                0x0000000000000657       0x34 ./Middlewares/ST/BlueNRG-MS/hci/controller/bluenrg_hal_aci.o
 .ARM.attributes
                0x000000000000068b       0x34 ./Middlewares/ST/BlueNRG-MS/hci/controller/bluenrg_utils_small.o
 .ARM.attributes
                0x00000000000006bf       0x34 ./Middlewares/ST/BlueNRG-MS/hci/hci_le.o
 .ARM.attributes
                0x00000000000006f3       0x34 ./Middlewares/ST/BlueNRG-MS/hci/hci_tl_patterns/Basic/hci_tl.o
 .ARM.attributes
                0x0000000000000727       0x34 ./Middlewares/ST/BlueNRG-MS/utils/ble_list.o
 .ARM.attributes
                0x000000000000075b       0x34 c:/st/stm32cubeide_1.7.0/stm32cubeide/plugins/com.st.stm32cube.ide.mcu.externaltools.gnu-tools-for-stm32.9-2020-q2-update.win32_2.0.0.202105311346/tools/bin/../lib/gcc/arm-none-eabi/9.3.1/../../../../arm-none-eabi/lib/thumb/v7e-m+fp/hard\libc_nano.a(lib_a-errno.o)
 .ARM.attributes
                0x000000000000078f       0x32 c:/st/stm32cubeide_1.7.0/stm32cubeide/plugins/com.st.stm32cube.ide.mcu.externaltools.gnu-tools-for-stm32.9-2020-q2-update.win32_2.0.0.202105311346/tools/bin/../lib/gcc/arm-none-eabi/9.3.1/../../../../arm-none-eabi/lib/thumb/v7e-m+fp/hard\libc_nano.a(lib_a-impure.o)
 .ARM.attributes
                0x00000000000007c1       0x34 c:/st/stm32cubeide_1.7.0/stm32cubeide/plugins/com.st.stm32cube.ide.mcu.externaltools.gnu-tools-for-stm32.9-2020-q2-update.win32_2.0.0.202105311346/tools/bin/../lib/gcc/arm-none-eabi/9.3.1/../../../../arm-none-eabi/lib/thumb/v7e-m+fp/hard\libc_nano.a(lib_a-init.o)
 .ARM.attributes
                0x00000000000007f5       0x34 c:/st/stm32cubeide_1.7.0/stm32cubeide/plugins/com.st.stm32cube.ide.mcu.externaltools.gnu-tools-for-stm32.9-2020-q2-update.win32_2.0.0.202105311346/tools/bin/../lib/gcc/arm-none-eabi/9.3.1/../../../../arm-none-eabi/lib/thumb/v7e-m+fp/hard\libc_nano.a(lib_a-memcpy-stub.o)
 .ARM.attributes
                0x0000000000000829       0x34 c:/st/stm32cubeide_1.7.0/stm32cubeide/plugins/com.st.stm32cube.ide.mcu.externaltools.gnu-tools-for-stm32.9-2020-q2-update.win32_2.0.0.202105311346/tools/bin/../lib/gcc/arm-none-eabi/9.3.1/../../../../arm-none-eabi/lib/thumb/v7e-m+fp/hard\libc_nano.a(lib_a-memset.o)
 .ARM.attributes
                0x000000000000085d       0x34 c:/st/stm32cubeide_1.7.0/stm32cubeide/plugins/com.st.stm32cube.ide.mcu.externaltools.gnu-tools-for-stm32.9-2020-q2-update.win32_2.0.0.202105311346/tools/bin/../lib/gcc/arm-none-eabi/9.3.1/../../../../arm-none-eabi/lib/thumb/v7e-m+fp/hard\libc_nano.a(lib_a-rand.o)
 .ARM.attributes
                0x0000000000000891       0x17 c:/st/stm32cubeide_1.7.0/stm32cubeide/plugins/com.st.stm32cube.ide.mcu.externaltools.gnu-tools-for-stm32.9-2020-q2-update.win32_2.0.0.202105311346/tools/bin/../lib/gcc/arm-none-eabi/9.3.1/../../../../arm-none-eabi/lib/thumb/v7e-m+fp/hard\libc_nano.a(lib_a-strlen.o)
 .ARM.attributes
                0x00000000000008a8       0x34 c:/st/stm32cubeide_1.7.0/stm32cubeide/plugins/com.st.stm32cube.ide.mcu.externaltools.gnu-tools-for-stm32.9-2020-q2-update.win32_2.0.0.202105311346/tools/bin/../lib/gcc/arm-none-eabi/9.3.1/../../../../arm-none-eabi/lib/thumb/v7e-m+fp/hard\libc_nano.a(lib_a-assert.o)
 .ARM.attributes
                0x00000000000008dc       0x34 c:/st/stm32cubeide_1.7.0/stm32cubeide/plugins/com.st.stm32cube.ide.mcu.externaltools.gnu-tools-for-stm32.9-2020-q2-update.win32_2.0.0.202105311346/tools/bin/../lib/gcc/arm-none-eabi/9.3.1/../../../../arm-none-eabi/lib/thumb/v7e-m+fp/hard\libc_nano.a(lib_a-fprintf.o)
 .ARM.attributes
                0x0000000000000910       0x34 c:/st/stm32cubeide_1.7.0/stm32cubeide/plugins/com.st.stm32cube.ide.mcu.externaltools.gnu-tools-for-stm32.9-2020-q2-update.win32_2.0.0.202105311346/tools/bin/../lib/gcc/arm-none-eabi/9.3.1/../../../../arm-none-eabi/lib/thumb/v7e-m+fp/hard\libc_nano.a(lib_a-malloc.o)
 .ARM.attributes
                0x0000000000000944       0x34 c:/st/stm32cubeide_1.7.0/stm32cubeide/plugins/com.st.stm32cube.ide.mcu.externaltools.gnu-tools-for-stm32.9-2020-q2-update.win32_2.0.0.202105311346/tools/bin/../lib/gcc/arm-none-eabi/9.3.1/../../../../arm-none-eabi/lib/thumb/v7e-m+fp/hard\libc_nano.a(lib_a-nano-freer.o)
 .ARM.attributes