10:46:01 **** Incremental Build of configuration Debug for project 003LED_BLOCK_TASKS ****
make -j8 all 
arm-none-eabi-gcc "../Core/Src/main.c" -mcpu=cortex-m0plus -std=gnu11 -g3 -DDEBUG -DUSE_HAL_DRIVER -DSTM32G071xx -c -I../Core/Inc -I"C:/Users/158276/STM32CubeIDE/Workspace_RTOS/FreeRTOS/003LED_BLOCK_TASKS/Thirdparty/FreeRTOS/include" -I"C:/Users/158276/STM32CubeIDE/Workspace_RTOS/FreeRTOS/003LED_BLOCK_TASKS/Thirdparty/FreeRTOS/portable/GCC/ARM_CM0" -I"C:/Users/158276/STM32CubeIDE/Workspace_RTOS/FreeRTOS/003LED_BLOCK_TASKS/Thirdparty/FreeRTOS" -I../Drivers/STM32G0xx_HAL_Driver/Inc -I../Drivers/STM32G0xx_HAL_Driver/Inc/Legacy -I../Drivers/CMSIS/Device/ST/STM32G0xx/Include -I../Drivers/CMSIS/Include -O0 -ffunction-sections -fdata-sections -Wall -fstack-usage -MMD -MP -MF"Core/Src/main.d" -MT"Core/Src/main.o" --specs=nano.specs -mfloat-abi=soft -mthumb -o "Core/Src/main.o"
arm-none-eabi-gcc -o "003LED_BLOCK_TASKS.elf" @"objects.list"   -mcpu=cortex-m0plus -T"C:\Users\158276\STM32CubeIDE\Workspace_RTOS\FreeRTOS\003LED_BLOCK_TASKS\STM32G071RBTX_FLASH.ld" --specs=nosys.specs -Wl,-Map="003LED_BLOCK_TASKS.map" -Wl,--gc-sections -static --specs=nano.specs -mfloat-abi=soft -mthumb -Wl,--start-group -lc -lm -Wl,--end-group
Finished building target: 003LED_BLOCK_TASKS.elf
 
arm-none-eabi-size   003LED_BLOCK_TASKS.elf 
arm-none-eabi-objdump -h -S  003LED_BLOCK_TASKS.elf  > "003LED_BLOCK_TASKS.list"
   text	   data	    bss	    dec	    hex	filename
  15200	     28	   9220	  24448	   5f80	003LED_BLOCK_TASKS.elf
arm-none-eabi-objcopy  -O binary  003LED_BLOCK_TASKS.elf  "003LED_BLOCK_TASKS.bin"
Finished building: default.size.stdout
 
Finished building: 003LED_BLOCK_TASKS.bin
 
Finished building: 003LED_BLOCK_TASKS.list
 

10:46:05 Build Finished. 0 errors, 0 warnings. (took 3s.891ms)

