10:17:25 **** Incremental Build of configuration Debug for project 005LED_Task_Notify ****
make -j8 all 
arm-none-eabi-gcc "../Core/Src/main.c" -mcpu=cortex-m0plus -std=gnu11 -g3 -DDEBUG -DUSE_HAL_DRIVER -DSTM32G071xx -c -I../Core/Inc -I"C:/Users/158276/STM32CubeIDE/Workspace_RTOS/FreeRTOS/005LED_Task_Notify/Thirdparty/FreeRTOS/include" -I"C:/Users/158276/STM32CubeIDE/Workspace_RTOS/FreeRTOS/005LED_Task_Notify/Thirdparty/FreeRTOS/portable/GCC/ARM_CM0" -I"C:/Users/158276/STM32CubeIDE/Workspace_RTOS/FreeRTOS/005LED_Task_Notify/Thirdparty/FreeRTOS" -I../Drivers/STM32G0xx_HAL_Driver/Inc -I../Drivers/STM32G0xx_HAL_Driver/Inc/Legacy -I../Drivers/CMSIS/Device/ST/STM32G0xx/Include -I../Drivers/CMSIS/Include -O0 -ffunction-sections -fdata-sections -Wall -fstack-usage -MMD -MP -MF"Core/Src/main.d" -MT"Core/Src/main.o" --specs=nano.specs -mfloat-abi=soft -mthumb -o "Core/Src/main.o"
arm-none-eabi-gcc -o "005LED_Task_Notify.elf" @"objects.list"   -mcpu=cortex-m0plus -T"C:\Users\158276\STM32CubeIDE\Workspace_RTOS\FreeRTOS\005LED_Task_Notify\STM32G071RBTX_FLASH.ld" --specs=nosys.specs -Wl,-Map="005LED_Task_Notify.map" -Wl,--gc-sections -static --specs=nano.specs -mfloat-abi=soft -mthumb -Wl,--start-group -lc -lm -Wl,--end-group
Finished building target: 005LED_Task_Notify.elf
 
arm-none-eabi-size   005LED_Task_Notify.elf 
arm-none-eabi-objdump -h -S  005LED_Task_Notify.elf  > "005LED_Task_Notify.list"
arm-none-eabi-objcopy  -O binary  005LED_Task_Notify.elf  "005LED_Task_Notify.bin"
   text	   data	    bss	    dec	    hex	filename
  16732	     28	   9236	  25996	   658c	005LED_Task_Notify.elf
Finished building: default.size.stdout
 
Finished building: 005LED_Task_Notify.bin
 
Finished building: 005LED_Task_Notify.list
 

10:17:29 Build Finished. 0 errors, 0 warnings. (took 4s.411ms)

