12:19:10 **** Incremental Build of configuration Debug for project 009Timers ****
make -j8 all 
arm-none-eabi-gcc "../Core/Src/main.c" -mcpu=cortex-m0plus -std=gnu11 -g3 -DDEBUG -DUSE_HAL_DRIVER -DSTM32G071xx -c -I../Core/Inc -I../Drivers/STM32G0xx_HAL_Driver/Inc -I../Drivers/STM32G0xx_HAL_Driver/Inc/Legacy -I../Drivers/CMSIS/Device/ST/STM32G0xx/Include -I../Drivers/CMSIS/Include -O0 -ffunction-sections -fdata-sections -Wall -fstack-usage -MMD -MP -MF"Core/Src/main.d" -MT"Core/Src/main.o" --specs=nano.specs -mfloat-abi=soft -mthumb -o "Core/Src/main.o"
arm-none-eabi-gcc -o "009Timers.elf" @"objects.list"   -mcpu=cortex-m0plus -T"C:\Users\158276\STM32CubeIDE\Workspace_RTOS\FreeRTOS\009Timers\STM32G071RBTX_FLASH.ld" --specs=nosys.specs -Wl,-Map="009Timers.map" -Wl,--gc-sections -static --specs=nano.specs -mfloat-abi=soft -mthumb -Wl,--start-group -lc -lm -Wl,--end-group
Finished building target: 009Timers.elf
 
arm-none-eabi-size   009Timers.elf 
arm-none-eabi-objdump -h -S  009Timers.elf  > "009Timers.list"
arm-none-eabi-objcopy  -O binary  009Timers.elf  "009Timers.bin"
   text	   data	    bss	    dec	    hex	filename
  14604	    120	   1816	  16540	   409c	009Timers.elf
Finished building: default.size.stdout
 
Finished building: 009Timers.bin
 
Finished building: 009Timers.list
 

12:19:12 Build Finished. 0 errors, 0 warnings. (took 1s.938ms)

