19:39:37 **** Incremental Build of configuration Debug for project 29_sept_2 ****
make -j8 all 
arm-none-eabi-gcc "../Drivers/STM32G0xx_HAL_Driver/Src/stm32g0xx_hal.c" -mcpu=cortex-m0plus -std=gnu11 -g3 -DDEBUG -DUSE_HAL_DRIVER -DSTM32G071xx -c -I../Core/Inc -I../Drivers/STM32G0xx_HAL_Driver/Inc -I../Drivers/STM32G0xx_HAL_Driver/Inc/Legacy -I../Drivers/CMSIS/Device/ST/STM32G0xx/Include -I../Drivers/CMSIS/Include -O0 -ffunction-sections -fdata-sections -Wall -fstack-usage -MMD -MP -MF"Drivers/STM32G0xx_HAL_Driver/Src/stm32g0xx_hal.d" -MT"Drivers/STM32G0xx_HAL_Driver/Src/stm32g0xx_hal.o" --specs=nano.specs -mfloat-abi=soft -mthumb -o "Drivers/STM32G0xx_HAL_Driver/Src/stm32g0xx_hal.o"
arm-none-eabi-gcc "../Drivers/STM32G0xx_HAL_Driver/Src/stm32g0xx_hal_adc.c" -mcpu=cortex-m0plus -std=gnu11 -g3 -DDEBUG -DUSE_HAL_DRIVER -DSTM32G071xx -c -I../Core/Inc -I../Drivers/STM32G0xx_HAL_Driver/Inc -I../Drivers/STM32G0xx_HAL_Driver/Inc/Legacy -I../Drivers/CMSIS/Device/ST/STM32G0xx/Include -I../Drivers/CMSIS/Include -O0 -ffunction-sections -fdata-sections -Wall -fstack-usage -MMD -MP -MF"Drivers/STM32G0xx_HAL_Driver/Src/stm32g0xx_hal_adc.d" -MT"Drivers/STM32G0xx_HAL_Driver/Src/stm32g0xx_hal_adc.o" --specs=nano.specs -mfloat-abi=soft -mthumb -o "Drivers/STM32G0xx_HAL_Driver/Src/stm32g0xx_hal_adc.o"
arm-none-eabi-gcc "../Drivers/STM32G0xx_HAL_Driver/Src/stm32g0xx_hal_adc_ex.c" -mcpu=cortex-m0plus -std=gnu11 -g3 -DDEBUG -DUSE_HAL_DRIVER -DSTM32G071xx -c -I../Core/Inc -I../Drivers/STM32G0xx_HAL_Driver/Inc -I../Drivers/STM32G0xx_HAL_Driver/Inc/Legacy -I../Drivers/CMSIS/Device/ST/STM32G0xx/Include -I../Drivers/CMSIS/Include -O0 -ffunction-sections -fdata-sections -Wall -fstack-usage -MMD -MP -MF"Drivers/STM32G0xx_HAL_Driver/Src/stm32g0xx_hal_adc_ex.d" -MT"Drivers/STM32G0xx_HAL_Driver/Src/stm32g0xx_hal_adc_ex.o" --specs=nano.specs -mfloat-abi=soft -mthumb -o "Drivers/STM32G0xx_HAL_Driver/Src/stm32g0xx_hal_adc_ex.o"
arm-none-eabi-gcc "../Drivers/STM32G0xx_HAL_Driver/Src/stm32g0xx_hal_cortex.c" -mcpu=cortex-m0plus -std=gnu11 -g3 -DDEBUG -DUSE_HAL_DRIVER -DSTM32G071xx -c -I../Core/Inc -I../Drivers/STM32G0xx_HAL_Driver/Inc -I../Drivers/STM32G0xx_HAL_Driver/Inc/Legacy -I../Drivers/CMSIS/Device/ST/STM32G0xx/Include -I../Drivers/CMSIS/Include -O0 -ffunction-sections -fdata-sections -Wall -fstack-usage -MMD -MP -MF"Drivers/STM32G0xx_HAL_Driver/Src/stm32g0xx_hal_cortex.d" -MT"Drivers/STM32G0xx_HAL_Driver/Src/stm32g0xx_hal_cortex.o" --specs=nano.specs -mfloat-abi=soft -mthumb -o "Drivers/STM32G0xx_HAL_Driver/Src/stm32g0xx_hal_cortex.o"
arm-none-eabi-gcc "../Drivers/STM32G0xx_HAL_Driver/Src/stm32g0xx_hal_dma.c" -mcpu=cortex-m0plus -std=gnu11 -g3 -DDEBUG -DUSE_HAL_DRIVER -DSTM32G071xx -c -I../Core/Inc -I../Drivers/STM32G0xx_HAL_Driver/Inc -I../Drivers/STM32G0xx_HAL_Driver/Inc/Legacy -I../Drivers/CMSIS/Device/ST/STM32G0xx/Include -I../Drivers/CMSIS/Include -O0 -ffunction-sections -fdata-sections -Wall -fstack-usage -MMD -MP -MF"Drivers/STM32G0xx_HAL_Driver/Src/stm32g0xx_hal_dma.d" -MT"Drivers/STM32G0xx_HAL_Driver/Src/stm32g0xx_hal_dma.o" --specs=nano.specs -mfloat-abi=soft -mthumb -o "Drivers/STM32G0xx_HAL_Driver/Src/stm32g0xx_hal_dma.o"
arm-none-eabi-gcc "../Drivers/STM32G0xx_HAL_Driver/Src/stm32g0xx_hal_dma_ex.c" -mcpu=cortex-m0plus -std=gnu11 -g3 -DDEBUG -DUSE_HAL_DRIVER -DSTM32G071xx -c -I../Core/Inc -I../Drivers/STM32G0xx_HAL_Driver/Inc -I../Drivers/STM32G0xx_HAL_Driver/Inc/Legacy -I../Drivers/CMSIS/Device/ST/STM32G0xx/Include -I../Drivers/CMSIS/Include -O0 -ffunction-sections -fdata-sections -Wall -fstack-usage -MMD -MP -MF"Drivers/STM32G0xx_HAL_Driver/Src/stm32g0xx_hal_dma_ex.d" -MT"Drivers/STM32G0xx_HAL_Driver/Src/stm32g0xx_hal_dma_ex.o" --specs=nano.specs -mfloat-abi=soft -mthumb -o "Drivers/STM32G0xx_HAL_Driver/Src/stm32g0xx_hal_dma_ex.o"
arm-none-eabi-gcc "../Drivers/STM32G0xx_HAL_Driver/Src/stm32g0xx_hal_exti.c" -mcpu=cortex-m0plus -std=gnu11 -g3 -DDEBUG -DUSE_HAL_DRIVER -DSTM32G071xx -c -I../Core/Inc -I../Drivers/STM32G0xx_HAL_Driver/Inc -I../Drivers/STM32G0xx_HAL_Driver/Inc/Legacy -I../Drivers/CMSIS/Device/ST/STM32G0xx/Include -I../Drivers/CMSIS/Include -O0 -ffunction-sections -fdata-sections -Wall -fstack-usage -MMD -MP -MF"Drivers/STM32G0xx_HAL_Driver/Src/stm32g0xx_hal_exti.d" -MT"Drivers/STM32G0xx_HAL_Driver/Src/stm32g0xx_hal_exti.o" --specs=nano.specs -mfloat-abi=soft -mthumb -o "Drivers/STM32G0xx_HAL_Driver/Src/stm32g0xx_hal_exti.o"
arm-none-eabi-gcc "../Drivers/STM32G0xx_HAL_Driver/Src/stm32g0xx_hal_flash.c" -mcpu=cortex-m0plus -std=gnu11 -g3 -DDEBUG -DUSE_HAL_DRIVER -DSTM32G071xx -c -I../Core/Inc -I../Drivers/STM32G0xx_HAL_Driver/Inc -I../Drivers/STM32G0xx_HAL_Driver/Inc/Legacy -I../Drivers/CMSIS/Device/ST/STM32G0xx/Include -I../Drivers/CMSIS/Include -O0 -ffunction-sections -fdata-sections -Wall -fstack-usage -MMD -MP -MF"Drivers/STM32G0xx_HAL_Driver/Src/stm32g0xx_hal_flash.d" -MT"Drivers/STM32G0xx_HAL_Driver/Src/stm32g0xx_hal_flash.o" --specs=nano.specs -mfloat-abi=soft -mthumb -o "Drivers/STM32G0xx_HAL_Driver/Src/stm32g0xx_hal_flash.o"
arm-none-eabi-gcc "../Drivers/STM32G0xx_HAL_Driver/Src/stm32g0xx_hal_flash_ex.c" -mcpu=cortex-m0plus -std=gnu11 -g3 -DDEBUG -DUSE_HAL_DRIVER -DSTM32G071xx -c -I../Core/Inc -I../Drivers/STM32G0xx_HAL_Driver/Inc -I../Drivers/STM32G0xx_HAL_Driver/Inc/Legacy -I../Drivers/CMSIS/Device/ST/STM32G0xx/Include -I../Drivers/CMSIS/Include -O0 -ffunction-sections -fdata-sections -Wall -fstack-usage -MMD -MP -MF"Drivers/STM32G0xx_HAL_Driver/Src/stm32g0xx_hal_flash_ex.d" -MT"Drivers/STM32G0xx_HAL_Driver/Src/stm32g0xx_hal_flash_ex.o" --specs=nano.specs -mfloat-abi=soft -mthumb -o "Drivers/STM32G0xx_HAL_Driver/Src/stm32g0xx_hal_flash_ex.o"
arm-none-eabi-gcc "../Drivers/STM32G0xx_HAL_Driver/Src/stm32g0xx_hal_gpio.c" -mcpu=cortex-m0plus -std=gnu11 -g3 -DDEBUG -DUSE_HAL_DRIVER -DSTM32G071xx -c -I../Core/Inc -I../Drivers/STM32G0xx_HAL_Driver/Inc -I../Drivers/STM32G0xx_HAL_Driver/Inc/Legacy -I../Drivers/CMSIS/Device/ST/STM32G0xx/Include -I../Drivers/CMSIS/Include -O0 -ffunction-sections -fdata-sections -Wall -fstack-usage -MMD -MP -MF"Drivers/STM32G0xx_HAL_Driver/Src/stm32g0xx_hal_gpio.d" -MT"Drivers/STM32G0xx_HAL_Driver/Src/stm32g0xx_hal_gpio.o" --specs=nano.specs -mfloat-abi=soft -mthumb -o "Drivers/STM32G0xx_HAL_Driver/Src/stm32g0xx_hal_gpio.o"
arm-none-eabi-gcc "../Drivers/STM32G0xx_HAL_Driver/Src/stm32g0xx_hal_pwr.c" -mcpu=cortex-m0plus -std=gnu11 -g3 -DDEBUG -DUSE_HAL_DRIVER -DSTM32G071xx -c -I../Core/Inc -I../Drivers/STM32G0xx_HAL_Driver/Inc -I../Drivers/STM32G0xx_HAL_Driver/Inc/Legacy -I../Drivers/CMSIS/Device/ST/STM32G0xx/Include -I../Drivers/CMSIS/Include -O0 -ffunction-sections -fdata-sections -Wall -fstack-usage -MMD -MP -MF"Drivers/STM32G0xx_HAL_Driver/Src/stm32g0xx_hal_pwr.d" -MT"Drivers/STM32G0xx_HAL_Driver/Src/stm32g0xx_hal_pwr.o" --specs=nano.specs -mfloat-abi=soft -mthumb -o "Drivers/STM32G0xx_HAL_Driver/Src/stm32g0xx_hal_pwr.o"
arm-none-eabi-gcc "../Drivers/STM32G0xx_HAL_Driver/Src/stm32g0xx_hal_pwr_ex.c" -mcpu=cortex-m0plus -std=gnu11 -g3 -DDEBUG -DUSE_HAL_DRIVER -DSTM32G071xx -c -I../Core/Inc -I../Drivers/STM32G0xx_HAL_Driver/Inc -I../Drivers/STM32G0xx_HAL_Driver/Inc/Legacy -I../Drivers/CMSIS/Device/ST/STM32G0xx/Include -I../Drivers/CMSIS/Include -O0 -ffunction-sections -fdata-sections -Wall -fstack-usage -MMD -MP -MF"Drivers/STM32G0xx_HAL_Driver/Src/stm32g0xx_hal_pwr_ex.d" -MT"Drivers/STM32G0xx_HAL_Driver/Src/stm32g0xx_hal_pwr_ex.o" --specs=nano.specs -mfloat-abi=soft -mthumb -o "Drivers/STM32G0xx_HAL_Driver/Src/stm32g0xx_hal_pwr_ex.o"
arm-none-eabi-gcc "../Drivers/STM32G0xx_HAL_Driver/Src/stm32g0xx_hal_rcc.c" -mcpu=cortex-m0plus -std=gnu11 -g3 -DDEBUG -DUSE_HAL_DRIVER -DSTM32G071xx -c -I../Core/Inc -I../Drivers/STM32G0xx_HAL_Driver/Inc -I../Drivers/STM32G0xx_HAL_Driver/Inc/Legacy -I../Drivers/CMSIS/Device/ST/STM32G0xx/Include -I../Drivers/CMSIS/Include -O0 -ffunction-sections -fdata-sections -Wall -fstack-usage -MMD -MP -MF"Drivers/STM32G0xx_HAL_Driver/Src/stm32g0xx_hal_rcc.d" -MT"Drivers/STM32G0xx_HAL_Driver/Src/stm32g0xx_hal_rcc.o" --specs=nano.specs -mfloat-abi=soft -mthumb -o "Drivers/STM32G0xx_HAL_Driver/Src/stm32g0xx_hal_rcc.o"
arm-none-eabi-gcc "../Drivers/STM32G0xx_HAL_Driver/Src/stm32g0xx_hal_rcc_ex.c" -mcpu=cortex-m0plus -std=gnu11 -g3 -DDEBUG -DUSE_HAL_DRIVER -DSTM32G071xx -c -I../Core/Inc -I../Drivers/STM32G0xx_HAL_Driver/Inc -I../Drivers/STM32G0xx_HAL_Driver/Inc/Legacy -I../Drivers/CMSIS/Device/ST/STM32G0xx/Include -I../Drivers/CMSIS/Include -O0 -ffunction-sections -fdata-sections -Wall -fstack-usage -MMD -MP -MF"Drivers/STM32G0xx_HAL_Driver/Src/stm32g0xx_hal_rcc_ex.d" -MT"Drivers/STM32G0xx_HAL_Driver/Src/stm32g0xx_hal_rcc_ex.o" --specs=nano.specs -mfloat-abi=soft -mthumb -o "Drivers/STM32G0xx_HAL_Driver/Src/stm32g0xx_hal_rcc_ex.o"
arm-none-eabi-gcc "../Drivers/STM32G0xx_HAL_Driver/Src/stm32g0xx_hal_tim.c" -mcpu=cortex-m0plus -std=gnu11 -g3 -DDEBUG -DUSE_HAL_DRIVER -DSTM32G071xx -c -I../Core/Inc -I../Drivers/STM32G0xx_HAL_Driver/Inc -I../Drivers/STM32G0xx_HAL_Driver/Inc/Legacy -I../Drivers/CMSIS/Device/ST/STM32G0xx/Include -I../Drivers/CMSIS/Include -O0 -ffunction-sections -fdata-sections -Wall -fstack-usage -MMD -MP -MF"Drivers/STM32G0xx_HAL_Driver/Src/stm32g0xx_hal_tim.d" -MT"Drivers/STM32G0xx_HAL_Driver/Src/stm32g0xx_hal_tim.o" --specs=nano.specs -mfloat-abi=soft -mthumb -o "Drivers/STM32G0xx_HAL_Driver/Src/stm32g0xx_hal_tim.o"
arm-none-eabi-gcc "../Drivers/STM32G0xx_HAL_Driver/Src/stm32g0xx_hal_tim_ex.c" -mcpu=cortex-m0plus -std=gnu11 -g3 -DDEBUG -DUSE_HAL_DRIVER -DSTM32G071xx -c -I../Core/Inc -I../Drivers/STM32G0xx_HAL_Driver/Inc -I../Drivers/STM32G0xx_HAL_Driver/Inc/Legacy -I../Drivers/CMSIS/Device/ST/STM32G0xx/Include -I../Drivers/CMSIS/Include -O0 -ffunction-sections -fdata-sections -Wall -fstack-usage -MMD -MP -MF"Drivers/STM32G0xx_HAL_Driver/Src/stm32g0xx_hal_tim_ex.d" -MT"Drivers/STM32G0xx_HAL_Driver/Src/stm32g0xx_hal_tim_ex.o" --specs=nano.specs -mfloat-abi=soft -mthumb -o "Drivers/STM32G0xx_HAL_Driver/Src/stm32g0xx_hal_tim_ex.o"
arm-none-eabi-gcc "../Drivers/STM32G0xx_HAL_Driver/Src/stm32g0xx_hal_uart.c" -mcpu=cortex-m0plus -std=gnu11 -g3 -DDEBUG -DUSE_HAL_DRIVER -DSTM32G071xx -c -I../Core/Inc -I../Drivers/STM32G0xx_HAL_Driver/Inc -I../Drivers/STM32G0xx_HAL_Driver/Inc/Legacy -I../Drivers/CMSIS/Device/ST/STM32G0xx/Include -I../Drivers/CMSIS/Include -O0 -ffunction-sections -fdata-sections -Wall -fstack-usage -MMD -MP -MF"Drivers/STM32G0xx_HAL_Driver/Src/stm32g0xx_hal_uart.d" -MT"Drivers/STM32G0xx_HAL_Driver/Src/stm32g0xx_hal_uart.o" --specs=nano.specs -mfloat-abi=soft -mthumb -o "Drivers/STM32G0xx_HAL_Driver/Src/stm32g0xx_hal_uart.o"
arm-none-eabi-gcc "../Drivers/STM32G0xx_HAL_Driver/Src/stm32g0xx_hal_uart_ex.c" -mcpu=cortex-m0plus -std=gnu11 -g3 -DDEBUG -DUSE_HAL_DRIVER -DSTM32G071xx -c -I../Core/Inc -I../Drivers/STM32G0xx_HAL_Driver/Inc -I../Drivers/STM32G0xx_HAL_Driver/Inc/Legacy -I../Drivers/CMSIS/Device/ST/STM32G0xx/Include -I../Drivers/CMSIS/Include -O0 -ffunction-sections -fdata-sections -Wall -fstack-usage -MMD -MP -MF"Drivers/STM32G0xx_HAL_Driver/Src/stm32g0xx_hal_uart_ex.d" -MT"Drivers/STM32G0xx_HAL_Driver/Src/stm32g0xx_hal_uart_ex.o" --specs=nano.specs -mfloat-abi=soft -mthumb -o "Drivers/STM32G0xx_HAL_Driver/Src/stm32g0xx_hal_uart_ex.o"
arm-none-eabi-gcc "../Core/Src/main.c" -mcpu=cortex-m0plus -std=gnu11 -g3 -DDEBUG -DUSE_HAL_DRIVER -DSTM32G071xx -c -I../Core/Inc -I../Drivers/STM32G0xx_HAL_Driver/Inc -I../Drivers/STM32G0xx_HAL_Driver/Inc/Legacy -I../Drivers/CMSIS/Device/ST/STM32G0xx/Include -I../Drivers/CMSIS/Include -O0 -ffunction-sections -fdata-sections -Wall -fstack-usage -MMD -MP -MF"Core/Src/main.d" -MT"Core/Src/main.o" --specs=nano.specs -mfloat-abi=soft -mthumb -o "Core/Src/main.o"
arm-none-eabi-gcc "../Core/Src/stm32g0xx_hal_msp.c" -mcpu=cortex-m0plus -std=gnu11 -g3 -DDEBUG -DUSE_HAL_DRIVER -DSTM32G071xx -c -I../Core/Inc -I../Drivers/STM32G0xx_HAL_Driver/Inc -I../Drivers/STM32G0xx_HAL_Driver/Inc/Legacy -I../Drivers/CMSIS/Device/ST/STM32G0xx/Include -I../Drivers/CMSIS/Include -O0 -ffunction-sections -fdata-sections -Wall -fstack-usage -MMD -MP -MF"Core/Src/stm32g0xx_hal_msp.d" -MT"Core/Src/stm32g0xx_hal_msp.o" --specs=nano.specs -mfloat-abi=soft -mthumb -o "Core/Src/stm32g0xx_hal_msp.o"
arm-none-eabi-gcc "../Core/Src/stm32g0xx_it.c" -mcpu=cortex-m0plus -std=gnu11 -g3 -DDEBUG -DUSE_HAL_DRIVER -DSTM32G071xx -c -I../Core/Inc -I../Drivers/STM32G0xx_HAL_Driver/Inc -I../Drivers/STM32G0xx_HAL_Driver/Inc/Legacy -I../Drivers/CMSIS/Device/ST/STM32G0xx/Include -I../Drivers/CMSIS/Include -O0 -ffunction-sections -fdata-sections -Wall -fstack-usage -MMD -MP -MF"Core/Src/stm32g0xx_it.d" -MT"Core/Src/stm32g0xx_it.o" --specs=nano.specs -mfloat-abi=soft -mthumb -o "Core/Src/stm32g0xx_it.o"
../Core/Src/stm32g0xx_it.c: In function 'EXTI4_15_IRQHandler':
../Core/Src/stm32g0xx_it.c:166:31: warning: pointer targets in passing argument 2 of 'HAL_UART_Transmit' differ in signedness [-Wpointer-sign]
  166 |    HAL_UART_Transmit(&huart1, "Button Pressed\r\n", sizeof("Button Pressed\r\n"), HAL_MAX_DELAY);
      |                               ^~~~~~~~~~~~~~~~~~~~
      |                               |
      |                               char *
In file included from ../Core/Inc/stm32g0xx_hal_conf.h:318,
                 from ../Drivers/STM32G0xx_HAL_Driver/Inc/stm32g0xx_hal.h:29,
                 from ../Core/Inc/main.h:31,
                 from ../Core/Src/stm32g0xx_it.c:22:
../Drivers/STM32G0xx_HAL_Driver/Inc/stm32g0xx_hal_uart.h:1610:79: note: expected 'const uint8_t *' {aka 'const unsigned char *'} but argument is of type 'char *'
 1610 | HAL_StatusTypeDef HAL_UART_Transmit(UART_HandleTypeDef *huart, const uint8_t *pData, uint16_t Size, uint32_t Timeout);
      |                                                                ~~~~~~~~~~~~~~~^~~~~
../Core/Src/stm32g0xx_it.c:189:24: warning: format '%d' expects argument of type 'int', but argument 3 has type 'uint64_t' {aka 'long long unsigned int'} [-Wformat=]
  189 |      sprintf(msg,"sum=%d\r\n",sum);
      |                       ~^      ~~~
      |                        |      |
      |                        int    uint64_t {aka long long unsigned int}
      |                       %lld
../Core/Src/stm32g0xx_it.c:192:23: warning: format '%d' expects argument of type 'int', but argument 3 has type 'uint64_t' {aka 'long long unsigned int'} [-Wformat=]
  192 |      sprintf(msg,"av=%d\r\n",av);
      |                      ~^      ~~
      |                       |      |
      |                       int    uint64_t {aka long long unsigned int}
      |                      %lld
../Core/Src/stm32g0xx_it.c:203:32: warning: pointer targets in passing argument 2 of 'HAL_UART_Transmit' differ in signedness [-Wpointer-sign]
  203 |     HAL_UART_Transmit(&huart1, "one min complete\r\n", sizeof("one min complete\r\n"), HAL_MAX_DELAY);
      |                                ^~~~~~~~~~~~~~~~~~~~~~
      |                                |
      |                                char *
In file included from ../Core/Inc/stm32g0xx_hal_conf.h:318,
                 from ../Drivers/STM32G0xx_HAL_Driver/Inc/stm32g0xx_hal.h:29,
                 from ../Core/Inc/main.h:31,
                 from ../Core/Src/stm32g0xx_it.c:22:
../Drivers/STM32G0xx_HAL_Driver/Inc/stm32g0xx_hal_uart.h:1610:79: note: expected 'const uint8_t *' {aka 'const unsigned char *'} but argument is of type 'char *'
 1610 | HAL_StatusTypeDef HAL_UART_Transmit(UART_HandleTypeDef *huart, const uint8_t *pData, uint16_t Size, uint32_t Timeout);
      |                                                                ~~~~~~~~~~~~~~~^~~~~
arm-none-eabi-gcc "../Core/Src/system_stm32g0xx.c" -mcpu=cortex-m0plus -std=gnu11 -g3 -DDEBUG -DUSE_HAL_DRIVER -DSTM32G071xx -c -I../Core/Inc -I../Drivers/STM32G0xx_HAL_Driver/Inc -I../Drivers/STM32G0xx_HAL_Driver/Inc/Legacy -I../Drivers/CMSIS/Device/ST/STM32G0xx/Include -I../Drivers/CMSIS/Include -O0 -ffunction-sections -fdata-sections -Wall -fstack-usage -MMD -MP -MF"Core/Src/system_stm32g0xx.d" -MT"Core/Src/system_stm32g0xx.o" --specs=nano.specs -mfloat-abi=soft -mthumb -o "Core/Src/system_stm32g0xx.o"
arm-none-eabi-gcc -o "29_sept_2.elf" @"objects.list"   -mcpu=cortex-m0plus -T"C:\Users\158276\STM32CubeIDE\Workspace_RTOS\FreeRTOS\29_sept_2\STM32G071RBTX_FLASH.ld" --specs=nosys.specs -Wl,-Map="29_sept_2.map" -Wl,--gc-sections -static --specs=nano.specs -mfloat-abi=soft -mthumb -Wl,--start-group -lc -lm -Wl,--end-group
Finished building target: 29_sept_2.elf
 
arm-none-eabi-size   29_sept_2.elf 
arm-none-eabi-objdump -h -S  29_sept_2.elf  > "29_sept_2.list"
arm-none-eabi-objcopy  -O binary  29_sept_2.elf  "29_sept_2.bin"
   text	   data	    bss	    dec	    hex	filename
  19048	    120	   2536	  21704	   54c8	29_sept_2.elf
Finished building: default.size.stdout
 
Finished building: 29_sept_2.bin
 
Finished building: 29_sept_2.list
 

19:39:43 Build Finished. 0 errors, 4 warnings. (took 6s.219ms)

