14:53:35 **** Incremental Build of configuration Debug for project 6_oct_I2c ****
make -j8 all 
arm-none-eabi-gcc "../Core/Src/main.c" -mcpu=cortex-m0plus -std=gnu11 -g3 -DDEBUG -DUSE_HAL_DRIVER -DSTM32G071xx -c -I../Core/Inc -I../Drivers/STM32G0xx_HAL_Driver/Inc -I../Drivers/STM32G0xx_HAL_Driver/Inc/Legacy -I../Drivers/CMSIS/Device/ST/STM32G0xx/Include -I../Drivers/CMSIS/Include -O0 -ffunction-sections -fdata-sections -Wall -fstack-usage -MMD -MP -MF"Core/Src/main.d" -MT"Core/Src/main.o" --specs=nano.specs -mfloat-abi=soft -mthumb -o "Core/Src/main.o"
arm-none-eabi-gcc -o "6_oct_I2c.elf" @"objects.list"   -mcpu=cortex-m0plus -T"C:\Users\158276\STM32CubeIDE\Workspace_RTOS\FreeRTOS\6_oct_I2c\STM32G071RBTX_FLASH.ld" --specs=nosys.specs -Wl,-Map="6_oct_I2c.map" -Wl,--gc-sections -static --specs=nano.specs -mfloat-abi=soft -mthumb -Wl,--start-group -lc -lm -Wl,--end-group
Finished building target: 6_oct_I2c.elf
 
arm-none-eabi-size   6_oct_I2c.elf 
arm-none-eabi-objdump -h -S  6_oct_I2c.elf  > "6_oct_I2c.list"
arm-none-eabi-objcopy  -O binary  6_oct_I2c.elf  "6_oct_I2c.bin"
   text	   data	    bss	    dec	    hex	filename
  14668	     24	   1792	  16484	   4064	6_oct_I2c.elf
Finished building: default.size.stdout
 
Finished building: 6_oct_I2c.list
 
Finished building: 6_oct_I2c.bin
 

14:53:37 Build Finished. 0 errors, 0 warnings. (took 1s.643ms)

