14:49:49 **** Incremental Build of configuration Debug for project Final_DMA_IT_samplingRate ****
make -j8 all 
arm-none-eabi-gcc "../Core/Src/main.c" -mcpu=cortex-m0plus -std=gnu11 -g3 -DDEBUG -DUSE_HAL_DRIVER -DSTM32G071xx -c -I../Core/Inc -I../Drivers/STM32G0xx_HAL_Driver/Inc -I../Drivers/STM32G0xx_HAL_Driver/Inc/Legacy -I../Drivers/CMSIS/Device/ST/STM32G0xx/Include -I../Drivers/CMSIS/Include -O0 -ffunction-sections -fdata-sections -Wall -fstack-usage -MMD -MP -MF"Core/Src/main.d" -MT"Core/Src/main.o" --specs=nano.specs -mfloat-abi=soft -mthumb -o "Core/Src/main.o"
../Core/Src/main.c: In function 'HAL_ADC_ConvCpltCallback':
../Core/Src/main.c:396:27: warning: format '%lu' expects argument of type 'long unsigned int', but argument 3 has type 'uint64_t' {aka 'long long unsigned int'} [-Wformat=]
  396 |     sprintf(msg,"/ms AV=%lu\r\n",AV);
      |                         ~~^      ~~
      |                           |      |
      |                           |      uint64_t {aka long long unsigned int}
      |                           long unsigned int
      |                         %llu
arm-none-eabi-gcc -o "Final_DMA_IT_samplingRate.elf" @"objects.list"   -mcpu=cortex-m0plus -T"C:\Users\158276\STM32CubeIDE\Workspace_RTOS\FreeRTOS\Final_DMA_IT_samplingRate\STM32G071RBTX_FLASH.ld" --specs=nosys.specs -Wl,-Map="Final_DMA_IT_samplingRate.map" -Wl,--gc-sections -static --specs=nano.specs -mfloat-abi=soft -mthumb -Wl,--start-group -lc -lm -Wl,--end-group
Finished building target: Final_DMA_IT_samplingRate.elf
 
arm-none-eabi-size   Final_DMA_IT_samplingRate.elf 
arm-none-eabi-objdump -h -S  Final_DMA_IT_samplingRate.elf  > "Final_DMA_IT_samplingRate.list"
arm-none-eabi-objcopy  -O binary  Final_DMA_IT_samplingRate.elf  "Final_DMA_IT_samplingRate.bin"
   text	   data	    bss	    dec	    hex	filename
  19980	    120	   2288	  22388	   5774	Final_DMA_IT_samplingRate.elf
Finished building: default.size.stdout
 
Finished building: Final_DMA_IT_samplingRate.bin
 
Finished building: Final_DMA_IT_samplingRate.list
 

14:49:51 Build Finished. 0 errors, 1 warnings. (took 2s.286ms)

