11:36:36 **** Incremental Build of configuration Debug for project oct_5_I2c ****
make -j8 all 
arm-none-eabi-gcc "../Core/Src/main.c" -mcpu=cortex-m0plus -std=gnu11 -g3 -DDEBUG -DUSE_HAL_DRIVER -DSTM32G071xx -c -I../Core/Inc -I../Drivers/STM32G0xx_HAL_Driver/Inc -I../Drivers/STM32G0xx_HAL_Driver/Inc/Legacy -I../Drivers/CMSIS/Device/ST/STM32G0xx/Include -I../Drivers/CMSIS/Include -O0 -ffunction-sections -fdata-sections -Wall -fstack-usage -MMD -MP -MF"Core/Src/main.d" -MT"Core/Src/main.o" --specs=nano.specs -mfloat-abi=soft -mthumb -o "Core/Src/main.o"
arm-none-eabi-gcc -o "oct_5_I2c.elf" @"objects.list"   -mcpu=cortex-m0plus -T"C:\Users\158276\STM32CubeIDE\Workspace_RTOS\FreeRTOS\oct_5_I2c\STM32G071RBTX_FLASH.ld" --specs=nosys.specs -Wl,-Map="oct_5_I2c.map" -Wl,--gc-sections -static --specs=nano.specs -mfloat-abi=soft -mthumb -Wl,--start-group -lc -lm -Wl,--end-group
Finished building target: oct_5_I2c.elf
 
arm-none-eabi-size   oct_5_I2c.elf 
arm-none-eabi-objdump -h -S  oct_5_I2c.elf  > "oct_5_I2c.list"
arm-none-eabi-objcopy  -O binary  oct_5_I2c.elf  "oct_5_I2c.bin"
   text	   data	    bss	    dec	    hex	filename
  19480	     24	   1872	  21376	   5380	oct_5_I2c.elf
Finished building: default.size.stdout
 
Finished building: oct_5_I2c.bin
 
Finished building: oct_5_I2c.list
 

11:36:40 Build Finished. 0 errors, 0 warnings. (took 3s.850ms)

