14:42:03 **** Incremental Build of configuration Debug for project PWM ****
make -j8 all 
arm-none-eabi-gcc "../Core/Src/main.c" -mcpu=cortex-m0plus -std=gnu11 -g3 -DDEBUG -DUSE_HAL_DRIVER -DSTM32G071xx -c -I../Core/Inc -I../Drivers/STM32G0xx_HAL_Driver/Inc -I../Drivers/STM32G0xx_HAL_Driver/Inc/Legacy -I../Drivers/CMSIS/Device/ST/STM32G0xx/Include -I../Drivers/CMSIS/Include -O0 -ffunction-sections -fdata-sections -Wall -fstack-usage -MMD -MP -MF"Core/Src/main.d" -MT"Core/Src/main.o" --specs=nano.specs -mfloat-abi=soft -mthumb -o "Core/Src/main.o"
arm-none-eabi-gcc "../Core/Src/stm32g0xx_it.c" -mcpu=cortex-m0plus -std=gnu11 -g3 -DDEBUG -DUSE_HAL_DRIVER -DSTM32G071xx -c -I../Core/Inc -I../Drivers/STM32G0xx_HAL_Driver/Inc -I../Drivers/STM32G0xx_HAL_Driver/Inc/Legacy -I../Drivers/CMSIS/Device/ST/STM32G0xx/Include -I../Drivers/CMSIS/Include -O0 -ffunction-sections -fdata-sections -Wall -fstack-usage -MMD -MP -MF"Core/Src/stm32g0xx_it.d" -MT"Core/Src/stm32g0xx_it.o" --specs=nano.specs -mfloat-abi=soft -mthumb -o "Core/Src/stm32g0xx_it.o"
arm-none-eabi-gcc -o "PWM.elf" @"objects.list"   -mcpu=cortex-m0plus -T"C:\Users\158276\STM32CubeIDE\Workspace_RTOS\FreeRTOS\PWM\STM32G071RBTX_FLASH.ld" --specs=nosys.specs -Wl,-Map="PWM.map" -Wl,--gc-sections -static --specs=nano.specs -mfloat-abi=soft -mthumb -Wl,--start-group -lc -lm -Wl,--end-group
Finished building target: PWM.elf
 
arm-none-eabi-size   PWM.elf 
arm-none-eabi-objdump -h -S  PWM.elf  > "PWM.list"
arm-none-eabi-objcopy  -O binary  PWM.elf  "PWM.bin"
   text	   data	    bss	    dec	    hex	filename
   6332	     20	   1652	   8004	   1f44	PWM.elf
Finished building: default.size.stdout
 
Finished building: PWM.bin
 
Finished building: PWM.list
 

14:42:09 Build Finished. 0 errors, 0 warnings. (took 6s.289ms)

