11:06:44 **** Build of configuration Debug for project STM32_FreeRTOS_Crt_Sema_Tasks ****
make -j8 all 
arm-none-eabi-gcc "C:/Users/158276/STM32CubeIDE/Workspace_RTOS/FreeRTOS/001Task/Thirdparty/FreeRTOS/portable/MemMang/heap_4.c" -mcpu=cortex-m0plus -std=gnu11 -g3 -DDEBUG -DUSE_HAL_DRIVER -DSTM32G071xx -c -I../Core/Inc -I"C:/Users/158276/STM32CubeIDE/Workspace_RTOS/FreeRTOS/001Task/Thirdparty/FreeRTOS/include" -I"C:/Users/158276/STM32CubeIDE/Workspace_RTOS/FreeRTOS/001Task/Thirdparty/FreeRTOS/portable/GCC/ARM_CM0" -I"C:/Users/158276/STM32CubeIDE/Workspace_RTOS/FreeRTOS/001Task/Thirdparty/FreeRTOS" -I../Drivers/STM32G0xx_HAL_Driver/Inc -I../Drivers/STM32G0xx_HAL_Driver/Inc/Legacy -I../Drivers/CMSIS/Device/ST/STM32G0xx/Include -I../Drivers/CMSIS/Include -O0 -ffunction-sections -fdata-sections -Wall -fstack-usage -MMD -MP -MF"Thirdparty/FreeRTOS/portable/MemMang/heap_4.d" -MT"Thirdparty/FreeRTOS/portable/MemMang/heap_4.o" --specs=nano.specs -mfloat-abi=soft -mthumb -o "Thirdparty/FreeRTOS/portable/MemMang/heap_4.o"
arm-none-eabi-gcc "C:/Users/158276/STM32CubeIDE/Workspace_RTOS/FreeRTOS/001Task/Thirdparty/FreeRTOS/portable/GCC/ARM_CM0/port.c" -mcpu=cortex-m0plus -std=gnu11 -g3 -DDEBUG -DUSE_HAL_DRIVER -DSTM32G071xx -c -I../Core/Inc -I"C:/Users/158276/STM32CubeIDE/Workspace_RTOS/FreeRTOS/001Task/Thirdparty/FreeRTOS/include" -I"C:/Users/158276/STM32CubeIDE/Workspace_RTOS/FreeRTOS/001Task/Thirdparty/FreeRTOS/portable/GCC/ARM_CM0" -I"C:/Users/158276/STM32CubeIDE/Workspace_RTOS/FreeRTOS/001Task/Thirdparty/FreeRTOS" -I../Drivers/STM32G0xx_HAL_Driver/Inc -I../Drivers/STM32G0xx_HAL_Driver/Inc/Legacy -I../Drivers/CMSIS/Device/ST/STM32G0xx/Include -I../Drivers/CMSIS/Include -O0 -ffunction-sections -fdata-sections -Wall -fstack-usage -MMD -MP -MF"Thirdparty/FreeRTOS/portable/GCC/ARM_CM0/port.d" -MT"Thirdparty/FreeRTOS/portable/GCC/ARM_CM0/port.o" --specs=nano.specs -mfloat-abi=soft -mthumb -o "Thirdparty/FreeRTOS/portable/GCC/ARM_CM0/port.o"
arm-none-eabi-gcc "C:/Users/158276/STM32CubeIDE/Workspace_RTOS/FreeRTOS/001Task/Thirdparty/FreeRTOS/croutine.c" -mcpu=cortex-m0plus -std=gnu11 -g3 -DDEBUG -DUSE_HAL_DRIVER -DSTM32G071xx -c -I../Core/Inc -I"C:/Users/158276/STM32CubeIDE/Workspace_RTOS/FreeRTOS/001Task/Thirdparty/FreeRTOS/include" -I"C:/Users/158276/STM32CubeIDE/Workspace_RTOS/FreeRTOS/001Task/Thirdparty/FreeRTOS/portable/GCC/ARM_CM0" -I"C:/Users/158276/STM32CubeIDE/Workspace_RTOS/FreeRTOS/001Task/Thirdparty/FreeRTOS" -I../Drivers/STM32G0xx_HAL_Driver/Inc -I../Drivers/STM32G0xx_HAL_Driver/Inc/Legacy -I../Drivers/CMSIS/Device/ST/STM32G0xx/Include -I../Drivers/CMSIS/Include -O0 -ffunction-sections -fdata-sections -Wall -fstack-usage -MMD -MP -MF"Thirdparty/FreeRTOS/croutine.d" -MT"Thirdparty/FreeRTOS/croutine.o" --specs=nano.specs -mfloat-abi=soft -mthumb -o "Thirdparty/FreeRTOS/croutine.o"
arm-none-eabi-gcc "C:/Users/158276/STM32CubeIDE/Workspace_RTOS/FreeRTOS/001Task/Thirdparty/FreeRTOS/event_groups.c" -mcpu=cortex-m0plus -std=gnu11 -g3 -DDEBUG -DUSE_HAL_DRIVER -DSTM32G071xx -c -I../Core/Inc -I"C:/Users/158276/STM32CubeIDE/Workspace_RTOS/FreeRTOS/001Task/Thirdparty/FreeRTOS/include" -I"C:/Users/158276/STM32CubeIDE/Workspace_RTOS/FreeRTOS/001Task/Thirdparty/FreeRTOS/portable/GCC/ARM_CM0" -I"C:/Users/158276/STM32CubeIDE/Workspace_RTOS/FreeRTOS/001Task/Thirdparty/FreeRTOS" -I../Drivers/STM32G0xx_HAL_Driver/Inc -I../Drivers/STM32G0xx_HAL_Driver/Inc/Legacy -I../Drivers/CMSIS/Device/ST/STM32G0xx/Include -I../Drivers/CMSIS/Include -O0 -ffunction-sections -fdata-sections -Wall -fstack-usage -MMD -MP -MF"Thirdparty/FreeRTOS/event_groups.d" -MT"Thirdparty/FreeRTOS/event_groups.o" --specs=nano.specs -mfloat-abi=soft -mthumb -o "Thirdparty/FreeRTOS/event_groups.o"
arm-none-eabi-gcc "C:/Users/158276/STM32CubeIDE/Workspace_RTOS/FreeRTOS/001Task/Thirdparty/FreeRTOS/list.c" -mcpu=cortex-m0plus -std=gnu11 -g3 -DDEBUG -DUSE_HAL_DRIVER -DSTM32G071xx -c -I../Core/Inc -I"C:/Users/158276/STM32CubeIDE/Workspace_RTOS/FreeRTOS/001Task/Thirdparty/FreeRTOS/include" -I"C:/Users/158276/STM32CubeIDE/Workspace_RTOS/FreeRTOS/001Task/Thirdparty/FreeRTOS/portable/GCC/ARM_CM0" -I"C:/Users/158276/STM32CubeIDE/Workspace_RTOS/FreeRTOS/001Task/Thirdparty/FreeRTOS" -I../Drivers/STM32G0xx_HAL_Driver/Inc -I../Drivers/STM32G0xx_HAL_Driver/Inc/Legacy -I../Drivers/CMSIS/Device/ST/STM32G0xx/Include -I../Drivers/CMSIS/Include -O0 -ffunction-sections -fdata-sections -Wall -fstack-usage -MMD -MP -MF"Thirdparty/FreeRTOS/list.d" -MT"Thirdparty/FreeRTOS/list.o" --specs=nano.specs -mfloat-abi=soft -mthumb -o "Thirdparty/FreeRTOS/list.o"
arm-none-eabi-gcc "C:/Users/158276/STM32CubeIDE/Workspace_RTOS/FreeRTOS/001Task/Thirdparty/FreeRTOS/queue.c" -mcpu=cortex-m0plus -std=gnu11 -g3 -DDEBUG -DUSE_HAL_DRIVER -DSTM32G071xx -c -I../Core/Inc -I"C:/Users/158276/STM32CubeIDE/Workspace_RTOS/FreeRTOS/001Task/Thirdparty/FreeRTOS/include" -I"C:/Users/158276/STM32CubeIDE/Workspace_RTOS/FreeRTOS/001Task/Thirdparty/FreeRTOS/portable/GCC/ARM_CM0" -I"C:/Users/158276/STM32CubeIDE/Workspace_RTOS/FreeRTOS/001Task/Thirdparty/FreeRTOS" -I../Drivers/STM32G0xx_HAL_Driver/Inc -I../Drivers/STM32G0xx_HAL_Driver/Inc/Legacy -I../Drivers/CMSIS/Device/ST/STM32G0xx/Include -I../Drivers/CMSIS/Include -O0 -ffunction-sections -fdata-sections -Wall -fstack-usage -MMD -MP -MF"Thirdparty/FreeRTOS/queue.d" -MT"Thirdparty/FreeRTOS/queue.o" --specs=nano.specs -mfloat-abi=soft -mthumb -o "Thirdparty/FreeRTOS/queue.o"
arm-none-eabi-gcc "C:/Users/158276/STM32CubeIDE/Workspace_RTOS/FreeRTOS/001Task/Thirdparty/FreeRTOS/stream_buffer.c" -mcpu=cortex-m0plus -std=gnu11 -g3 -DDEBUG -DUSE_HAL_DRIVER -DSTM32G071xx -c -I../Core/Inc -I"C:/Users/158276/STM32CubeIDE/Workspace_RTOS/FreeRTOS/001Task/Thirdparty/FreeRTOS/include" -I"C:/Users/158276/STM32CubeIDE/Workspace_RTOS/FreeRTOS/001Task/Thirdparty/FreeRTOS/portable/GCC/ARM_CM0" -I"C:/Users/158276/STM32CubeIDE/Workspace_RTOS/FreeRTOS/001Task/Thirdparty/FreeRTOS" -I../Drivers/STM32G0xx_HAL_Driver/Inc -I../Drivers/STM32G0xx_HAL_Driver/Inc/Legacy -I../Drivers/CMSIS/Device/ST/STM32G0xx/Include -I../Drivers/CMSIS/Include -O0 -ffunction-sections -fdata-sections -Wall -fstack-usage -MMD -MP -MF"Thirdparty/FreeRTOS/stream_buffer.d" -MT"Thirdparty/FreeRTOS/stream_buffer.o" --specs=nano.specs -mfloat-abi=soft -mthumb -o "Thirdparty/FreeRTOS/stream_buffer.o"
arm-none-eabi-gcc "C:/Users/158276/STM32CubeIDE/Workspace_RTOS/FreeRTOS/001Task/Thirdparty/FreeRTOS/tasks.c" -mcpu=cortex-m0plus -std=gnu11 -g3 -DDEBUG -DUSE_HAL_DRIVER -DSTM32G071xx -c -I../Core/Inc -I"C:/Users/158276/STM32CubeIDE/Workspace_RTOS/FreeRTOS/001Task/Thirdparty/FreeRTOS/include" -I"C:/Users/158276/STM32CubeIDE/Workspace_RTOS/FreeRTOS/001Task/Thirdparty/FreeRTOS/portable/GCC/ARM_CM0" -I"C:/Users/158276/STM32CubeIDE/Workspace_RTOS/FreeRTOS/001Task/Thirdparty/FreeRTOS" -I../Drivers/STM32G0xx_HAL_Driver/Inc -I../Drivers/STM32G0xx_HAL_Driver/Inc/Legacy -I../Drivers/CMSIS/Device/ST/STM32G0xx/Include -I../Drivers/CMSIS/Include -O0 -ffunction-sections -fdata-sections -Wall -fstack-usage -MMD -MP -MF"Thirdparty/FreeRTOS/tasks.d" -MT"Thirdparty/FreeRTOS/tasks.o" --specs=nano.specs -mfloat-abi=soft -mthumb -o "Thirdparty/FreeRTOS/tasks.o"
arm-none-eabi-gcc "C:/Users/158276/STM32CubeIDE/Workspace_RTOS/FreeRTOS/001Task/Thirdparty/FreeRTOS/timers.c" -mcpu=cortex-m0plus -std=gnu11 -g3 -DDEBUG -DUSE_HAL_DRIVER -DSTM32G071xx -c -I../Core/Inc -I"C:/Users/158276/STM32CubeIDE/Workspace_RTOS/FreeRTOS/001Task/Thirdparty/FreeRTOS/include" -I"C:/Users/158276/STM32CubeIDE/Workspace_RTOS/FreeRTOS/001Task/Thirdparty/FreeRTOS/portable/GCC/ARM_CM0" -I"C:/Users/158276/STM32CubeIDE/Workspace_RTOS/FreeRTOS/001Task/Thirdparty/FreeRTOS" -I../Drivers/STM32G0xx_HAL_Driver/Inc -I../Drivers/STM32G0xx_HAL_Driver/Inc/Legacy -I../Drivers/CMSIS/Device/ST/STM32G0xx/Include -I../Drivers/CMSIS/Include -O0 -ffunction-sections -fdata-sections -Wall -fstack-usage -MMD -MP -MF"Thirdparty/FreeRTOS/timers.d" -MT"Thirdparty/FreeRTOS/timers.o" --specs=nano.specs -mfloat-abi=soft -mthumb -o "Thirdparty/FreeRTOS/timers.o"
arm-none-eabi-gcc "../Drivers/STM32G0xx_HAL_Driver/Src/stm32g0xx_hal.c" -mcpu=cortex-m0plus -std=gnu11 -g3 -DDEBUG -DUSE_HAL_DRIVER -DSTM32G071xx -c -I../Core/Inc -I"C:/Users/158276/STM32CubeIDE/Workspace_RTOS/FreeRTOS/001Task/Thirdparty/FreeRTOS/include" -I"C:/Users/158276/STM32CubeIDE/Workspace_RTOS/FreeRTOS/001Task/Thirdparty/FreeRTOS/portable/GCC/ARM_CM0" -I"C:/Users/158276/STM32CubeIDE/Workspace_RTOS/FreeRTOS/001Task/Thirdparty/FreeRTOS" -I../Drivers/STM32G0xx_HAL_Driver/Inc -I../Drivers/STM32G0xx_HAL_Driver/Inc/Legacy -I../Drivers/CMSIS/Device/ST/STM32G0xx/Include -I../Drivers/CMSIS/Include -O0 -ffunction-sections -fdata-sections -Wall -fstack-usage -MMD -MP -MF"Drivers/STM32G0xx_HAL_Driver/Src/stm32g0xx_hal.d" -MT"Drivers/STM32G0xx_HAL_Driver/Src/stm32g0xx_hal.o" --specs=nano.specs -mfloat-abi=soft -mthumb -o "Drivers/STM32G0xx_HAL_Driver/Src/stm32g0xx_hal.o"
arm-none-eabi-gcc "../Drivers/STM32G0xx_HAL_Driver/Src/stm32g0xx_hal_cortex.c" -mcpu=cortex-m0plus -std=gnu11 -g3 -DDEBUG -DUSE_HAL_DRIVER -DSTM32G071xx -c -I../Core/Inc -I"C:/Users/158276/STM32CubeIDE/Workspace_RTOS/FreeRTOS/001Task/Thirdparty/FreeRTOS/include" -I"C:/Users/158276/STM32CubeIDE/Workspace_RTOS/FreeRTOS/001Task/Thirdparty/FreeRTOS/portable/GCC/ARM_CM0" -I"C:/Users/158276/STM32CubeIDE/Workspace_RTOS/FreeRTOS/001Task/Thirdparty/FreeRTOS" -I../Drivers/STM32G0xx_HAL_Driver/Inc -I../Drivers/STM32G0xx_HAL_Driver/Inc/Legacy -I../Drivers/CMSIS/Device/ST/STM32G0xx/Include -I../Drivers/CMSIS/Include -O0 -ffunction-sections -fdata-sections -Wall -fstack-usage -MMD -MP -MF"Drivers/STM32G0xx_HAL_Driver/Src/stm32g0xx_hal_cortex.d" -MT"Drivers/STM32G0xx_HAL_Driver/Src/stm32g0xx_hal_cortex.o" --specs=nano.specs -mfloat-abi=soft -mthumb -o "Drivers/STM32G0xx_HAL_Driver/Src/stm32g0xx_hal_cortex.o"
arm-none-eabi-gcc "../Drivers/STM32G0xx_HAL_Driver/Src/stm32g0xx_hal_dma.c" -mcpu=cortex-m0plus -std=gnu11 -g3 -DDEBUG -DUSE_HAL_DRIVER -DSTM32G071xx -c -I../Core/Inc -I"C:/Users/158276/STM32CubeIDE/Workspace_RTOS/FreeRTOS/001Task/Thirdparty/FreeRTOS/include" -I"C:/Users/158276/STM32CubeIDE/Workspace_RTOS/FreeRTOS/001Task/Thirdparty/FreeRTOS/portable/GCC/ARM_CM0" -I"C:/Users/158276/STM32CubeIDE/Workspace_RTOS/FreeRTOS/001Task/Thirdparty/FreeRTOS" -I../Drivers/STM32G0xx_HAL_Driver/Inc -I../Drivers/STM32G0xx_HAL_Driver/Inc/Legacy -I../Drivers/CMSIS/Device/ST/STM32G0xx/Include -I../Drivers/CMSIS/Include -O0 -ffunction-sections -fdata-sections -Wall -fstack-usage -MMD -MP -MF"Drivers/STM32G0xx_HAL_Driver/Src/stm32g0xx_hal_dma.d" -MT"Drivers/STM32G0xx_HAL_Driver/Src/stm32g0xx_hal_dma.o" --specs=nano.specs -mfloat-abi=soft -mthumb -o "Drivers/STM32G0xx_HAL_Driver/Src/stm32g0xx_hal_dma.o"
arm-none-eabi-gcc "../Drivers/STM32G0xx_HAL_Driver/Src/stm32g0xx_hal_dma_ex.c" -mcpu=cortex-m0plus -std=gnu11 -g3 -DDEBUG -DUSE_HAL_DRIVER -DSTM32G071xx -c -I../Core/Inc -I"C:/Users/158276/STM32CubeIDE/Workspace_RTOS/FreeRTOS/001Task/Thirdparty/FreeRTOS/include" -I"C:/Users/158276/STM32CubeIDE/Workspace_RTOS/FreeRTOS/001Task/Thirdparty/FreeRTOS/portable/GCC/ARM_CM0" -I"C:/Users/158276/STM32CubeIDE/Workspace_RTOS/FreeRTOS/001Task/Thirdparty/FreeRTOS" -I../Drivers/STM32G0xx_HAL_Driver/Inc -I../Drivers/STM32G0xx_HAL_Driver/Inc/Legacy -I../Drivers/CMSIS/Device/ST/STM32G0xx/Include -I../Drivers/CMSIS/Include -O0 -ffunction-sections -fdata-sections -Wall -fstack-usage -MMD -MP -MF"Drivers/STM32G0xx_HAL_Driver/Src/stm32g0xx_hal_dma_ex.d" -MT"Drivers/STM32G0xx_HAL_Driver/Src/stm32g0xx_hal_dma_ex.o" --specs=nano.specs -mfloat-abi=soft -mthumb -o "Drivers/STM32G0xx_HAL_Driver/Src/stm32g0xx_hal_dma_ex.o"
arm-none-eabi-gcc "../Drivers/STM32G0xx_HAL_Driver/Src/stm32g0xx_hal_exti.c" -mcpu=cortex-m0plus -std=gnu11 -g3 -DDEBUG -DUSE_HAL_DRIVER -DSTM32G071xx -c -I../Core/Inc -I"C:/Users/158276/STM32CubeIDE/Workspace_RTOS/FreeRTOS/001Task/Thirdparty/FreeRTOS/include" -I"C:/Users/158276/STM32CubeIDE/Workspace_RTOS/FreeRTOS/001Task/Thirdparty/FreeRTOS/portable/GCC/ARM_CM0" -I"C:/Users/158276/STM32CubeIDE/Workspace_RTOS/FreeRTOS/001Task/Thirdparty/FreeRTOS" -I../Drivers/STM32G0xx_HAL_Driver/Inc -I../Drivers/STM32G0xx_HAL_Driver/Inc/Legacy -I../Drivers/CMSIS/Device/ST/STM32G0xx/Include -I../Drivers/CMSIS/Include -O0 -ffunction-sections -fdata-sections -Wall -fstack-usage -MMD -MP -MF"Drivers/STM32G0xx_HAL_Driver/Src/stm32g0xx_hal_exti.d" -MT"Drivers/STM32G0xx_HAL_Driver/Src/stm32g0xx_hal_exti.o" --specs=nano.specs -mfloat-abi=soft -mthumb -o "Drivers/STM32G0xx_HAL_Driver/Src/stm32g0xx_hal_exti.o"
arm-none-eabi-gcc "../Drivers/STM32G0xx_HAL_Driver/Src/stm32g0xx_hal_flash.c" -mcpu=cortex-m0plus -std=gnu11 -g3 -DDEBUG -DUSE_HAL_DRIVER -DSTM32G071xx -c -I../Core/Inc -I"C:/Users/158276/STM32CubeIDE/Workspace_RTOS/FreeRTOS/001Task/Thirdparty/FreeRTOS/include" -I"C:/Users/158276/STM32CubeIDE/Workspace_RTOS/FreeRTOS/001Task/Thirdparty/FreeRTOS/portable/GCC/ARM_CM0" -I"C:/Users/158276/STM32CubeIDE/Workspace_RTOS/FreeRTOS/001Task/Thirdparty/FreeRTOS" -I../Drivers/STM32G0xx_HAL_Driver/Inc -I../Drivers/STM32G0xx_HAL_Driver/Inc/Legacy -I../Drivers/CMSIS/Device/ST/STM32G0xx/Include -I../Drivers/CMSIS/Include -O0 -ffunction-sections -fdata-sections -Wall -fstack-usage -MMD -MP -MF"Drivers/STM32G0xx_HAL_Driver/Src/stm32g0xx_hal_flash.d" -MT"Drivers/STM32G0xx_HAL_Driver/Src/stm32g0xx_hal_flash.o" --specs=nano.specs -mfloat-abi=soft -mthumb -o "Drivers/STM32G0xx_HAL_Driver/Src/stm32g0xx_hal_flash.o"
arm-none-eabi-gcc "../Drivers/STM32G0xx_HAL_Driver/Src/stm32g0xx_hal_flash_ex.c" -mcpu=cortex-m0plus -std=gnu11 -g3 -DDEBUG -DUSE_HAL_DRIVER -DSTM32G071xx -c -I../Core/Inc -I"C:/Users/158276/STM32CubeIDE/Workspace_RTOS/FreeRTOS/001Task/Thirdparty/FreeRTOS/include" -I"C:/Users/158276/STM32CubeIDE/Workspace_RTOS/FreeRTOS/001Task/Thirdparty/FreeRTOS/portable/GCC/ARM_CM0" -I"C:/Users/158276/STM32CubeIDE/Workspace_RTOS/FreeRTOS/001Task/Thirdparty/FreeRTOS" -I../Drivers/STM32G0xx_HAL_Driver/Inc -I../Drivers/STM32G0xx_HAL_Driver/Inc/Legacy -I../Drivers/CMSIS/Device/ST/STM32G0xx/Include -I../Drivers/CMSIS/Include -O0 -ffunction-sections -fdata-sections -Wall -fstack-usage -MMD -MP -MF"Drivers/STM32G0xx_HAL_Driver/Src/stm32g0xx_hal_flash_ex.d" -MT"Drivers/STM32G0xx_HAL_Driver/Src/stm32g0xx_hal_flash_ex.o" --specs=nano.specs -mfloat-abi=soft -mthumb -o "Drivers/STM32G0xx_HAL_Driver/Src/stm32g0xx_hal_flash_ex.o"
arm-none-eabi-gcc "../Drivers/STM32G0xx_HAL_Driver/Src/stm32g0xx_hal_gpio.c" -mcpu=cortex-m0plus -std=gnu11 -g3 -DDEBUG -DUSE_HAL_DRIVER -DSTM32G071xx -c -I../Core/Inc -I"C:/Users/158276/STM32CubeIDE/Workspace_RTOS/FreeRTOS/001Task/Thirdparty/FreeRTOS/include" -I"C:/Users/158276/STM32CubeIDE/Workspace_RTOS/FreeRTOS/001Task/Thirdparty/FreeRTOS/portable/GCC/ARM_CM0" -I"C:/Users/158276/STM32CubeIDE/Workspace_RTOS/FreeRTOS/001Task/Thirdparty/FreeRTOS" -I../Drivers/STM32G0xx_HAL_Driver/Inc -I../Drivers/STM32G0xx_HAL_Driver/Inc/Legacy -I../Drivers/CMSIS/Device/ST/STM32G0xx/Include -I../Drivers/CMSIS/Include -O0 -ffunction-sections -fdata-sections -Wall -fstack-usage -MMD -MP -MF"Drivers/STM32G0xx_HAL_Driver/Src/stm32g0xx_hal_gpio.d" -MT"Drivers/STM32G0xx_HAL_Driver/Src/stm32g0xx_hal_gpio.o" --specs=nano.specs -mfloat-abi=soft -mthumb -o "Drivers/STM32G0xx_HAL_Driver/Src/stm32g0xx_hal_gpio.o"
arm-none-eabi-gcc "../Drivers/STM32G0xx_HAL_Driver/Src/stm32g0xx_hal_pwr.c" -mcpu=cortex-m0plus -std=gnu11 -g3 -DDEBUG -DUSE_HAL_DRIVER -DSTM32G071xx -c -I../Core/Inc -I"C:/Users/158276/STM32CubeIDE/Workspace_RTOS/FreeRTOS/001Task/Thirdparty/FreeRTOS/include" -I"C:/Users/158276/STM32CubeIDE/Workspace_RTOS/FreeRTOS/001Task/Thirdparty/FreeRTOS/portable/GCC/ARM_CM0" -I"C:/Users/158276/STM32CubeIDE/Workspace_RTOS/FreeRTOS/001Task/Thirdparty/FreeRTOS" -I../Drivers/STM32G0xx_HAL_Driver/Inc -I../Drivers/STM32G0xx_HAL_Driver/Inc/Legacy -I../Drivers/CMSIS/Device/ST/STM32G0xx/Include -I../Drivers/CMSIS/Include -O0 -ffunction-sections -fdata-sections -Wall -fstack-usage -MMD -MP -MF"Drivers/STM32G0xx_HAL_Driver/Src/stm32g0xx_hal_pwr.d" -MT"Drivers/STM32G0xx_HAL_Driver/Src/stm32g0xx_hal_pwr.o" --specs=nano.specs -mfloat-abi=soft -mthumb -o "Drivers/STM32G0xx_HAL_Driver/Src/stm32g0xx_hal_pwr.o"
arm-none-eabi-gcc "../Drivers/STM32G0xx_HAL_Driver/Src/stm32g0xx_hal_pwr_ex.c" -mcpu=cortex-m0plus -std=gnu11 -g3 -DDEBUG -DUSE_HAL_DRIVER -DSTM32G071xx -c -I../Core/Inc -I"C:/Users/158276/STM32CubeIDE/Workspace_RTOS/FreeRTOS/001Task/Thirdparty/FreeRTOS/include" -I"C:/Users/158276/STM32CubeIDE/Workspace_RTOS/FreeRTOS/001Task/Thirdparty/FreeRTOS/portable/GCC/ARM_CM0" -I"C:/Users/158276/STM32CubeIDE/Workspace_RTOS/FreeRTOS/001Task/Thirdparty/FreeRTOS" -I../Drivers/STM32G0xx_HAL_Driver/Inc -I../Drivers/STM32G0xx_HAL_Driver/Inc/Legacy -I../Drivers/CMSIS/Device/ST/STM32G0xx/Include -I../Drivers/CMSIS/Include -O0 -ffunction-sections -fdata-sections -Wall -fstack-usage -MMD -MP -MF"Drivers/STM32G0xx_HAL_Driver/Src/stm32g0xx_hal_pwr_ex.d" -MT"Drivers/STM32G0xx_HAL_Driver/Src/stm32g0xx_hal_pwr_ex.o" --specs=nano.specs -mfloat-abi=soft -mthumb -o "Drivers/STM32G0xx_HAL_Driver/Src/stm32g0xx_hal_pwr_ex.o"
arm-none-eabi-gcc "../Drivers/STM32G0xx_HAL_Driver/Src/stm32g0xx_hal_rcc.c" -mcpu=cortex-m0plus -std=gnu11 -g3 -DDEBUG -DUSE_HAL_DRIVER -DSTM32G071xx -c -I../Core/Inc -I"C:/Users/158276/STM32CubeIDE/Workspace_RTOS/FreeRTOS/001Task/Thirdparty/FreeRTOS/include" -I"C:/Users/158276/STM32CubeIDE/Workspace_RTOS/FreeRTOS/001Task/Thirdparty/FreeRTOS/portable/GCC/ARM_CM0" -I"C:/Users/158276/STM32CubeIDE/Workspace_RTOS/FreeRTOS/001Task/Thirdparty/FreeRTOS" -I../Drivers/STM32G0xx_HAL_Driver/Inc -I../Drivers/STM32G0xx_HAL_Driver/Inc/Legacy -I../Drivers/CMSIS/Device/ST/STM32G0xx/Include -I../Drivers/CMSIS/Include -O0 -ffunction-sections -fdata-sections -Wall -fstack-usage -MMD -MP -MF"Drivers/STM32G0xx_HAL_Driver/Src/stm32g0xx_hal_rcc.d" -MT"Drivers/STM32G0xx_HAL_Driver/Src/stm32g0xx_hal_rcc.o" --specs=nano.specs -mfloat-abi=soft -mthumb -o "Drivers/STM32G0xx_HAL_Driver/Src/stm32g0xx_hal_rcc.o"
arm-none-eabi-gcc "../Drivers/STM32G0xx_HAL_Driver/Src/stm32g0xx_hal_rcc_ex.c" -mcpu=cortex-m0plus -std=gnu11 -g3 -DDEBUG -DUSE_HAL_DRIVER -DSTM32G071xx -c -I../Core/Inc -I"C:/Users/158276/STM32CubeIDE/Workspace_RTOS/FreeRTOS/001Task/Thirdparty/FreeRTOS/include" -I"C:/Users/158276/STM32CubeIDE/Workspace_RTOS/FreeRTOS/001Task/Thirdparty/FreeRTOS/portable/GCC/ARM_CM0" -I"C:/Users/158276/STM32CubeIDE/Workspace_RTOS/FreeRTOS/001Task/Thirdparty/FreeRTOS" -I../Drivers/STM32G0xx_HAL_Driver/Inc -I../Drivers/STM32G0xx_HAL_Driver/Inc/Legacy -I../Drivers/CMSIS/Device/ST/STM32G0xx/Include -I../Drivers/CMSIS/Include -O0 -ffunction-sections -fdata-sections -Wall -fstack-usage -MMD -MP -MF"Drivers/STM32G0xx_HAL_Driver/Src/stm32g0xx_hal_rcc_ex.d" -MT"Drivers/STM32G0xx_HAL_Driver/Src/stm32g0xx_hal_rcc_ex.o" --specs=nano.specs -mfloat-abi=soft -mthumb -o "Drivers/STM32G0xx_HAL_Driver/Src/stm32g0xx_hal_rcc_ex.o"
arm-none-eabi-gcc "../Drivers/STM32G0xx_HAL_Driver/Src/stm32g0xx_hal_tim.c" -mcpu=cortex-m0plus -std=gnu11 -g3 -DDEBUG -DUSE_HAL_DRIVER -DSTM32G071xx -c -I../Core/Inc -I"C:/Users/158276/STM32CubeIDE/Workspace_RTOS/FreeRTOS/001Task/Thirdparty/FreeRTOS/include" -I"C:/Users/158276/STM32CubeIDE/Workspace_RTOS/FreeRTOS/001Task/Thirdparty/FreeRTOS/portable/GCC/ARM_CM0" -I"C:/Users/158276/STM32CubeIDE/Workspace_RTOS/FreeRTOS/001Task/Thirdparty/FreeRTOS" -I../Drivers/STM32G0xx_HAL_Driver/Inc -I../Drivers/STM32G0xx_HAL_Driver/Inc/Legacy -I../Drivers/CMSIS/Device/ST/STM32G0xx/Include -I../Drivers/CMSIS/Include -O0 -ffunction-sections -fdata-sections -Wall -fstack-usage -MMD -MP -MF"Drivers/STM32G0xx_HAL_Driver/Src/stm32g0xx_hal_tim.d" -MT"Drivers/STM32G0xx_HAL_Driver/Src/stm32g0xx_hal_tim.o" --specs=nano.specs -mfloat-abi=soft -mthumb -o "Drivers/STM32G0xx_HAL_Driver/Src/stm32g0xx_hal_tim.o"
arm-none-eabi-gcc "../Drivers/STM32G0xx_HAL_Driver/Src/stm32g0xx_hal_tim_ex.c" -mcpu=cortex-m0plus -std=gnu11 -g3 -DDEBUG -DUSE_HAL_DRIVER -DSTM32G071xx -c -I../Core/Inc -I"C:/Users/158276/STM32CubeIDE/Workspace_RTOS/FreeRTOS/001Task/Thirdparty/FreeRTOS/include" -I"C:/Users/158276/STM32CubeIDE/Workspace_RTOS/FreeRTOS/001Task/Thirdparty/FreeRTOS/portable/GCC/ARM_CM0" -I"C:/Users/158276/STM32CubeIDE/Workspace_RTOS/FreeRTOS/001Task/Thirdparty/FreeRTOS" -I../Drivers/STM32G0xx_HAL_Driver/Inc -I../Drivers/STM32G0xx_HAL_Driver/Inc/Legacy -I../Drivers/CMSIS/Device/ST/STM32G0xx/Include -I../Drivers/CMSIS/Include -O0 -ffunction-sections -fdata-sections -Wall -fstack-usage -MMD -MP -MF"Drivers/STM32G0xx_HAL_Driver/Src/stm32g0xx_hal_tim_ex.d" -MT"Drivers/STM32G0xx_HAL_Driver/Src/stm32g0xx_hal_tim_ex.o" --specs=nano.specs -mfloat-abi=soft -mthumb -o "Drivers/STM32G0xx_HAL_Driver/Src/stm32g0xx_hal_tim_ex.o"
arm-none-eabi-gcc "../Drivers/STM32G0xx_HAL_Driver/Src/stm32g0xx_ll_dma.c" -mcpu=cortex-m0plus -std=gnu11 -g3 -DDEBUG -DUSE_HAL_DRIVER -DSTM32G071xx -c -I../Core/Inc -I"C:/Users/158276/STM32CubeIDE/Workspace_RTOS/FreeRTOS/001Task/Thirdparty/FreeRTOS/include" -I"C:/Users/158276/STM32CubeIDE/Workspace_RTOS/FreeRTOS/001Task/Thirdparty/FreeRTOS/portable/GCC/ARM_CM0" -I"C:/Users/158276/STM32CubeIDE/Workspace_RTOS/FreeRTOS/001Task/Thirdparty/FreeRTOS" -I../Drivers/STM32G0xx_HAL_Driver/Inc -I../Drivers/STM32G0xx_HAL_Driver/Inc/Legacy -I../Drivers/CMSIS/Device/ST/STM32G0xx/Include -I../Drivers/CMSIS/Include -O0 -ffunction-sections -fdata-sections -Wall -fstack-usage -MMD -MP -MF"Drivers/STM32G0xx_HAL_Driver/Src/stm32g0xx_ll_dma.d" -MT"Drivers/STM32G0xx_HAL_Driver/Src/stm32g0xx_ll_dma.o" --specs=nano.specs -mfloat-abi=soft -mthumb -o "Drivers/STM32G0xx_HAL_Driver/Src/stm32g0xx_ll_dma.o"
arm-none-eabi-gcc "../Drivers/STM32G0xx_HAL_Driver/Src/stm32g0xx_ll_rcc.c" -mcpu=cortex-m0plus -std=gnu11 -g3 -DDEBUG -DUSE_HAL_DRIVER -DSTM32G071xx -c -I../Core/Inc -I"C:/Users/158276/STM32CubeIDE/Workspace_RTOS/FreeRTOS/001Task/Thirdparty/FreeRTOS/include" -I"C:/Users/158276/STM32CubeIDE/Workspace_RTOS/FreeRTOS/001Task/Thirdparty/FreeRTOS/portable/GCC/ARM_CM0" -I"C:/Users/158276/STM32CubeIDE/Workspace_RTOS/FreeRTOS/001Task/Thirdparty/FreeRTOS" -I../Drivers/STM32G0xx_HAL_Driver/Inc -I../Drivers/STM32G0xx_HAL_Driver/Inc/Legacy -I../Drivers/CMSIS/Device/ST/STM32G0xx/Include -I../Drivers/CMSIS/Include -O0 -ffunction-sections -fdata-sections -Wall -fstack-usage -MMD -MP -MF"Drivers/STM32G0xx_HAL_Driver/Src/stm32g0xx_ll_rcc.d" -MT"Drivers/STM32G0xx_HAL_Driver/Src/stm32g0xx_ll_rcc.o" --specs=nano.specs -mfloat-abi=soft -mthumb -o "Drivers/STM32G0xx_HAL_Driver/Src/stm32g0xx_ll_rcc.o"
arm-none-eabi-gcc -mcpu=cortex-m0plus -g3 -DDEBUG -c -x assembler-with-cpp -MMD -MP -MF"Core/Startup/startup_stm32g071rbtx.d" -MT"Core/Startup/startup_stm32g071rbtx.o" --specs=nano.specs -mfloat-abi=soft -mthumb -o "Core/Startup/startup_stm32g071rbtx.o" "../Core/Startup/startup_stm32g071rbtx.s"
arm-none-eabi-gcc "../Core/Src/main.c" -mcpu=cortex-m0plus -std=gnu11 -g3 -DDEBUG -DUSE_HAL_DRIVER -DSTM32G071xx -c -I../Core/Inc -I"C:/Users/158276/STM32CubeIDE/Workspace_RTOS/FreeRTOS/001Task/Thirdparty/FreeRTOS/include" -I"C:/Users/158276/STM32CubeIDE/Workspace_RTOS/FreeRTOS/001Task/Thirdparty/FreeRTOS/portable/GCC/ARM_CM0" -I"C:/Users/158276/STM32CubeIDE/Workspace_RTOS/FreeRTOS/001Task/Thirdparty/FreeRTOS" -I../Drivers/STM32G0xx_HAL_Driver/Inc -I../Drivers/STM32G0xx_HAL_Driver/Inc/Legacy -I../Drivers/CMSIS/Device/ST/STM32G0xx/Include -I../Drivers/CMSIS/Include -O0 -ffunction-sections -fdata-sections -Wall -fstack-usage -MMD -MP -MF"Core/Src/main.d" -MT"Core/Src/main.o" --specs=nano.specs -mfloat-abi=soft -mthumb -o "Core/Src/main.o"
arm-none-eabi-gcc "../Core/Src/stm32g0xx_hal_msp.c" -mcpu=cortex-m0plus -std=gnu11 -g3 -DDEBUG -DUSE_HAL_DRIVER -DSTM32G071xx -c -I../Core/Inc -I"C:/Users/158276/STM32CubeIDE/Workspace_RTOS/FreeRTOS/001Task/Thirdparty/FreeRTOS/include" -I"C:/Users/158276/STM32CubeIDE/Workspace_RTOS/FreeRTOS/001Task/Thirdparty/FreeRTOS/portable/GCC/ARM_CM0" -I"C:/Users/158276/STM32CubeIDE/Workspace_RTOS/FreeRTOS/001Task/Thirdparty/FreeRTOS" -I../Drivers/STM32G0xx_HAL_Driver/Inc -I../Drivers/STM32G0xx_HAL_Driver/Inc/Legacy -I../Drivers/CMSIS/Device/ST/STM32G0xx/Include -I../Drivers/CMSIS/Include -O0 -ffunction-sections -fdata-sections -Wall -fstack-usage -MMD -MP -MF"Core/Src/stm32g0xx_hal_msp.d" -MT"Core/Src/stm32g0xx_hal_msp.o" --specs=nano.specs -mfloat-abi=soft -mthumb -o "Core/Src/stm32g0xx_hal_msp.o"
arm-none-eabi-gcc "../Core/Src/stm32g0xx_it.c" -mcpu=cortex-m0plus -std=gnu11 -g3 -DDEBUG -DUSE_HAL_DRIVER -DSTM32G071xx -c -I../Core/Inc -I"C:/Users/158276/STM32CubeIDE/Workspace_RTOS/FreeRTOS/001Task/Thirdparty/FreeRTOS/include" -I"C:/Users/158276/STM32CubeIDE/Workspace_RTOS/FreeRTOS/001Task/Thirdparty/FreeRTOS/portable/GCC/ARM_CM0" -I"C:/Users/158276/STM32CubeIDE/Workspace_RTOS/FreeRTOS/001Task/Thirdparty/FreeRTOS" -I../Drivers/STM32G0xx_HAL_Driver/Inc -I../Drivers/STM32G0xx_HAL_Driver/Inc/Legacy -I../Drivers/CMSIS/Device/ST/STM32G0xx/Include -I../Drivers/CMSIS/Include -O0 -ffunction-sections -fdata-sections -Wall -fstack-usage -MMD -MP -MF"Core/Src/stm32g0xx_it.d" -MT"Core/Src/stm32g0xx_it.o" --specs=nano.specs -mfloat-abi=soft -mthumb -o "Core/Src/stm32g0xx_it.o"
arm-none-eabi-gcc "../Core/Src/syscalls.c" -mcpu=cortex-m0plus -std=gnu11 -g3 -DDEBUG -DUSE_HAL_DRIVER -DSTM32G071xx -c -I../Core/Inc -I"C:/Users/158276/STM32CubeIDE/Workspace_RTOS/FreeRTOS/001Task/Thirdparty/FreeRTOS/include" -I"C:/Users/158276/STM32CubeIDE/Workspace_RTOS/FreeRTOS/001Task/Thirdparty/FreeRTOS/portable/GCC/ARM_CM0" -I"C:/Users/158276/STM32CubeIDE/Workspace_RTOS/FreeRTOS/001Task/Thirdparty/FreeRTOS" -I../Drivers/STM32G0xx_HAL_Driver/Inc -I../Drivers/STM32G0xx_HAL_Driver/Inc/Legacy -I../Drivers/CMSIS/Device/ST/STM32G0xx/Include -I../Drivers/CMSIS/Include -O0 -ffunction-sections -fdata-sections -Wall -fstack-usage -MMD -MP -MF"Core/Src/syscalls.d" -MT"Core/Src/syscalls.o" --specs=nano.specs -mfloat-abi=soft -mthumb -o "Core/Src/syscalls.o"
arm-none-eabi-gcc "../Core/Src/sysmem.c" -mcpu=cortex-m0plus -std=gnu11 -g3 -DDEBUG -DUSE_HAL_DRIVER -DSTM32G071xx -c -I../Core/Inc -I"C:/Users/158276/STM32CubeIDE/Workspace_RTOS/FreeRTOS/001Task/Thirdparty/FreeRTOS/include" -I"C:/Users/158276/STM32CubeIDE/Workspace_RTOS/FreeRTOS/001Task/Thirdparty/FreeRTOS/portable/GCC/ARM_CM0" -I"C:/Users/158276/STM32CubeIDE/Workspace_RTOS/FreeRTOS/001Task/Thirdparty/FreeRTOS" -I../Drivers/STM32G0xx_HAL_Driver/Inc -I../Drivers/STM32G0xx_HAL_Driver/Inc/Legacy -I../Drivers/CMSIS/Device/ST/STM32G0xx/Include -I../Drivers/CMSIS/Include -O0 -ffunction-sections -fdata-sections -Wall -fstack-usage -MMD -MP -MF"Core/Src/sysmem.d" -MT"Core/Src/sysmem.o" --specs=nano.specs -mfloat-abi=soft -mthumb -o "Core/Src/sysmem.o"
arm-none-eabi-gcc "../Core/Src/system_stm32g0xx.c" -mcpu=cortex-m0plus -std=gnu11 -g3 -DDEBUG -DUSE_HAL_DRIVER -DSTM32G071xx -c -I../Core/Inc -I"C:/Users/158276/STM32CubeIDE/Workspace_RTOS/FreeRTOS/001Task/Thirdparty/FreeRTOS/include" -I"C:/Users/158276/STM32CubeIDE/Workspace_RTOS/FreeRTOS/001Task/Thirdparty/FreeRTOS/portable/GCC/ARM_CM0" -I"C:/Users/158276/STM32CubeIDE/Workspace_RTOS/FreeRTOS/001Task/Thirdparty/FreeRTOS" -I../Drivers/STM32G0xx_HAL_Driver/Inc -I../Drivers/STM32G0xx_HAL_Driver/Inc/Legacy -I../Drivers/CMSIS/Device/ST/STM32G0xx/Include -I../Drivers/CMSIS/Include -O0 -ffunction-sections -fdata-sections -Wall -fstack-usage -MMD -MP -MF"Core/Src/system_stm32g0xx.d" -MT"Core/Src/system_stm32g0xx.o" --specs=nano.specs -mfloat-abi=soft -mthumb -o "Core/Src/system_stm32g0xx.o"
arm-none-eabi-gcc -o "STM32_FreeRTOS_Crt_Sema_Tasks.elf" @"objects.list"   -mcpu=cortex-m0plus -T"C:\Users\158276\STM32CubeIDE\Workspace_RTOS\FreeRTOS\STM32_FreeRTOS_Crt_Sema_Tasks\STM32G071RBTX_FLASH.ld" --specs=nosys.specs -Wl,-Map="STM32_FreeRTOS_Crt_Sema_Tasks.map" -Wl,--gc-sections -static --specs=nano.specs -mfloat-abi=soft -mthumb -Wl,--start-group -lc -lm -Wl,--end-group
Finished building target: STM32_FreeRTOS_Crt_Sema_Tasks.elf
 
arm-none-eabi-size   STM32_FreeRTOS_Crt_Sema_Tasks.elf 
arm-none-eabi-objdump -h -S  STM32_FreeRTOS_Crt_Sema_Tasks.elf  > "STM32_FreeRTOS_Crt_Sema_Tasks.list"
arm-none-eabi-objcopy  -O binary  STM32_FreeRTOS_Crt_Sema_Tasks.elf  "STM32_FreeRTOS_Crt_Sema_Tasks.bin"
   text	   data	    bss	    dec	    hex	filename
   6104	     20	   2732	   8856	   2298	STM32_FreeRTOS_Crt_Sema_Tasks.elf
Finished building: default.size.stdout
 
Finished building: STM32_FreeRTOS_Crt_Sema_Tasks.bin
 
Finished building: STM32_FreeRTOS_Crt_Sema_Tasks.list
 

11:06:47 Build Finished. 0 errors, 0 warnings. (took 3s.220ms)

