12:30:25 **** Incremental Build of configuration Debug for project TTL_to_UART ****
make -j8 all 
arm-none-eabi-gcc "../Core/Src/main.c" -mcpu=cortex-m0plus -std=gnu11 -g3 -DDEBUG -DUSE_HAL_DRIVER -DSTM32G071xx -c -I../Core/Inc -I../Drivers/STM32G0xx_HAL_Driver/Inc -I../Drivers/STM32G0xx_HAL_Driver/Inc/Legacy -I../Drivers/CMSIS/Device/ST/STM32G0xx/Include -I../Drivers/CMSIS/Include -O0 -ffunction-sections -fdata-sections -Wall -fstack-usage -MMD -MP -MF"Core/Src/main.d" -MT"Core/Src/main.o" --specs=nano.specs -mfloat-abi=soft -mthumb -o "Core/Src/main.o"
../Core/Src/main.c: In function 'main':
../Core/Src/main.c:99:30: warning: pointer targets in passing argument 2 of 'HAL_UART_Transmit' differ in signedness [-Wpointer-sign]
   99 |    HAL_UART_Transmit(&huart1,"UART1 Hello\r\n", sizeof("UART1 Hello\r\n"), 1000);
      |                              ^~~~~~~~~~~~~~~~~
      |                              |
      |                              char *
In file included from ../Core/Inc/stm32g0xx_hal_conf.h:318,
                 from ../Drivers/STM32G0xx_HAL_Driver/Inc/stm32g0xx_hal.h:29,
                 from ../Core/Inc/main.h:31,
                 from ../Core/Src/main.c:21:
../Drivers/STM32G0xx_HAL_Driver/Inc/stm32g0xx_hal_uart.h:1610:79: note: expected 'const uint8_t *' {aka 'const unsigned char *'} but argument is of type 'char *'
 1610 | HAL_StatusTypeDef HAL_UART_Transmit(UART_HandleTypeDef *huart, const uint8_t *pData, uint16_t Size, uint32_t Timeout);
      |                                                                ~~~~~~~~~~~~~~~^~~~~
arm-none-eabi-gcc -o "TTL_to_UART.elf" @"objects.list"   -mcpu=cortex-m0plus -T"C:\Users\158276\STM32CubeIDE\Workspace_RTOS\FreeRTOS\TTL_to_UART\STM32G071RBTX_FLASH.ld" --specs=nosys.specs -Wl,-Map="TTL_to_UART.map" -Wl,--gc-sections -static --specs=nano.specs -mfloat-abi=soft -mthumb -Wl,--start-group -lc -lm -Wl,--end-group
Finished building target: TTL_to_UART.elf
 
arm-none-eabi-size   TTL_to_UART.elf 
arm-none-eabi-objdump -h -S  TTL_to_UART.elf  > "TTL_to_UART.list"
arm-none-eabi-objcopy  -O binary  TTL_to_UART.elf  "TTL_to_UART.bin"
   text	   data	    bss	    dec	    hex	filename
  11184	     20	   1716	  12920	   3278	TTL_to_UART.elf
Finished building: default.size.stdout
 
Finished building: TTL_to_UART.list
 
Finished building: TTL_to_UART.bin
 

12:30:29 Build Finished. 0 errors, 1 warnings. (took 3s.51ms)

