20:09:37 **** Incremental Build of configuration Debug for project 001Task ****
make -j8 all 
arm-none-eabi-gcc "../Core/Src/main.c" -mcpu=cortex-m0plus -std=gnu11 -g3 -DDEBUG -DUSE_HAL_DRIVER -DSTM32G071xx -c -I../Core/Inc -I"C:/Users/158276/STM32CubeIDE/workspace/RTOS_workspace/001Task/Third_party/FreeRTOS/include" -I"C:/Users/158276/STM32CubeIDE/workspace/RTOS_workspace/001Task/Third_party/FreeRTOS/portable/GCC/ARM_CM0" -I"C:/Users/158276/STM32CubeIDE/workspace/RTOS_workspace/001Task/Third_party/FreeRTOS" -I../Drivers/STM32G0xx_HAL_Driver/Inc -I../Drivers/STM32G0xx_HAL_Driver/Inc/Legacy -I../Drivers/CMSIS/Device/ST/STM32G0xx/Include -I../Drivers/CMSIS/Include -O0 -ffunction-sections -fdata-sections -Wall -fstack-usage -MMD -MP -MF"Core/Src/main.d" -MT"Core/Src/main.o" --specs=nano.specs -mfloat-abi=soft -mthumb -o "Core/Src/main.o"
arm-none-eabi-gcc -o "001Task.elf" @"objects.list"   -mcpu=cortex-m0plus -T"C:\Users\158276\STM32CubeIDE\workspace\RTOS_workspace\001Task\STM32G071RBTX_FLASH.ld" --specs=nosys.specs -Wl,-Map="001Task.map" -Wl,--gc-sections -static --specs=nano.specs -mfloat-abi=soft -mthumb -Wl,--start-group -lc -lm -Wl,--end-group
Finished building target: 001Task.elf
 
arm-none-eabi-size   001Task.elf 
arm-none-eabi-objdump -h -S  001Task.elf  > "001Task.list"
   text	   data	    bss	    dec	    hex	filename
  15216	     28	   9220	  24464	   5f90	001Task.elf
arm-none-eabi-objcopy  -O binary  001Task.elf  "001Task.bin"
Finished building: default.size.stdout
 
Finished building: 001Task.bin
 
Finished building: 001Task.list
 

20:09:39 Build Finished. 0 errors, 0 warnings. (took 2s.127ms)

