18:29:19 **** Incremental Build of configuration Debug for project 01_blinkled ****
make -j8 all 
arm-none-eabi-gcc "../Src/main.c" -mcpu=cortex-m4 -std=gnu11 -g3 -DDEBUG -DSTM32L4 -DSTM32 -DB_L475E_IOT01A1 -DSTM32L475VGTx -c -I../Inc -O0 -ffunction-sections -fdata-sections -Wall -fstack-usage -MMD -MP -MF"Src/main.d" -MT"Src/main.o" --specs=nano.specs -mfloat-abi=soft -mthumb -o "Src/main.o"
arm-none-eabi-gcc -o "01_blinkled.elf" @"objects.list"   -mcpu=cortex-m4 -T"C:\Users\158276\STM32CubeIDE\workspace_1.7.0\01_blinkLed\STM32L475VGTX_FLASH.ld" --specs=nosys.specs -Wl,-Map="01_blinkled.map" -Wl,--gc-sections -static --specs=nano.specs -mfloat-abi=soft -mthumb -Wl,--start-group -lc -lm -Wl,--end-group
Finished building target: 01_blinkled.elf
 
arm-none-eabi-size   01_blinkled.elf 
arm-none-eabi-objdump -h -S  01_blinkled.elf  > "01_blinkled.list"
arm-none-eabi-objcopy  -O binary  01_blinkled.elf  "01_blinkled.bin"
   text	   data	    bss	    dec	    hex	filename
    752	      8	   1568	   2328	    918	01_blinkled.elf
Finished building: default.size.stdout
 
Finished building: 01_blinkled.bin
Finished building: 01_blinkled.list
 
 

18:29:20 Build Finished. 0 errors, 0 warnings. (took 1s.143ms)

