15:02:44 **** Build of configuration Debug for project assg1 ****
make -j8 all 
arm-none-eabi-gcc "../Src/main.c" -mcpu=cortex-m4 -std=gnu11 -g3 -DDEBUG -DSTM32L4 -DSTM32 -DB_L475E_IOT01A2 -DSTM32L475VGTx -c -I../Inc -O0 -ffunction-sections -fdata-sections -Wall -fstack-usage -MMD -MP -MF"Src/main.d" -MT"Src/main.o" --specs=nano.specs -mfpu=fpv4-sp-d16 -mfloat-abi=hard -mthumb -o "Src/main.o"
../Src/main.c:23:4: warning: #warning "FPU is not initialized, but the project is compiling for an FPU. Please initialize the FPU before use." [-Wcpp]
   23 |   #warning "FPU is not initialized, but the project is compiling for an FPU. Please initialize the FPU before use."
      |    ^~~~~~~
arm-none-eabi-gcc -o "assg1.elf" @"objects.list"   -mcpu=cortex-m4 -T"C:\Users\158276\STM32CubeIDE\workspace_1.7.0\assg1\STM32L475VGTX_FLASH.ld" --specs=nosys.specs -Wl,-Map="assg1.map" -Wl,--gc-sections -static --specs=nano.specs -mfpu=fpv4-sp-d16 -mfloat-abi=hard -mthumb -Wl,--start-group -lc -lm -Wl,--end-group
Finished building target: assg1.elf
 
arm-none-eabi-size   assg1.elf 
arm-none-eabi-objdump -h -S  assg1.elf  > "assg1.list"
arm-none-eabi-objcopy  -O binary  assg1.elf  "assg1.bin"
   text	   data	    bss	    dec	    hex	filename
    796	      8	   1568	   2372	    944	assg1.elf
Finished building: default.size.stdout
 
Finished building: assg1.list
 
Finished building: assg1.bin
 

15:02:48 Build Finished. 0 errors, 1 warnings. (took 4s.130ms)

