15:07:44 **** Incremental Build of configuration Debug for project assg33 ****
make -j8 all 
arm-none-eabi-gcc "../Src/main.c" -mcpu=cortex-m4 -std=gnu11 -g3 -DDEBUG -DSTM32L4 -DSTM32 -DB_L475E_IOT01A1 -DSTM32L475VGTx -c -I../Inc -O0 -ffunction-sections -fdata-sections -Wall -fstack-usage -MMD -MP -MF"Src/main.d" -MT"Src/main.o" --specs=nano.specs -mfloat-abi=soft -mthumb -o "Src/main.o"
arm-none-eabi-gcc -o "assg33.elf" @"objects.list"   -mcpu=cortex-m4 -T"C:\Users\158276\STM32CubeIDE\workspace_1.7.0\assg33\STM32L475VGTX_FLASH.ld" --specs=nosys.specs -Wl,-Map="assg33.map" -Wl,--gc-sections -static --specs=nano.specs -mfloat-abi=soft -mthumb -Wl,--start-group -lc -lm -Wl,--end-group
Finished building target: assg33.elf
 
arm-none-eabi-size   assg33.elf 
arm-none-eabi-objdump -h -S  assg33.elf  > "assg33.list"
arm-none-eabi-objcopy  -O binary  assg33.elf  "assg33.bin"
   text	   data	    bss	    dec	    hex	filename
    868	      8	   1568	   2444	    98c	assg33.elf
Finished building: default.size.stdout
 
Finished building: assg33.list
Finished building: assg33.bin
 
 

15:07:46 Build Finished. 0 errors, 0 warnings. (took 1s.577ms)

