16:33:22 **** Incremental Build of configuration Debug for project assg5 ****
make -j8 all 
arm-none-eabi-gcc "../Core/Src/main.c" -mcpu=cortex-m4 -std=gnu11 -g3 -DDEBUG -DUSE_HAL_DRIVER -DSTM32L475xx -c -I../Core/Inc -I../Drivers/STM32L4xx_HAL_Driver/Inc -I../Drivers/STM32L4xx_HAL_Driver/Inc/Legacy -I../Drivers/CMSIS/Device/ST/STM32L4xx/Include -I../Drivers/CMSIS/Include -O0 -ffunction-sections -fdata-sections -Wall -fstack-usage -MMD -MP -MF"Core/Src/main.d" -MT"Core/Src/main.o" --specs=nano.specs -mfpu=fpv4-sp-d16 -mfloat-abi=hard -mthumb -o "Core/Src/main.o"
../Core/Src/main.c: In function 'main':
../Core/Src/main.c:99:4: warning: implicit declaration of function 'printf' [-Wimplicit-function-declaration]
   99 |    printf("Button is pressed\n");
      |    ^~~~~~
../Core/Src/main.c:99:4: warning: incompatible implicit declaration of built-in function 'printf'
../Core/Src/main.c:22:1: note: include '<stdio.h>' or provide a declaration of 'printf'
   21 | #include "main.h"
  +++ |+#include <stdio.h>
   22 | 
../Core/Src/main.c:104:4: warning: incompatible implicit declaration of built-in function 'printf'
  104 |    printf("Button is not pressed\n");
      |    ^~~~~~
../Core/Src/main.c:104:4: note: include '<stdio.h>' or provide a declaration of 'printf'
arm-none-eabi-gcc -o "assg5.elf" @"objects.list"   -mcpu=cortex-m4 -T"C:\Users\158276\STM32CubeIDE\workspace_1.7.0\assg5\STM32L475VGTX_FLASH.ld" --specs=nosys.specs -Wl,-Map="assg5.map" -Wl,--gc-sections -static --specs=nano.specs -mfpu=fpv4-sp-d16 -mfloat-abi=hard -mthumb -Wl,--start-group -lc -lm -Wl,--end-group
Finished building target: assg5.elf
 
arm-none-eabi-size   assg5.elf 
arm-none-eabi-objdump -h -S  assg5.elf  > "assg5.list"
arm-none-eabi-objcopy  -O binary  assg5.elf  "assg5.bin"
   text	   data	    bss	    dec	    hex	filename
  10264	    120	   1600	  11984	   2ed0	assg5.elf
Finished building: default.size.stdout
 
Finished building: assg5.bin
 
Finished building: assg5.list
 

16:33:24 Build Finished. 0 errors, 3 warnings. (took 1s.893ms)

