13:30:09 **** Incremental Build of configuration Debug for project day4_timerInterrupt ****
make -j8 all 
arm-none-eabi-gcc "../Core/Src/main.c" -mcpu=cortex-m4 -std=gnu11 -g3 -DDEBUG -DUSE_HAL_DRIVER -DSTM32L475xx -c -I../Core/Inc -I../Drivers/STM32L4xx_HAL_Driver/Inc -I../Drivers/STM32L4xx_HAL_Driver/Inc/Legacy -I../Drivers/CMSIS/Device/ST/STM32L4xx/Include -I../Drivers/CMSIS/Include -O0 -ffunction-sections -fdata-sections -Wall -fstack-usage -MMD -MP -MF"Core/Src/main.d" -MT"Core/Src/main.o" --specs=nano.specs -mfpu=fpv4-sp-d16 -mfloat-abi=hard -mthumb -o "Core/Src/main.o"
arm-none-eabi-gcc -o "day4_timerInterrupt.elf" @"objects.list"   -mcpu=cortex-m4 -T"C:\Users\158276\STM32CubeIDE\workspace_1.7.0\day4_timerInterrupt\STM32L475VGTX_FLASH.ld" --specs=nosys.specs -Wl,-Map="day4_timerInterrupt.map" -Wl,--gc-sections -static --specs=nano.specs -mfpu=fpv4-sp-d16 -mfloat-abi=hard -mthumb -Wl,--start-group -lc -lm -Wl,--end-group
Finished building target: day4_timerInterrupt.elf
 
arm-none-eabi-size   day4_timerInterrupt.elf 
arm-none-eabi-objdump -h -S  day4_timerInterrupt.elf  > "day4_timerInterrupt.list"
arm-none-eabi-objcopy  -O binary  day4_timerInterrupt.elf  "day4_timerInterrupt.bin"
   text	   data	    bss	    dec	    hex	filename
  13284	    120	   1752	  15156	   3b34	day4_timerInterrupt.elf
Finished building: default.size.stdout
 
Finished building: day4_timerInterrupt.bin
 
Finished building: day4_timerInterrupt.list
 

13:30:12 Build Finished. 0 errors, 0 warnings. (took 2s.931ms)

